******************************************************************************
                  TI ARM Linker PC v16.9.6                     
******************************************************************************
>> Linked Fri Nov 17 14:53:13 2023

OUTPUT FILE NAME:   <Lab5_UARTComms.out>
ENTRY POINT SYMBOL: "_c_int00"  address: 000040cd


MEMORY CONFIGURATION

         name            origin    length      used     unused   attr    fill
----------------------  --------  ---------  --------  --------  ----  --------
  MAIN                  00000000   00040000  000044e4  0003bb1c  R  X
  INFO                  00200000   00004000  00000000  00004000  R  X
  SRAM_CODE             01000000   00010000  00003d5a  0000c2a6  RW X
  SRAM_DATA             20000000   00010000  00003d5a  0000c2a6  RW  


SEGMENT ALLOCATION MAP

run origin  load origin   length   init length attrs members
----------  ----------- ---------- ----------- ----- -------
00000000    00000000    000044e8   000044e8    r-x
  00000000    00000000    000000e4   000000e4    r-- .intvecs
  000000e4    000000e4    00004338   00004338    r-x .text
  0000441c    0000441c    00000020   00000020    r-- .const
  00004440    00004440    000000a8   000000a8    r-- .cinit
20000000    20000000    00003b5c   00000000    rw-
  20000000    20000000    00003526   00000000    rw- .bss
  20003528    20003528    00000400   00000000    rw- .sysmem
  20003928    20003928    00000234   00000000    rw- .data
2000fe00    2000fe00    00000200   00000000    rw-
  2000fe00    2000fe00    00000200   00000000    rw- .stack


SECTION ALLOCATION MAP

 output                                  attributes/
section   page    origin      length       input sections
--------  ----  ----------  ----------   ----------------
.intvecs   0    00000000    000000e4     
                  00000000    000000e4     startup_msp432p401r_ccs.obj (.intvecs:retain)

.binit     0    00000000    00000000     

.text      0    000000e4    00004338     
                  000000e4    00001098     Lab5_UARTmain.obj (.text)
                  0000117c    000006bc     UART0.obj (.text)
                  00001838    000005ba     EUSCIA0.obj (.text)
                  00001df2    00000002     rtsv7M4_T_le_v4SPD16_eabi.lib : mpu_init.obj (.text)
                  00001df4    000003d0                                   : memory.obj (.text)
                  000021c4    0000032c     system_msp432p401r.obj (.text)
                  000024f0    00000248     LPF.obj (.text)
                  00002738    0000022c     Reflectance.obj (.text)
                  00002964    00000210     FIFO0.obj (.text)
                  00002b74    000001e0     Clock.obj (.text)
                  00002d54    000001c4     rtsv7M4_T_le_v4SPD16_eabi.lib : fopen.obj (.text)
                  00002f18    000001b0     Motor.obj (.text)
                  000030c8    00000164     ADC14.obj (.text)
                  0000322c    00000104     TA3InputCapture.obj (.text)
                  00003330    000000fc     rtsv7M4_T_le_v4SPD16_eabi.lib : fd_mul_t2.obj (.text)
                  0000342c    000000f4     LaunchPad.obj (.text)
                  00003520    000000f0     BumpInt.obj (.text)
                  00003610    000000ec     PWM.obj (.text)
                  000036fc    000000dc     rtsv7M4_T_le_v4SPD16_eabi.lib : setvbuf.obj (.text)
                  000037d8    000000c8                                   : fflush.obj (.text)
                  000038a0    000000bc                                   : open.obj (.text)
                  0000395c    000000b8                                   : add_device.obj (.text)
                  00003a14    000000a8     TimerA1.obj (.text)
                  00003abc    0000009c     rtsv7M4_T_le_v4SPD16_eabi.lib : memcpy_t2.obj (.text)
                  00003b58    00000098                                   : fclose.obj (.text)
                  00003bf0    0000007a                                   : memset_t2.obj (.text)
                  00003c6a    00000002                                   : startup.obj (.text)
                  00003c6c    00000074     IRDistance.obj (.text)
                  00003ce0    00000070     rtsv7M4_T_le_v4SPD16_eabi.lib : autoinit.obj (.text)
                  00003d50    00000070                                   : getdevice.obj (.text)
                  00003dc0    00000068                                   : copy_decompress_lzss.obj (.text:decompress:lzss)
                  00003e28    00000068                                   : hostlseek.obj (.text)
                  00003e90    00000068                                   : hostrename.obj (.text)
                  00003ef8    00000068                                   : trgmsg.obj (.text)
                  00003f60    00000060                                   : hostopen.obj (.text)
                  00003fc0    0000005c                                   : close.obj (.text)
                  0000401c    00000058                                   : hostread.obj (.text)
                  00004074    00000058                                   : hostwrite.obj (.text)
                  000040cc    00000054                                   : boot.obj (.text)
                  00004120    00000054                                   : exit.obj (.text)
                  00004174    0000004c                                   : cpy_tbl.obj (.text)
                  000041c0    00000048                                   : fd_toi_t2.obj (.text)
                  00004208    00000044                                   : hostclose.obj (.text)
                  0000424c    00000044                                   : hostunlink.obj (.text)
                  00004290    00000036                                   : strncpy.obj (.text)
                  000042c6    0000002e                                   : i_tofd_t2.obj (.text)
                  000042f4    0000002c                                   : unlink.obj (.text)
                  00004320    00000028                                   : write.obj (.text)
                  00004348    00000024     CortexM.obj (.text)
                  0000436c    00000018     rtsv7M4_T_le_v4SPD16_eabi.lib : args_main.obj (.text)
                  00004384    00000018                                   : strcmp.obj (.text)
                  0000439c    00000016                                   : strchr.obj (.text)
                  000043b2    00000002     --HOLE-- [fill = 0]
                  000043b4    00000014                                   : _lock.obj (.text)
                  000043c8    00000014                                   : strcpy.obj (.text)
                  000043dc    00000014                                   : strlen.obj (.text)
                  000043f0    0000000e                                   : copy_decompress_none.obj (.text:decompress:none)
                  000043fe    0000000e     startup_msp432p401r_ccs.obj (.text)
                  0000440c    0000000c     rtsv7M4_T_le_v4SPD16_eabi.lib : copy_zero_init.obj (.text:decompress:ZI)
                  00004418    00000004                                   : pre_init.obj (.text)

.const     0    0000441c    00000020     
                  0000441c    00000020     Reflectance.obj (.const:$P$T0$1)

.cinit     0    00004440    000000a8     
                  00004440    00000084     (.cinit..data.load) [load image, compression = lzss]
                  000044c4    0000000c     (__TI_handler_table)
                  000044d0    00000008     (.cinit..bss.load) [load image, compression = zero_init]
                  000044d8    00000010     (__TI_cinit_table)

.init_array 
*          0    00000000    00000000     UNINITIALIZED

.bss       0    20000000    00003526     UNINITIALIZED
                  20000000    00001000     (.common:x)
                  20001000    00001000     (.common:x2)
                  20002000    00001000     (.common:x3)
                  20003000    00000200     (.common:TxHistogram)
                  20003200    00000120     rtsv7M4_T_le_v4SPD16_eabi.lib : trgmsg.obj (.bss:_CIOBUF_)
                  20003320    000000a0     (.common:__TI_tmpnams)
                  200033c0    00000082     (.common:RxFifo0)
                  20003442    00000082     (.common:TxFifo0)
                  200034c4    00000008     (.common:Messageb)
                  200034cc    00000008     (.common:Messagec)
                  200034d4    00000008     (.common:parmbuf)
                  200034dc    00000004     (.common:ADCflag)
                  200034e0    00000004     (.common:I1)
                  200034e4    00000004     (.common:I2)
                  200034e8    00000004     (.common:I3)
                  200034ec    00000004     (.common:LPFSum)
                  200034f0    00000004     (.common:LPFSum2)
                  200034f4    00000004     (.common:LPFSum3)
                  200034f8    00000004     (.common:Messageindexb)
                  200034fc    00000004     (.common:Messageindexc)
                  20003500    00000004     (.common:Port4Task)
                  20003504    00000004     (.common:Size)
                  20003508    00000004     (.common:Size2)
                  2000350c    00000004     (.common:Size3)
                  20003510    00000004     (.common:TimerA1Task)
                  20003514    00000004     (.common:nc)
                  20003518    00000004     (.common:nl)
                  2000351c    00000004     (.common:nr)
                  20003520    00000002     (.common:Period0)
                  20003522    00000002     (.common:Period2)
                  20003524    00000001     (.common:CollisionData)
                  20003525    00000001     (.common:CollisionFlag)

.sysmem    0    20003528    00000400     UNINITIALIZED
                  20003528    00000008     rtsv7M4_T_le_v4SPD16_eabi.lib : memory.obj (.sysmem)
                  20003530    000003f8     --HOLE--

.data      0    20003928    00000234     UNINITIALIZED
                  20003928    000000f0     rtsv7M4_T_le_v4SPD16_eabi.lib : defs.obj (.data:_ftable)
                  20003a18    00000078                                   : write.obj (.data:_device)
                  20003a90    00000050                                   : write.obj (.data:_stream)
                  20003ae0    00000018     Clock.obj (.data)
                  20003af8    00000018     Lab5_UARTmain.obj (.data)
                  20003b10    00000010     rtsv7M4_T_le_v4SPD16_eabi.lib : defs.obj (.data)
                  20003b20    0000000c                                   : exit.obj (.data:$O1$$)
                  20003b2c    0000000c                                   : memory.obj (.data:$O1$$)
                  20003b38    00000008                                   : _lock.obj (.data:$O1$$)
                  20003b40    00000008     TA3InputCapture.obj (.data)
                  20003b48    00000004     rtsv7M4_T_le_v4SPD16_eabi.lib : add_device.obj (.data)
                  20003b4c    00000004                                   : fopen.obj (.data)
                  20003b50    00000004                                   : open.obj (.data)
                  20003b54    00000004                                   : stkdepth_vars.obj (.data)
                  20003b58    00000004     system_msp432p401r.obj (.data)

.stack     0    2000fe00    00000200     UNINITIALIZED
                  2000fe00    00000200     --HOLE--

MODULE SUMMARY

       Module                        code    ro data   rw data
       ------                        ----    -------   -------
    .\
       LPF.obj                       584     0         24648  
       Lab5_UARTmain.obj             4248    0         92     
       FIFO0.obj                     528     0         1544   
       UART0.obj                     1724    0         24     
       EUSCIA0.obj                   1466    0         24     
       system_msp432p401r.obj        812     0         8      
       Reflectance.obj               556     32        0      
       Clock.obj                     480     0         48     
       Motor.obj                     432     0         0      
       ADC14.obj                     356     0         0      
       TA3InputCapture.obj           260     0         16     
       BumpInt.obj                   240     0         8      
       LaunchPad.obj                 244     0         0      
       startup_msp432p401r_ccs.obj   14      228       0      
       PWM.obj                       236     0         0      
       TimerA1.obj                   168     0         8      
       IRDistance.obj                116     0         0      
       CortexM.obj                   36      0         0      
    +--+-----------------------------+-------+---------+---------+
       Total:                        12500   260       26420  
                                                              
    C:\ti\ccsv7\tools\compiler\ti-cgt-arm_16.9.6.LTS\lib\rtsv7M4_T_le_v4SPD16_eabi.lib
       memory.obj                    976     0         24     
       defs.obj                      0       0         832    
       trgmsg.obj                    104     0         576    
       fopen.obj                     452     0         8      
       write.obj                     40      0         400    
       fd_mul_t2.obj                 252     0         0      
       setvbuf.obj                   220     0         0      
       fflush.obj                    200     0         0      
       open.obj                      188     0         8      
       add_device.obj                184     0         8      
       memcpy_t2.obj                 156     0         0      
       fclose.obj                    152     0         0      
       memset_t2.obj                 122     0         0      
       autoinit.obj                  112     0         0      
       getdevice.obj                 112     0         0      
       hostopen.obj                  96      0         16     
       exit.obj                      84      0         24     
       copy_decompress_lzss.obj      104     0         0      
       hostlseek.obj                 104     0         0      
       hostrename.obj                104     0         0      
       close.obj                     92      0         0      
       hostread.obj                  88      0         0      
       hostwrite.obj                 88      0         0      
       boot.obj                      84      0         0      
       cpy_tbl.obj                   76      0         0      
       fd_toi_t2.obj                 72      0         0      
       hostclose.obj                 68      0         0      
       hostunlink.obj                68      0         0      
       strncpy.obj                   54      0         0      
       i_tofd_t2.obj                 46      0         0      
       unlink.obj                    44      0         0      
       _lock.obj                     20      0         16     
       args_main.obj                 24      0         0      
       strcmp.obj                    24      0         0      
       strchr.obj                    22      0         0      
       strcpy.obj                    20      0         0      
       strlen.obj                    20      0         0      
       copy_decompress_none.obj      14      0         0      
       copy_zero_init.obj            12      0         0      
       stkdepth_vars.obj             0       0         8      
       pre_init.obj                  4       0         0      
       mpu_init.obj                  2       0         0      
       startup.obj                   2       0         0      
    +--+-----------------------------+-------+---------+---------+
       Total:                        4706    0         1920   
                                                              
       Heap:                         0       0         2048   
       Stack:                        0       0         1024   
       Linker Generated:             0       168       0      
    +--+-----------------------------+-------+---------+---------+
       Grand Total:                  17206   428       31412  


LINKER GENERATED COPY TABLES

__TI_cinit_table @ 000044d8 records: 2, size/record: 8, table size: 16
	.data: load addr=00004440, load size=00000084 bytes, run addr=20003928, run size=00000234 bytes, compression=lzss
	.bss: load addr=000044d0, load size=00000008 bytes, run addr=20000000, run size=00003526 bytes, compression=zero_init


LINKER GENERATED HANDLER TABLE

__TI_handler_table @ 000044c4 records: 3, size/record: 4, table size: 12
	index: 0, handler: __TI_decompress_lzss
	index: 1, handler: __TI_decompress_none
	index: 2, handler: __TI_zero_init


GLOBAL SYMBOLS: SORTED ALPHABETICALLY BY Name 

address   name                           
-------   ----                           
000030c9  ADC0_InitSWTriggerCh12         
00003139  ADC0_InitSWTriggerCh17_12_16   
0000440b  ADC14_IRQHandler               
00003119  ADC_In12                       
000031a9  ADC_In17_12_16                 
200034dc  ADCflag                        
0000440b  AES256_IRQHandler              
00003521  BumpInt_Init                   
0000359b  Bump_Read                      
0000440b  BusFault_Handler               
00004121  C$$EXIT                        
00003f27  C$$IO$$                        
0000440b  COMP_E0_IRQHandler             
0000440b  COMP_E1_IRQHandler             
20003ae8  CPMwait                        
0000440b  CS_IRQHandler                  
20003b40  CaptureTask0                   
20003b44  CaptureTask2                   
00003c91  CenterConvert                  
20003ae0  ClockFrequency                 
00002cc9  Clock_Delay1ms                 
00002c9f  Clock_Delay1us                 
00002c8b  Clock_GetFreq                  
00002b75  Clock_Init48MHz                
20003524  CollisionData                  
20003525  CollisionFlag                  
000001ed  ConvertCollisionData           
20003af4  Crystalstable                  
0000440b  DMA_ERR_IRQHandler             
0000440b  DMA_INT0_IRQHandler            
0000440b  DMA_INT1_IRQHandler            
0000440b  DMA_INT2_IRQHandler            
0000440b  DMA_INT3_IRQHandler            
0000440b  DebugMon_Handler               
0000440b  Default_Handler                
00004349  DisableInterrupts              
20003afc  Done0                          
20003b04  Done2                          
000018cb  EUSCIA0_IRQHandler             
000018cb  EUSCIA0_IRQHandler             
0000189f  EUSCIA0_InChar                 
00001d69  EUSCIA0_InString               
0000191f  EUSCIA0_InUDec                 
00001c1d  EUSCIA0_InUHex                 
00001839  EUSCIA0_Init                   
000018b1  EUSCIA0_OutChar                
00001901  EUSCIA0_OutString              
000019a3  EUSCIA0_OutUDec                
00001b35  EUSCIA0_OutUDec4               
00001b6d  EUSCIA0_OutUDec5               
00001ba9  EUSCIA0_OutUFix1               
00001bd1  EUSCIA0_OutUFix2               
00001ce5  EUSCIA0_OutUHex                
00001d4b  EUSCIA0_OutUHex2               
00001d29  EUSCIA0outnibble               
0000440b  EUSCIA1_IRQHandler             
0000440b  EUSCIA2_IRQHandler             
0000440b  EUSCIA3_IRQHandler             
0000440b  EUSCIB0_IRQHandler             
0000440b  EUSCIB1_IRQHandler             
0000440b  EUSCIB2_IRQHandler             
0000440b  EUSCIB3_IRQHandler             
0000434f  EnableInterrupts               
0000435f  EndCritical                    
0000440b  FLCTL_IRQHandler               
0000440b  FPU_IRQHandler                 
20003af8  First0                         
20003b00  First2                         
00004209  HOSTclose                      
00003e29  HOSTlseek                      
00003f61  HOSTopen                       
0000401d  HOSTread                       
00003e91  HOSTrename                     
0000424d  HOSTunlink                     
00004075  HOSTwrite                      
000001a1  HandleCollision                
0000440b  HardFault_Handler              
200034e0  I1                             
200034e4  I2                             
200034e8  I3                             
20003af0  IFlags                         
00000151  IRSensor_Init                  
200034ec  LPFSum                         
200034f0  LPFSum2                        
200034f4  LPFSum3                        
0000254f  LPF_Calc                       
00002601  LPF_Calc2                      
000026b3  LPF_Calc3                      
000024f1  LPF_Init                       
000025a3  LPF_Init2                      
00002655  LPF_Init3                      
0000342d  LaunchPad_Init                 
0000349d  LaunchPad_Input                
000034b7  LaunchPad_LED                  
000034d5  LaunchPad_Output               
00003c6d  LeftConvert                    
0000440b  MemManage_Handler              
200034c4  Messageb                       
200034cc  Messagec                       
200034f8  Messageindexb                  
200034fc  Messageindexc                  
00003069  Motor_Backward                 
00002fc5  Motor_Forward                  
00002f19  Motor_Init                     
0000302f  Motor_Left                     
00002ff5  Motor_Right                    
00002fa1  Motor_Stop                     
0000440b  NMI_Handler                    
0000440b  PCM_IRQHandler                 
0000440b  PORT1_IRQHandler               
0000440b  PORT2_IRQHandler               
0000440b  PORT3_IRQHandler               
000035d3  PORT4_IRQHandler               
000035d3  PORT4_IRQHandler               
0000440b  PORT5_IRQHandler               
0000440b  PORT6_IRQHandler               
0000440b  PSS_IRQHandler                 
00003695  PWM_Duty3                      
000036b5  PWM_Duty4                      
00003611  PWM_Init34                     
0000440b  PendSV_Handler                 
20003520  Period0                        
20003522  Period2                        
00000201  PeriodMeasure0                 
0000022f  PeriodMeasure2                 
20003500  Port4Task                      
00002749  Port5_Init                     
000027b1  Port7_Init                     
000027e7  Port7_InitToInput              
000027d1  Port7_Output_ChargeCap         
0000277d  Port9_Init                     
20003aec  Postwait                       
20003ae4  Prewait                        
000000e5  RSLK_Reset                     
0000440b  RTC_C_IRQHandler               
00002841  Reflectance_Center             
000028fd  Reflectance_End                
00002739  Reflectance_Init               
00002863  Reflectance_Position           
000027f3  Reflectance_Read               
000028d7  Reflectance_Start              
000043ff  Reset_Handler                  
00003cb5  RightConvert                   
200033c0  RxFifo0                        
00002adf  RxFifo0_Get                    
00002a85  RxFifo0_Init                   
00002a91  RxFifo0_Put                    
00002b1d  RxFifo0_Size                   
UNDEFED   SHT$$INIT_ARRAY$$Base          
UNDEFED   SHT$$INIT_ARRAY$$Limit         
0000440b  SVC_Handler                    
00000101  SensorRead_ISR                 
20003504  Size                           
20003508  Size2                          
2000350c  Size3                          
00004355  StartCritical                  
0000440b  SysTick_Handler                
20003b58  SystemCoreClock                
000021c5  SystemCoreClockUpdate          
00002439  SystemInit                     
0000440b  T32_INT1_IRQHandler            
0000440b  T32_INT2_IRQHandler            
0000440b  T32_INTC_IRQHandler            
0000440b  TA0_0_IRQHandler               
0000440b  TA0_N_IRQHandler               
00003a87  TA1_0_IRQHandler               
00003a87  TA1_0_IRQHandler               
0000440b  TA1_N_IRQHandler               
0000440b  TA2_0_IRQHandler               
0000440b  TA2_N_IRQHandler               
000032bf  TA3_0_IRQHandler               
000032bf  TA3_0_IRQHandler               
000032d9  TA3_N_IRQHandler               
000032d9  TA3_N_IRQHandler               
20003510  TimerA1Task                    
00003a15  TimerA1_Init                   
00003a73  TimerA1_Stop                   
00003239  TimerA3Capture_Init            
20003442  TxFifo0                        
000029f1  TxFifo0_Get                    
00002965  TxFifo0_Init                   
00002997  TxFifo0_Put                    
00002a2f  TxFifo0_Size                   
20003000  TxHistogram                    
000011c3  UART0_InChar                   
0000164d  UART0_InString                 
0000120d  UART0_InUDec                   
00001501  UART0_InUHex                   
0000117d  UART0_Init                     
000017ad  UART0_Initprintf               
000011d3  UART0_OutChar                  
000011ef  UART0_OutString                
00001291  UART0_OutUDec                  
000013fd  UART0_OutUDec4                 
00001451  UART0_OutUDec5                 
0000148d  UART0_OutUFix1                 
000014b5  UART0_OutUFix2                 
000015c5  UART0_OutUHex                  
00001631  UART0_OutUHex2                 
0000440b  UsageFault_Handler             
4000480c  WDTCTL_SYM                     
0000440b  WDT_A_IRQHandler               
00004367  WaitForInterrupt               
20003200  __CIOBUF_                      
20010000  __STACK_END                    
00000200  __STACK_SIZE                   
00000400  __SYSMEM_SIZE                  
000044d8  __TI_CINIT_Base                
000044e8  __TI_CINIT_Limit               
000044c4  __TI_Handler_Table_Base        
000044d0  __TI_Handler_Table_Limit       
00003ce1  __TI_auto_init                 
00002e1d  __TI_cleanup                   
20003b20  __TI_cleanup_ptr               
00003b59  __TI_closefile                 
00003dc1  __TI_decompress_lzss           
000043f1  __TI_decompress_none           
000037d9  __TI_doflush                   
20003b24  __TI_dtors_ptr                 
20003b28  __TI_enable_exit_profile_output
20003b10  __TI_ft_end                    
ffffffff  __TI_pprof_out_hndl            
ffffffff  __TI_prof_data_size            
ffffffff  __TI_prof_data_start           
00003f2b  __TI_readmsg                   
00000000  __TI_static_base__             
20003320  __TI_tmpnams                   
00003ef9  __TI_writemsg                  
0000440d  __TI_zero_init                 
000041c1  __aeabi_d2iz                   
00003331  __aeabi_dmul                   
000042c7  __aeabi_i2d                    
00003bf1  __aeabi_memclr                 
00003bf1  __aeabi_memclr4                
00003bf1  __aeabi_memclr8                
00003abd  __aeabi_memcpy                 
00003abd  __aeabi_memcpy4                
00003abd  __aeabi_memcpy8                
00003bf3  __aeabi_memset                 
00003bf3  __aeabi_memset4                
00003bf3  __aeabi_memset8                
20003b1c  __aeabi_stderr                 
20003b14  __aeabi_stdin                  
20003b18  __aeabi_stdout                 
ffffffff  __binit__                      
ffffffff  __c_args__                     
00001df3  __mpu_init                     
2000fe00  __stack                        
0000436d  _args_main                     
000040cd  _c_int00                       
20003a18  _device                        
20003928  _ftable                        
20003b38  _lock                          
000043c3  _nop                           
000043bb  _register_lock                 
000043b5  _register_unlock               
20003a90  _stream                        
20003528  _sys_memory                    
00003c6b  _system_post_cinit             
00004419  _system_pre_init               
20003b3c  _unlock                        
00004125  abort                          
0000395d  add_device                     
ffffffff  binit                          
20003b0c  bumpAct                        
00002195  calloc                         
00003fc1  close                          
00004175  copy_in                        
00002c91  delay                          
0000412d  exit                           
00003bbf  fclose                         
000016e7  ferror                         
00003825  fflush                         
000016c7  fgetc                          
00003d51  finddevice                     
00002e73  fopen                          
00001edf  free                           
00002e49  freopen                        
00003d7b  getdevice                      
00000000  interruptVectors               
0000029d  main                           
20003b54  main_func_sp                   
00001e75  malloc                         
000020a9  memalign                       
00003abd  memcpy                         
00003bf9  memset                         
00001df5  minit                          
20003514  nc                             
20003518  nl                             
2000351c  nr                             
000038a1  open                           
00001609  outnibble                      
200034d4  parmbuf                        
00001f9f  realloc                        
000042f5  remove                         
000036fd  setvbuf                        
20003b08  speed                          
0000439d  strchr                         
00004385  strcmp                         
000043c9  strcpy                         
000043dd  strlen                         
00004291  strncpy                        
0000322d  ta3dummy                       
00001705  uart_close                     
00001783  uart_lseek                     
000016f5  uart_open                      
00001717  uart_read                      
0000179f  uart_rename                    
00001793  uart_unlink                    
00001741  uart_write                     
000042f5  unlink                         
00004321  write                          
20000000  x                              
20001000  x2                             
20002000  x3                             


GLOBAL SYMBOLS: SORTED BY Symbol Address 

address   name                           
-------   ----                           
00000000  __TI_static_base__             
00000000  interruptVectors               
000000e5  RSLK_Reset                     
00000101  SensorRead_ISR                 
00000151  IRSensor_Init                  
000001a1  HandleCollision                
000001ed  ConvertCollisionData           
00000200  __STACK_SIZE                   
00000201  PeriodMeasure0                 
0000022f  PeriodMeasure2                 
0000029d  main                           
00000400  __SYSMEM_SIZE                  
0000117d  UART0_Init                     
000011c3  UART0_InChar                   
000011d3  UART0_OutChar                  
000011ef  UART0_OutString                
0000120d  UART0_InUDec                   
00001291  UART0_OutUDec                  
000013fd  UART0_OutUDec4                 
00001451  UART0_OutUDec5                 
0000148d  UART0_OutUFix1                 
000014b5  UART0_OutUFix2                 
00001501  UART0_InUHex                   
000015c5  UART0_OutUHex                  
00001609  outnibble                      
00001631  UART0_OutUHex2                 
0000164d  UART0_InString                 
000016c7  fgetc                          
000016e7  ferror                         
000016f5  uart_open                      
00001705  uart_close                     
00001717  uart_read                      
00001741  uart_write                     
00001783  uart_lseek                     
00001793  uart_unlink                    
0000179f  uart_rename                    
000017ad  UART0_Initprintf               
00001839  EUSCIA0_Init                   
0000189f  EUSCIA0_InChar                 
000018b1  EUSCIA0_OutChar                
000018cb  EUSCIA0_IRQHandler             
000018cb  EUSCIA0_IRQHandler             
00001901  EUSCIA0_OutString              
0000191f  EUSCIA0_InUDec                 
000019a3  EUSCIA0_OutUDec                
00001b35  EUSCIA0_OutUDec4               
00001b6d  EUSCIA0_OutUDec5               
00001ba9  EUSCIA0_OutUFix1               
00001bd1  EUSCIA0_OutUFix2               
00001c1d  EUSCIA0_InUHex                 
00001ce5  EUSCIA0_OutUHex                
00001d29  EUSCIA0outnibble               
00001d4b  EUSCIA0_OutUHex2               
00001d69  EUSCIA0_InString               
00001df3  __mpu_init                     
00001df5  minit                          
00001e75  malloc                         
00001edf  free                           
00001f9f  realloc                        
000020a9  memalign                       
00002195  calloc                         
000021c5  SystemCoreClockUpdate          
00002439  SystemInit                     
000024f1  LPF_Init                       
0000254f  LPF_Calc                       
000025a3  LPF_Init2                      
00002601  LPF_Calc2                      
00002655  LPF_Init3                      
000026b3  LPF_Calc3                      
00002739  Reflectance_Init               
00002749  Port5_Init                     
0000277d  Port9_Init                     
000027b1  Port7_Init                     
000027d1  Port7_Output_ChargeCap         
000027e7  Port7_InitToInput              
000027f3  Reflectance_Read               
00002841  Reflectance_Center             
00002863  Reflectance_Position           
000028d7  Reflectance_Start              
000028fd  Reflectance_End                
00002965  TxFifo0_Init                   
00002997  TxFifo0_Put                    
000029f1  TxFifo0_Get                    
00002a2f  TxFifo0_Size                   
00002a85  RxFifo0_Init                   
00002a91  RxFifo0_Put                    
00002adf  RxFifo0_Get                    
00002b1d  RxFifo0_Size                   
00002b75  Clock_Init48MHz                
00002c8b  Clock_GetFreq                  
00002c91  delay                          
00002c9f  Clock_Delay1us                 
00002cc9  Clock_Delay1ms                 
00002e1d  __TI_cleanup                   
00002e49  freopen                        
00002e73  fopen                          
00002f19  Motor_Init                     
00002fa1  Motor_Stop                     
00002fc5  Motor_Forward                  
00002ff5  Motor_Right                    
0000302f  Motor_Left                     
00003069  Motor_Backward                 
000030c9  ADC0_InitSWTriggerCh12         
00003119  ADC_In12                       
00003139  ADC0_InitSWTriggerCh17_12_16   
000031a9  ADC_In17_12_16                 
0000322d  ta3dummy                       
00003239  TimerA3Capture_Init            
000032bf  TA3_0_IRQHandler               
000032bf  TA3_0_IRQHandler               
000032d9  TA3_N_IRQHandler               
000032d9  TA3_N_IRQHandler               
00003331  __aeabi_dmul                   
0000342d  LaunchPad_Init                 
0000349d  LaunchPad_Input                
000034b7  LaunchPad_LED                  
000034d5  LaunchPad_Output               
00003521  BumpInt_Init                   
0000359b  Bump_Read                      
000035d3  PORT4_IRQHandler               
000035d3  PORT4_IRQHandler               
00003611  PWM_Init34                     
00003695  PWM_Duty3                      
000036b5  PWM_Duty4                      
000036fd  setvbuf                        
000037d9  __TI_doflush                   
00003825  fflush                         
000038a1  open                           
0000395d  add_device                     
00003a15  TimerA1_Init                   
00003a73  TimerA1_Stop                   
00003a87  TA1_0_IRQHandler               
00003a87  TA1_0_IRQHandler               
00003abd  __aeabi_memcpy                 
00003abd  __aeabi_memcpy4                
00003abd  __aeabi_memcpy8                
00003abd  memcpy                         
00003b59  __TI_closefile                 
00003bbf  fclose                         
00003bf1  __aeabi_memclr                 
00003bf1  __aeabi_memclr4                
00003bf1  __aeabi_memclr8                
00003bf3  __aeabi_memset                 
00003bf3  __aeabi_memset4                
00003bf3  __aeabi_memset8                
00003bf9  memset                         
00003c6b  _system_post_cinit             
00003c6d  LeftConvert                    
00003c91  CenterConvert                  
00003cb5  RightConvert                   
00003ce1  __TI_auto_init                 
00003d51  finddevice                     
00003d7b  getdevice                      
00003dc1  __TI_decompress_lzss           
00003e29  HOSTlseek                      
00003e91  HOSTrename                     
00003ef9  __TI_writemsg                  
00003f27  C$$IO$$                        
00003f2b  __TI_readmsg                   
00003f61  HOSTopen                       
00003fc1  close                          
0000401d  HOSTread                       
00004075  HOSTwrite                      
000040cd  _c_int00                       
00004121  C$$EXIT                        
00004125  abort                          
0000412d  exit                           
00004175  copy_in                        
000041c1  __aeabi_d2iz                   
00004209  HOSTclose                      
0000424d  HOSTunlink                     
00004291  strncpy                        
000042c7  __aeabi_i2d                    
000042f5  remove                         
000042f5  unlink                         
00004321  write                          
00004349  DisableInterrupts              
0000434f  EnableInterrupts               
00004355  StartCritical                  
0000435f  EndCritical                    
00004367  WaitForInterrupt               
0000436d  _args_main                     
00004385  strcmp                         
0000439d  strchr                         
000043b5  _register_unlock               
000043bb  _register_lock                 
000043c3  _nop                           
000043c9  strcpy                         
000043dd  strlen                         
000043f1  __TI_decompress_none           
000043ff  Reset_Handler                  
0000440b  ADC14_IRQHandler               
0000440b  AES256_IRQHandler              
0000440b  BusFault_Handler               
0000440b  COMP_E0_IRQHandler             
0000440b  COMP_E1_IRQHandler             
0000440b  CS_IRQHandler                  
0000440b  DMA_ERR_IRQHandler             
0000440b  DMA_INT0_IRQHandler            
0000440b  DMA_INT1_IRQHandler            
0000440b  DMA_INT2_IRQHandler            
0000440b  DMA_INT3_IRQHandler            
0000440b  DebugMon_Handler               
0000440b  Default_Handler                
0000440b  EUSCIA1_IRQHandler             
0000440b  EUSCIA2_IRQHandler             
0000440b  EUSCIA3_IRQHandler             
0000440b  EUSCIB0_IRQHandler             
0000440b  EUSCIB1_IRQHandler             
0000440b  EUSCIB2_IRQHandler             
0000440b  EUSCIB3_IRQHandler             
0000440b  FLCTL_IRQHandler               
0000440b  FPU_IRQHandler                 
0000440b  HardFault_Handler              
0000440b  MemManage_Handler              
0000440b  NMI_Handler                    
0000440b  PCM_IRQHandler                 
0000440b  PORT1_IRQHandler               
0000440b  PORT2_IRQHandler               
0000440b  PORT3_IRQHandler               
0000440b  PORT5_IRQHandler               
0000440b  PORT6_IRQHandler               
0000440b  PSS_IRQHandler                 
0000440b  PendSV_Handler                 
0000440b  RTC_C_IRQHandler               
0000440b  SVC_Handler                    
0000440b  SysTick_Handler                
0000440b  T32_INT1_IRQHandler            
0000440b  T32_INT2_IRQHandler            
0000440b  T32_INTC_IRQHandler            
0000440b  TA0_0_IRQHandler               
0000440b  TA0_N_IRQHandler               
0000440b  TA1_N_IRQHandler               
0000440b  TA2_0_IRQHandler               
0000440b  TA2_N_IRQHandler               
0000440b  UsageFault_Handler             
0000440b  WDT_A_IRQHandler               
0000440d  __TI_zero_init                 
00004419  _system_pre_init               
000044c4  __TI_Handler_Table_Base        
000044d0  __TI_Handler_Table_Limit       
000044d8  __TI_CINIT_Base                
000044e8  __TI_CINIT_Limit               
20000000  x                              
20001000  x2                             
20002000  x3                             
20003000  TxHistogram                    
20003200  __CIOBUF_                      
20003320  __TI_tmpnams                   
200033c0  RxFifo0                        
20003442  TxFifo0                        
200034c4  Messageb                       
200034cc  Messagec                       
200034d4  parmbuf                        
200034dc  ADCflag                        
200034e0  I1                             
200034e4  I2                             
200034e8  I3                             
200034ec  LPFSum                         
200034f0  LPFSum2                        
200034f4  LPFSum3                        
200034f8  Messageindexb                  
200034fc  Messageindexc                  
20003500  Port4Task                      
20003504  Size                           
20003508  Size2                          
2000350c  Size3                          
20003510  TimerA1Task                    
20003514  nc                             
20003518  nl                             
2000351c  nr                             
20003520  Period0                        
20003522  Period2                        
20003524  CollisionData                  
20003525  CollisionFlag                  
20003528  _sys_memory                    
20003928  _ftable                        
20003a18  _device                        
20003a90  _stream                        
20003ae0  ClockFrequency                 
20003ae4  Prewait                        
20003ae8  CPMwait                        
20003aec  Postwait                       
20003af0  IFlags                         
20003af4  Crystalstable                  
20003af8  First0                         
20003afc  Done0                          
20003b00  First2                         
20003b04  Done2                          
20003b08  speed                          
20003b0c  bumpAct                        
20003b10  __TI_ft_end                    
20003b14  __aeabi_stdin                  
20003b18  __aeabi_stdout                 
20003b1c  __aeabi_stderr                 
20003b20  __TI_cleanup_ptr               
20003b24  __TI_dtors_ptr                 
20003b28  __TI_enable_exit_profile_output
20003b38  _lock                          
20003b3c  _unlock                        
20003b40  CaptureTask0                   
20003b44  CaptureTask2                   
20003b54  main_func_sp                   
20003b58  SystemCoreClock                
2000fe00  __stack                        
20010000  __STACK_END                    
4000480c  WDTCTL_SYM                     
ffffffff  __TI_pprof_out_hndl            
ffffffff  __TI_prof_data_size            
ffffffff  __TI_prof_data_start           
ffffffff  __binit__                      
ffffffff  __c_args__                     
ffffffff  binit                          
UNDEFED   SHT$$INIT_ARRAY$$Base          
UNDEFED   SHT$$INIT_ARRAY$$Limit         

[315 symbols]
