<?xml version="1.0"?>
<link_info>
   <banner>TI ARM Linker PC v16.9.6.LTS</banner>
   <copyright>Copyright (c) 1996-2017 Texas Instruments Incorporated</copyright>
   <link_time>0x6531e73f</link_time>
   <link_errors>0x0</link_errors>
   <output_file>Lab4_ADC_IRSensors.out</output_file>
   <entry_point>
      <name>_c_int00</name>
      <address>0x2265</address>
   </entry_point>
   <input_file_list>
      <input_file id="fl-2">
         <path>.\</path>
         <kind>object</kind>
         <file>ADC14.obj</file>
         <name>ADC14.obj</name>
      </input_file>
      <input_file id="fl-3">
         <path>.\</path>
         <kind>object</kind>
         <file>Clock.obj</file>
         <name>Clock.obj</name>
      </input_file>
      <input_file id="fl-4">
         <path>.\</path>
         <kind>object</kind>
         <file>CortexM.obj</file>
         <name>CortexM.obj</name>
      </input_file>
      <input_file id="fl-5">
         <path>.\</path>
         <kind>object</kind>
         <file>IRDistance.obj</file>
         <name>IRDistance.obj</name>
      </input_file>
      <input_file id="fl-6">
         <path>.\</path>
         <kind>object</kind>
         <file>LPF.obj</file>
         <name>LPF.obj</name>
      </input_file>
      <input_file id="fl-7">
         <path>.\</path>
         <kind>object</kind>
         <file>Lab4_ADCmain.obj</file>
         <name>Lab4_ADCmain.obj</name>
      </input_file>
      <input_file id="fl-8">
         <path>.\</path>
         <kind>object</kind>
         <file>LaunchPad.obj</file>
         <name>LaunchPad.obj</name>
      </input_file>
      <input_file id="fl-9">
         <path>.\</path>
         <kind>object</kind>
         <file>TimerA1.obj</file>
         <name>TimerA1.obj</name>
      </input_file>
      <input_file id="fl-a">
         <path>.\</path>
         <kind>object</kind>
         <file>UART0.obj</file>
         <name>UART0.obj</name>
      </input_file>
      <input_file id="fl-b">
         <path>.\</path>
         <kind>object</kind>
         <file>startup_msp432p401r_ccs.obj</file>
         <name>startup_msp432p401r_ccs.obj</name>
      </input_file>
      <input_file id="fl-c">
         <path>.\</path>
         <kind>object</kind>
         <file>system_msp432p401r.obj</file>
         <name>system_msp432p401r.obj</name>
      </input_file>
      <input_file id="fl-10">
         <kind>object</kind>
         <file>&lt;internal&gt;</file>
         <name>&lt;internal&gt;</name>
      </input_file>
      <input_file id="fl-c6">
         <path>C:\ti\ccsv7\tools\compiler\ti-cgt-arm_16.9.6.LTS\lib\</path>
         <kind>archive</kind>
         <file>rtsv7M4_T_le_v4SPD16_eabi.lib</file>
         <name>add_device.obj</name>
      </input_file>
      <input_file id="fl-c7">
         <path>C:\ti\ccsv7\tools\compiler\ti-cgt-arm_16.9.6.LTS\lib\</path>
         <kind>archive</kind>
         <file>rtsv7M4_T_le_v4SPD16_eabi.lib</file>
         <name>boot.obj</name>
      </input_file>
      <input_file id="fl-c8">
         <path>C:\ti\ccsv7\tools\compiler\ti-cgt-arm_16.9.6.LTS\lib\</path>
         <kind>archive</kind>
         <file>rtsv7M4_T_le_v4SPD16_eabi.lib</file>
         <name>copy_decompress_lzss.obj</name>
      </input_file>
      <input_file id="fl-c9">
         <path>C:\ti\ccsv7\tools\compiler\ti-cgt-arm_16.9.6.LTS\lib\</path>
         <kind>archive</kind>
         <file>rtsv7M4_T_le_v4SPD16_eabi.lib</file>
         <name>copy_decompress_none.obj</name>
      </input_file>
      <input_file id="fl-ca">
         <path>C:\ti\ccsv7\tools\compiler\ti-cgt-arm_16.9.6.LTS\lib\</path>
         <kind>archive</kind>
         <file>rtsv7M4_T_le_v4SPD16_eabi.lib</file>
         <name>copy_zero_init.obj</name>
      </input_file>
      <input_file id="fl-cb">
         <path>C:\ti\ccsv7\tools\compiler\ti-cgt-arm_16.9.6.LTS\lib\</path>
         <kind>archive</kind>
         <file>rtsv7M4_T_le_v4SPD16_eabi.lib</file>
         <name>defs.obj</name>
      </input_file>
      <input_file id="fl-cc">
         <path>C:\ti\ccsv7\tools\compiler\ti-cgt-arm_16.9.6.LTS\lib\</path>
         <kind>archive</kind>
         <file>rtsv7M4_T_le_v4SPD16_eabi.lib</file>
         <name>exit.obj</name>
      </input_file>
      <input_file id="fl-cd">
         <path>C:\ti\ccsv7\tools\compiler\ti-cgt-arm_16.9.6.LTS\lib\</path>
         <kind>archive</kind>
         <file>rtsv7M4_T_le_v4SPD16_eabi.lib</file>
         <name>fopen.obj</name>
      </input_file>
      <input_file id="fl-ce">
         <path>C:\ti\ccsv7\tools\compiler\ti-cgt-arm_16.9.6.LTS\lib\</path>
         <kind>archive</kind>
         <file>rtsv7M4_T_le_v4SPD16_eabi.lib</file>
         <name>getdevice.obj</name>
      </input_file>
      <input_file id="fl-cf">
         <path>C:\ti\ccsv7\tools\compiler\ti-cgt-arm_16.9.6.LTS\lib\</path>
         <kind>archive</kind>
         <file>rtsv7M4_T_le_v4SPD16_eabi.lib</file>
         <name>memcpy_t2.obj</name>
      </input_file>
      <input_file id="fl-d0">
         <path>C:\ti\ccsv7\tools\compiler\ti-cgt-arm_16.9.6.LTS\lib\</path>
         <kind>archive</kind>
         <file>rtsv7M4_T_le_v4SPD16_eabi.lib</file>
         <name>memset_t2.obj</name>
      </input_file>
      <input_file id="fl-d1">
         <path>C:\ti\ccsv7\tools\compiler\ti-cgt-arm_16.9.6.LTS\lib\</path>
         <kind>archive</kind>
         <file>rtsv7M4_T_le_v4SPD16_eabi.lib</file>
         <name>mpu_init.obj</name>
      </input_file>
      <input_file id="fl-d2">
         <path>C:\ti\ccsv7\tools\compiler\ti-cgt-arm_16.9.6.LTS\lib\</path>
         <kind>archive</kind>
         <file>rtsv7M4_T_le_v4SPD16_eabi.lib</file>
         <name>open.obj</name>
      </input_file>
      <input_file id="fl-d3">
         <path>C:\ti\ccsv7\tools\compiler\ti-cgt-arm_16.9.6.LTS\lib\</path>
         <kind>archive</kind>
         <file>rtsv7M4_T_le_v4SPD16_eabi.lib</file>
         <name>pre_init.obj</name>
      </input_file>
      <input_file id="fl-d4">
         <path>C:\ti\ccsv7\tools\compiler\ti-cgt-arm_16.9.6.LTS\lib\</path>
         <kind>archive</kind>
         <file>rtsv7M4_T_le_v4SPD16_eabi.lib</file>
         <name>setvbuf.obj</name>
      </input_file>
      <input_file id="fl-d5">
         <path>C:\ti\ccsv7\tools\compiler\ti-cgt-arm_16.9.6.LTS\lib\</path>
         <kind>archive</kind>
         <file>rtsv7M4_T_le_v4SPD16_eabi.lib</file>
         <name>stkdepth_vars.obj</name>
      </input_file>
      <input_file id="fl-d6">
         <path>C:\ti\ccsv7\tools\compiler\ti-cgt-arm_16.9.6.LTS\lib\</path>
         <kind>archive</kind>
         <file>rtsv7M4_T_le_v4SPD16_eabi.lib</file>
         <name>strchr.obj</name>
      </input_file>
      <input_file id="fl-d7">
         <path>C:\ti\ccsv7\tools\compiler\ti-cgt-arm_16.9.6.LTS\lib\</path>
         <kind>archive</kind>
         <file>rtsv7M4_T_le_v4SPD16_eabi.lib</file>
         <name>strcmp.obj</name>
      </input_file>
      <input_file id="fl-d8">
         <path>C:\ti\ccsv7\tools\compiler\ti-cgt-arm_16.9.6.LTS\lib\</path>
         <kind>archive</kind>
         <file>rtsv7M4_T_le_v4SPD16_eabi.lib</file>
         <name>strncpy.obj</name>
      </input_file>
      <input_file id="fl-d9">
         <path>C:\ti\ccsv7\tools\compiler\ti-cgt-arm_16.9.6.LTS\lib\</path>
         <kind>archive</kind>
         <file>rtsv7M4_T_le_v4SPD16_eabi.lib</file>
         <name>write.obj</name>
      </input_file>
      <input_file id="fl-da">
         <path>C:\ti\ccsv7\tools\compiler\ti-cgt-arm_16.9.6.LTS\lib\</path>
         <kind>archive</kind>
         <file>rtsv7M4_T_le_v4SPD16_eabi.lib</file>
         <name>_lock.obj</name>
      </input_file>
      <input_file id="fl-db">
         <path>C:\ti\ccsv7\tools\compiler\ti-cgt-arm_16.9.6.LTS\lib\</path>
         <kind>archive</kind>
         <file>rtsv7M4_T_le_v4SPD16_eabi.lib</file>
         <name>args_main.obj</name>
      </input_file>
      <input_file id="fl-dc">
         <path>C:\ti\ccsv7\tools\compiler\ti-cgt-arm_16.9.6.LTS\lib\</path>
         <kind>archive</kind>
         <file>rtsv7M4_T_le_v4SPD16_eabi.lib</file>
         <name>autoinit.obj</name>
      </input_file>
      <input_file id="fl-dd">
         <path>C:\ti\ccsv7\tools\compiler\ti-cgt-arm_16.9.6.LTS\lib\</path>
         <kind>archive</kind>
         <file>rtsv7M4_T_le_v4SPD16_eabi.lib</file>
         <name>cpy_tbl.obj</name>
      </input_file>
      <input_file id="fl-de">
         <path>C:\ti\ccsv7\tools\compiler\ti-cgt-arm_16.9.6.LTS\lib\</path>
         <kind>archive</kind>
         <file>rtsv7M4_T_le_v4SPD16_eabi.lib</file>
         <name>fclose.obj</name>
      </input_file>
      <input_file id="fl-df">
         <path>C:\ti\ccsv7\tools\compiler\ti-cgt-arm_16.9.6.LTS\lib\</path>
         <kind>archive</kind>
         <file>rtsv7M4_T_le_v4SPD16_eabi.lib</file>
         <name>fflush.obj</name>
      </input_file>
      <input_file id="fl-e0">
         <path>C:\ti\ccsv7\tools\compiler\ti-cgt-arm_16.9.6.LTS\lib\</path>
         <kind>archive</kind>
         <file>rtsv7M4_T_le_v4SPD16_eabi.lib</file>
         <name>hostclose.obj</name>
      </input_file>
      <input_file id="fl-e1">
         <path>C:\ti\ccsv7\tools\compiler\ti-cgt-arm_16.9.6.LTS\lib\</path>
         <kind>archive</kind>
         <file>rtsv7M4_T_le_v4SPD16_eabi.lib</file>
         <name>hostlseek.obj</name>
      </input_file>
      <input_file id="fl-e2">
         <path>C:\ti\ccsv7\tools\compiler\ti-cgt-arm_16.9.6.LTS\lib\</path>
         <kind>archive</kind>
         <file>rtsv7M4_T_le_v4SPD16_eabi.lib</file>
         <name>hostopen.obj</name>
      </input_file>
      <input_file id="fl-e3">
         <path>C:\ti\ccsv7\tools\compiler\ti-cgt-arm_16.9.6.LTS\lib\</path>
         <kind>archive</kind>
         <file>rtsv7M4_T_le_v4SPD16_eabi.lib</file>
         <name>hostread.obj</name>
      </input_file>
      <input_file id="fl-e4">
         <path>C:\ti\ccsv7\tools\compiler\ti-cgt-arm_16.9.6.LTS\lib\</path>
         <kind>archive</kind>
         <file>rtsv7M4_T_le_v4SPD16_eabi.lib</file>
         <name>hostrename.obj</name>
      </input_file>
      <input_file id="fl-e5">
         <path>C:\ti\ccsv7\tools\compiler\ti-cgt-arm_16.9.6.LTS\lib\</path>
         <kind>archive</kind>
         <file>rtsv7M4_T_le_v4SPD16_eabi.lib</file>
         <name>hostunlink.obj</name>
      </input_file>
      <input_file id="fl-e6">
         <path>C:\ti\ccsv7\tools\compiler\ti-cgt-arm_16.9.6.LTS\lib\</path>
         <kind>archive</kind>
         <file>rtsv7M4_T_le_v4SPD16_eabi.lib</file>
         <name>hostwrite.obj</name>
      </input_file>
      <input_file id="fl-e7">
         <path>C:\ti\ccsv7\tools\compiler\ti-cgt-arm_16.9.6.LTS\lib\</path>
         <kind>archive</kind>
         <file>rtsv7M4_T_le_v4SPD16_eabi.lib</file>
         <name>memory.obj</name>
      </input_file>
      <input_file id="fl-e8">
         <path>C:\ti\ccsv7\tools\compiler\ti-cgt-arm_16.9.6.LTS\lib\</path>
         <kind>archive</kind>
         <file>rtsv7M4_T_le_v4SPD16_eabi.lib</file>
         <name>remove.obj</name>
      </input_file>
      <input_file id="fl-e9">
         <path>C:\ti\ccsv7\tools\compiler\ti-cgt-arm_16.9.6.LTS\lib\</path>
         <kind>archive</kind>
         <file>rtsv7M4_T_le_v4SPD16_eabi.lib</file>
         <name>startup.obj</name>
      </input_file>
      <input_file id="fl-ea">
         <path>C:\ti\ccsv7\tools\compiler\ti-cgt-arm_16.9.6.LTS\lib\</path>
         <kind>archive</kind>
         <file>rtsv7M4_T_le_v4SPD16_eabi.lib</file>
         <name>strcpy.obj</name>
      </input_file>
      <input_file id="fl-eb">
         <path>C:\ti\ccsv7\tools\compiler\ti-cgt-arm_16.9.6.LTS\lib\</path>
         <kind>archive</kind>
         <file>rtsv7M4_T_le_v4SPD16_eabi.lib</file>
         <name>strlen.obj</name>
      </input_file>
      <input_file id="fl-ec">
         <path>C:\ti\ccsv7\tools\compiler\ti-cgt-arm_16.9.6.LTS\lib\</path>
         <kind>archive</kind>
         <file>rtsv7M4_T_le_v4SPD16_eabi.lib</file>
         <name>trgmsg.obj</name>
      </input_file>
      <input_file id="fl-ed">
         <path>C:\ti\ccsv7\tools\compiler\ti-cgt-arm_16.9.6.LTS\lib\</path>
         <kind>archive</kind>
         <file>rtsv7M4_T_le_v4SPD16_eabi.lib</file>
         <name>unlink.obj</name>
      </input_file>
      <input_file id="fl-ee">
         <path>C:\ti\ccsv7\tools\compiler\ti-cgt-arm_16.9.6.LTS\lib\</path>
         <kind>archive</kind>
         <file>rtsv7M4_T_le_v4SPD16_eabi.lib</file>
         <name>close.obj</name>
      </input_file>
   </input_file_list>
   <object_component_list>
      <object_component id="oc-2c">
         <name>.intvecs:retain</name>
         <load_address>0x0</load_address>
         <run_address>0x0</run_address>
         <size>0xe4</size>
         <input_file_ref idref="fl-b"/>
      </object_component>
      <object_component id="oc-105">
         <name>.text</name>
         <load_address>0xe4</load_address>
         <run_address>0xe4</run_address>
         <size>0x6bc</size>
         <input_file_ref idref="fl-a"/>
      </object_component>
      <object_component id="oc-1c7">
         <name>.text</name>
         <load_address>0x7a0</load_address>
         <run_address>0x7a0</run_address>
         <size>0x3d0</size>
         <input_file_ref idref="fl-e7"/>
      </object_component>
      <object_component id="oc-c4">
         <name>.text</name>
         <load_address>0xb70</load_address>
         <run_address>0xb70</run_address>
         <size>0x32c</size>
         <input_file_ref idref="fl-c"/>
      </object_component>
      <object_component id="oc-f9">
         <name>.text</name>
         <load_address>0xe9c</load_address>
         <run_address>0xe9c</run_address>
         <size>0x248</size>
         <input_file_ref idref="fl-6"/>
      </object_component>
      <object_component id="oc-ff">
         <name>.text</name>
         <load_address>0x10e4</load_address>
         <run_address>0x10e4</run_address>
         <size>0x1e0</size>
         <input_file_ref idref="fl-3"/>
      </object_component>
      <object_component id="oc-177">
         <name>.text</name>
         <load_address>0x12c4</load_address>
         <run_address>0x12c4</run_address>
         <size>0x1c4</size>
         <input_file_ref idref="fl-cd"/>
      </object_component>
      <object_component id="oc-b1">
         <name>.text</name>
         <load_address>0x1488</load_address>
         <run_address>0x1488</run_address>
         <size>0x1b4</size>
         <input_file_ref idref="fl-7"/>
      </object_component>
      <object_component id="oc-f3">
         <name>.text</name>
         <load_address>0x163c</load_address>
         <run_address>0x163c</run_address>
         <size>0x164</size>
         <input_file_ref idref="fl-2"/>
      </object_component>
      <object_component id="oc-10b">
         <name>.text</name>
         <load_address>0x17a0</load_address>
         <run_address>0x17a0</run_address>
         <size>0xf4</size>
         <input_file_ref idref="fl-8"/>
      </object_component>
      <object_component id="oc-17d">
         <name>.text</name>
         <load_address>0x1894</load_address>
         <run_address>0x1894</run_address>
         <size>0xdc</size>
         <input_file_ref idref="fl-d4"/>
      </object_component>
      <object_component id="oc-227">
         <name>.text</name>
         <load_address>0x1970</load_address>
         <run_address>0x1970</run_address>
         <size>0xc8</size>
         <input_file_ref idref="fl-df"/>
      </object_component>
      <object_component id="oc-1b5">
         <name>.text</name>
         <load_address>0x1a38</load_address>
         <run_address>0x1a38</run_address>
         <size>0xbc</size>
         <input_file_ref idref="fl-d2"/>
      </object_component>
      <object_component id="oc-171">
         <name>.text</name>
         <load_address>0x1af4</load_address>
         <run_address>0x1af4</run_address>
         <size>0xb8</size>
         <input_file_ref idref="fl-c6"/>
      </object_component>
      <object_component id="oc-7e">
         <name>.text</name>
         <load_address>0x1bac</load_address>
         <run_address>0x1bac</run_address>
         <size>0xa8</size>
         <input_file_ref idref="fl-9"/>
      </object_component>
      <object_component id="oc-3e">
         <name>.text</name>
         <load_address>0x1c54</load_address>
         <run_address>0x1c54</run_address>
         <size>0x9c</size>
         <input_file_ref idref="fl-cf"/>
      </object_component>
      <object_component id="oc-1bb">
         <name>.text</name>
         <load_address>0x1cf0</load_address>
         <run_address>0x1cf0</run_address>
         <size>0x98</size>
         <input_file_ref idref="fl-de"/>
      </object_component>
      <object_component id="oc-4a">
         <name>.text</name>
         <load_address>0x1d88</load_address>
         <run_address>0x1d88</run_address>
         <size>0x7a</size>
         <input_file_ref idref="fl-d0"/>
      </object_component>
      <object_component id="oc-56">
         <name>.text</name>
         <load_address>0x1e02</load_address>
         <run_address>0x1e02</run_address>
         <size>0x2</size>
         <input_file_ref idref="fl-d1"/>
      </object_component>
      <object_component id="oc-117">
         <name>.text</name>
         <load_address>0x1e04</load_address>
         <run_address>0x1e04</run_address>
         <size>0x74</size>
         <input_file_ref idref="fl-5"/>
      </object_component>
      <object_component id="oc-62">
         <name>.text</name>
         <load_address>0x1e78</load_address>
         <run_address>0x1e78</run_address>
         <size>0x70</size>
         <input_file_ref idref="fl-dc"/>
      </object_component>
      <object_component id="oc-1a3">
         <name>.text</name>
         <load_address>0x1ee8</load_address>
         <run_address>0x1ee8</run_address>
         <size>0x70</size>
         <input_file_ref idref="fl-ce"/>
      </object_component>
      <object_component id="oc-14">
         <name>.text:decompress:lzss</name>
         <load_address>0x1f58</load_address>
         <run_address>0x1f58</run_address>
         <size>0x68</size>
         <input_file_ref idref="fl-c8"/>
      </object_component>
      <object_component id="oc-200">
         <name>.text</name>
         <load_address>0x1fc0</load_address>
         <run_address>0x1fc0</run_address>
         <size>0x68</size>
         <input_file_ref idref="fl-e1"/>
      </object_component>
      <object_component id="oc-20c">
         <name>.text</name>
         <load_address>0x2028</load_address>
         <run_address>0x2028</run_address>
         <size>0x68</size>
         <input_file_ref idref="fl-e4"/>
      </object_component>
      <object_component id="oc-25b">
         <name>.text</name>
         <load_address>0x2090</load_address>
         <run_address>0x2090</run_address>
         <size>0x68</size>
         <input_file_ref idref="fl-ec"/>
      </object_component>
      <object_component id="oc-1e8">
         <name>.text</name>
         <load_address>0x20f8</load_address>
         <run_address>0x20f8</run_address>
         <size>0x60</size>
         <input_file_ref idref="fl-e2"/>
      </object_component>
      <object_component id="oc-22d">
         <name>.text</name>
         <load_address>0x2158</load_address>
         <run_address>0x2158</run_address>
         <size>0x5c</size>
         <input_file_ref idref="fl-ee"/>
      </object_component>
      <object_component id="oc-1f4">
         <name>.text</name>
         <load_address>0x21b4</load_address>
         <run_address>0x21b4</run_address>
         <size>0x58</size>
         <input_file_ref idref="fl-e3"/>
      </object_component>
      <object_component id="oc-1fa">
         <name>.text</name>
         <load_address>0x220c</load_address>
         <run_address>0x220c</run_address>
         <size>0x58</size>
         <input_file_ref idref="fl-e6"/>
      </object_component>
      <object_component id="oc-26">
         <name>.text</name>
         <load_address>0x2264</load_address>
         <run_address>0x2264</run_address>
         <size>0x54</size>
         <input_file_ref idref="fl-c7"/>
      </object_component>
      <object_component id="oc-6e">
         <name>.text</name>
         <load_address>0x22b8</load_address>
         <run_address>0x22b8</run_address>
         <size>0x54</size>
         <input_file_ref idref="fl-cc"/>
      </object_component>
      <object_component id="oc-a3">
         <name>.text</name>
         <load_address>0x230c</load_address>
         <run_address>0x230c</run_address>
         <size>0x4c</size>
         <input_file_ref idref="fl-dd"/>
      </object_component>
      <object_component id="oc-1ee">
         <name>.text</name>
         <load_address>0x2358</load_address>
         <run_address>0x2358</run_address>
         <size>0x44</size>
         <input_file_ref idref="fl-e0"/>
      </object_component>
      <object_component id="oc-206">
         <name>.text</name>
         <load_address>0x239c</load_address>
         <run_address>0x239c</run_address>
         <size>0x44</size>
         <input_file_ref idref="fl-e5"/>
      </object_component>
      <object_component id="oc-1a9">
         <name>.text</name>
         <load_address>0x23e0</load_address>
         <run_address>0x23e0</run_address>
         <size>0x36</size>
         <input_file_ref idref="fl-d8"/>
      </object_component>
      <object_component id="oc-a9">
         <name>.text</name>
         <load_address>0x2416</load_address>
         <run_address>0x2416</run_address>
         <size>0x2</size>
         <input_file_ref idref="fl-e9"/>
      </object_component>
      <object_component id="oc-233">
         <name>.text</name>
         <load_address>0x2418</load_address>
         <run_address>0x2418</run_address>
         <size>0x2c</size>
         <input_file_ref idref="fl-ed"/>
      </object_component>
      <object_component id="oc-282">
         <name>.text</name>
         <load_address>0x2444</load_address>
         <run_address>0x2444</run_address>
         <size>0x28</size>
         <input_file_ref idref="fl-d9"/>
      </object_component>
      <object_component id="oc-111">
         <name>.text</name>
         <load_address>0x246c</load_address>
         <run_address>0x246c</run_address>
         <size>0x24</size>
         <input_file_ref idref="fl-4"/>
      </object_component>
      <object_component id="oc-68">
         <name>.text</name>
         <load_address>0x2490</load_address>
         <run_address>0x2490</run_address>
         <size>0x18</size>
         <input_file_ref idref="fl-db"/>
      </object_component>
      <object_component id="oc-1d8">
         <name>.text</name>
         <load_address>0x24a8</load_address>
         <run_address>0x24a8</run_address>
         <size>0x18</size>
         <input_file_ref idref="fl-d7"/>
      </object_component>
      <object_component id="oc-1de">
         <name>.text</name>
         <load_address>0x24c0</load_address>
         <run_address>0x24c0</run_address>
         <size>0x16</size>
         <input_file_ref idref="fl-d6"/>
      </object_component>
      <object_component id="oc-130">
         <name>.text</name>
         <load_address>0x24d8</load_address>
         <run_address>0x24d8</run_address>
         <size>0x14</size>
         <input_file_ref idref="fl-da"/>
      </object_component>
      <object_component id="oc-26f">
         <name>.text</name>
         <load_address>0x24ec</load_address>
         <run_address>0x24ec</run_address>
         <size>0x14</size>
         <input_file_ref idref="fl-ea"/>
      </object_component>
      <object_component id="oc-255">
         <name>.text</name>
         <load_address>0x2500</load_address>
         <run_address>0x2500</run_address>
         <size>0x14</size>
         <input_file_ref idref="fl-eb"/>
      </object_component>
      <object_component id="oc-1a">
         <name>.text:decompress:none</name>
         <load_address>0x2514</load_address>
         <run_address>0x2514</run_address>
         <size>0xe</size>
         <input_file_ref idref="fl-c9"/>
      </object_component>
      <object_component id="oc-78">
         <name>.text</name>
         <load_address>0x2522</load_address>
         <run_address>0x2522</run_address>
         <size>0xe</size>
         <input_file_ref idref="fl-b"/>
      </object_component>
      <object_component id="oc-20">
         <name>.text:decompress:ZI</name>
         <load_address>0x2530</load_address>
         <run_address>0x2530</run_address>
         <size>0xc</size>
         <input_file_ref idref="fl-ca"/>
      </object_component>
      <object_component id="oc-5c">
         <name>.text</name>
         <load_address>0x253c</load_address>
         <run_address>0x253c</run_address>
         <size>0x4</size>
         <input_file_ref idref="fl-d3"/>
      </object_component>
      <object_component id="oc-2e3">
         <name>.cinit..data.load</name>
         <load_address>0x2540</load_address>
         <run_address>0x2540</run_address>
         <size>0x7a</size>
      </object_component>
      <object_component id="oc-2e1">
         <name>__TI_handler_table</name>
         <load_address>0x25bc</load_address>
         <run_address>0x25bc</run_address>
         <size>0xc</size>
      </object_component>
      <object_component id="oc-2e4">
         <name>.cinit..bss.load</name>
         <load_address>0x25c8</load_address>
         <run_address>0x25c8</run_address>
         <size>0x8</size>
      </object_component>
      <object_component id="oc-2e2">
         <name>__TI_cinit_table</name>
         <load_address>0x25d0</load_address>
         <run_address>0x25d0</run_address>
         <size>0x10</size>
      </object_component>
      <object_component id="oc-2be">
         <name>.binit</name>
         <load_address>0x0</load_address>
         <run_address>0x0</run_address>
         <size>0x0</size>
      </object_component>
      <object_component id="oc-169">
         <name>.data</name>
         <load_address>0x200037d0</load_address>
         <run_address>0x200037d0</run_address>
         <size>0x18</size>
         <input_file_ref idref="fl-3"/>
      </object_component>
      <object_component id="oc-13c">
         <name>.data</name>
         <load_address>0x20003828</load_address>
         <run_address>0x20003828</run_address>
         <size>0x4</size>
         <input_file_ref idref="fl-c"/>
      </object_component>
      <object_component id="oc-1af">
         <name>.data</name>
         <load_address>0x20003818</load_address>
         <run_address>0x20003818</run_address>
         <size>0x4</size>
         <input_file_ref idref="fl-c6"/>
      </object_component>
      <object_component id="oc-183">
         <name>.data:_ftable</name>
         <load_address>0x20003618</load_address>
         <run_address>0x20003618</run_address>
         <size>0xf0</size>
         <input_file_ref idref="fl-cb"/>
      </object_component>
      <object_component id="oc-1c1">
         <name>.data</name>
         <load_address>0x200037e8</load_address>
         <run_address>0x200037e8</run_address>
         <size>0x10</size>
         <input_file_ref idref="fl-cb"/>
      </object_component>
      <object_component id="oc-b9">
         <name>.data:$O1$$</name>
         <load_address>0x200037f8</load_address>
         <run_address>0x200037f8</run_address>
         <size>0xc</size>
         <input_file_ref idref="fl-cc"/>
      </object_component>
      <object_component id="oc-1c4">
         <name>.data</name>
         <load_address>0x2000381c</load_address>
         <run_address>0x2000381c</run_address>
         <size>0x4</size>
         <input_file_ref idref="fl-cd"/>
      </object_component>
      <object_component id="oc-221">
         <name>.data</name>
         <load_address>0x20003820</load_address>
         <run_address>0x20003820</run_address>
         <size>0x4</size>
         <input_file_ref idref="fl-d2"/>
      </object_component>
      <object_component id="oc-74">
         <name>.data</name>
         <load_address>0x20003824</load_address>
         <run_address>0x20003824</run_address>
         <size>0x4</size>
         <input_file_ref idref="fl-d5"/>
      </object_component>
      <object_component id="oc-1b0">
         <name>.data:_device</name>
         <load_address>0x20003708</load_address>
         <run_address>0x20003708</run_address>
         <size>0x78</size>
         <input_file_ref idref="fl-d9"/>
      </object_component>
      <object_component id="oc-222">
         <name>.data:_stream</name>
         <load_address>0x20003780</load_address>
         <run_address>0x20003780</run_address>
         <size>0x50</size>
         <input_file_ref idref="fl-d9"/>
      </object_component>
      <object_component id="oc-bc">
         <name>.data:$O1$$</name>
         <load_address>0x20003810</load_address>
         <run_address>0x20003810</run_address>
         <size>0x8</size>
         <input_file_ref idref="fl-da"/>
      </object_component>
      <object_component id="oc-245">
         <name>.data:$O1$$</name>
         <load_address>0x20003804</load_address>
         <run_address>0x20003804</run_address>
         <size>0xc</size>
         <input_file_ref idref="fl-e7"/>
      </object_component>
      <object_component id="oc-298">
         <name>.bss:_CIOBUF_</name>
         <uninitialized>true</uninitialized>
         <run_address>0x20003000</run_address>
         <size>0x120</size>
         <input_file_ref idref="fl-ec"/>
      </object_component>
      <object_component id="oc-15a">
         <name>.common:Size</name>
         <uninitialized>true</uninitialized>
         <run_address>0x200031f0</run_address>
         <size>0x4</size>
      </object_component>
      <object_component id="oc-15f">
         <name>.common:x</name>
         <uninitialized>true</uninitialized>
         <run_address>0x20000000</run_address>
         <size>0x1000</size>
      </object_component>
      <object_component id="oc-15d">
         <name>.common:I1</name>
         <uninitialized>true</uninitialized>
         <run_address>0x200031d4</run_address>
         <size>0x4</size>
      </object_component>
      <object_component id="oc-15e">
         <name>.common:LPFSum</name>
         <uninitialized>true</uninitialized>
         <run_address>0x200031e0</run_address>
         <size>0x4</size>
      </object_component>
      <object_component id="oc-160">
         <name>.common:Size2</name>
         <uninitialized>true</uninitialized>
         <run_address>0x200031f4</run_address>
         <size>0x4</size>
      </object_component>
      <object_component id="oc-163">
         <name>.common:x2</name>
         <uninitialized>true</uninitialized>
         <run_address>0x20001000</run_address>
         <size>0x1000</size>
      </object_component>
      <object_component id="oc-161">
         <name>.common:I2</name>
         <uninitialized>true</uninitialized>
         <run_address>0x200031d8</run_address>
         <size>0x4</size>
      </object_component>
      <object_component id="oc-162">
         <name>.common:LPFSum2</name>
         <uninitialized>true</uninitialized>
         <run_address>0x200031e4</run_address>
         <size>0x4</size>
      </object_component>
      <object_component id="oc-164">
         <name>.common:Size3</name>
         <uninitialized>true</uninitialized>
         <run_address>0x200031f8</run_address>
         <size>0x4</size>
      </object_component>
      <object_component id="oc-167">
         <name>.common:x3</name>
         <uninitialized>true</uninitialized>
         <run_address>0x20002000</run_address>
         <size>0x1000</size>
      </object_component>
      <object_component id="oc-165">
         <name>.common:I3</name>
         <uninitialized>true</uninitialized>
         <run_address>0x200031dc</run_address>
         <size>0x4</size>
      </object_component>
      <object_component id="oc-166">
         <name>.common:LPFSum3</name>
         <uninitialized>true</uninitialized>
         <run_address>0x200031e8</run_address>
         <size>0x4</size>
      </object_component>
      <object_component id="oc-122">
         <name>.common:ADCflag</name>
         <uninitialized>true</uninitialized>
         <run_address>0x200031d0</run_address>
         <size>0x4</size>
      </object_component>
      <object_component id="oc-11d">
         <name>.common:nr</name>
         <uninitialized>true</uninitialized>
         <run_address>0x20003210</run_address>
         <size>0x4</size>
      </object_component>
      <object_component id="oc-120">
         <name>.common:nc</name>
         <uninitialized>true</uninitialized>
         <run_address>0x20003208</run_address>
         <size>0x4</size>
      </object_component>
      <object_component id="oc-121">
         <name>.common:nl</name>
         <uninitialized>true</uninitialized>
         <run_address>0x2000320c</run_address>
         <size>0x4</size>
      </object_component>
      <object_component id="oc-123">
         <name>.common:left</name>
         <uninitialized>true</uninitialized>
         <run_address>0x20003204</run_address>
         <size>0x4</size>
      </object_component>
      <object_component id="oc-124">
         <name>.common:center</name>
         <uninitialized>true</uninitialized>
         <run_address>0x20003200</run_address>
         <size>0x4</size>
      </object_component>
      <object_component id="oc-125">
         <name>.common:right</name>
         <uninitialized>true</uninitialized>
         <run_address>0x20003214</run_address>
         <size>0x4</size>
      </object_component>
      <object_component id="oc-cb">
         <name>.common:TimerA1Task</name>
         <uninitialized>true</uninitialized>
         <run_address>0x200031fc</run_address>
         <size>0x4</size>
      </object_component>
      <object_component id="oc-170">
         <name>.common:Messageindexb</name>
         <uninitialized>true</uninitialized>
         <run_address>0x200031ec</run_address>
         <size>0x4</size>
      </object_component>
      <object_component id="oc-16d">
         <name>.common:Messageb</name>
         <uninitialized>true</uninitialized>
         <run_address>0x200031c0</run_address>
         <size>0x8</size>
      </object_component>
      <object_component id="oc-239">
         <name>.common:__TI_tmpnams</name>
         <uninitialized>true</uninitialized>
         <run_address>0x20003120</run_address>
         <size>0xa0</size>
      </object_component>
      <object_component id="oc-261">
         <name>.common:parmbuf</name>
         <uninitialized>true</uninitialized>
         <run_address>0x200031c8</run_address>
         <size>0x8</size>
      </object_component>
      <object_component id="oc-30">
         <name>.sysmem</name>
         <uninitialized>true</uninitialized>
         <run_address>0x20003218</run_address>
         <size>0x8</size>
         <input_file_ref idref="fl-e7"/>
      </object_component>
      <object_component id="oc-2e6">
         <name>.sysmem</name>
         <uninitialized>true</uninitialized>
         <run_address>0x20003218</run_address>
         <size>0x0</size>
      </object_component>
      <object_component id="oc-2f">
         <name>.stack</name>
         <uninitialized>true</uninitialized>
         <run_address>0x2000fe00</run_address>
         <size>0x0</size>
         <input_file_ref idref="fl-c7"/>
      </object_component>
      <object_component id="oc-2e5">
         <name>.stack</name>
         <uninitialized>true</uninitialized>
         <run_address>0x2000fe00</run_address>
         <size>0x0</size>
      </object_component>
      <object_component id="oc-159">
         <name>.debug_info</name>
         <load_address>0x0</load_address>
         <run_address>0x0</run_address>
         <size>0x560</size>
         <input_file_ref idref="fl-2"/>
      </object_component>
      <object_component id="oc-f4">
         <name>.debug_info</name>
         <load_address>0x560</load_address>
         <run_address>0x560</run_address>
         <size>0x44d</size>
         <input_file_ref idref="fl-2"/>
      </object_component>
      <object_component id="oc-142">
         <name>.debug_info</name>
         <load_address>0x9ad</load_address>
         <run_address>0x9ad</run_address>
         <size>0x37e2</size>
         <input_file_ref idref="fl-2"/>
      </object_component>
      <object_component id="oc-147">
         <name>.debug_info</name>
         <load_address>0x418f</load_address>
         <run_address>0x418f</run_address>
         <size>0x1055</size>
         <input_file_ref idref="fl-2"/>
      </object_component>
      <object_component id="oc-39">
         <name>.debug_info</name>
         <load_address>0x51e4</load_address>
         <run_address>0x51e4</run_address>
         <size>0x84</size>
         <input_file_ref idref="fl-2"/>
      </object_component>
      <object_component id="oc-cf">
         <name>.debug_info</name>
         <load_address>0x5268</load_address>
         <run_address>0x5268</run_address>
         <size>0x18b</size>
         <input_file_ref idref="fl-2"/>
      </object_component>
      <object_component id="oc-16a">
         <name>.debug_info</name>
         <load_address>0x53f3</load_address>
         <run_address>0x53f3</run_address>
         <size>0x1c8</size>
         <input_file_ref idref="fl-3"/>
      </object_component>
      <object_component id="oc-102">
         <name>.debug_info</name>
         <load_address>0x55bb</load_address>
         <run_address>0x55bb</run_address>
         <size>0x4cc</size>
         <input_file_ref idref="fl-3"/>
      </object_component>
      <object_component id="oc-112">
         <name>.debug_info</name>
         <load_address>0x5a87</load_address>
         <run_address>0x5a87</run_address>
         <size>0x48d</size>
         <input_file_ref idref="fl-4"/>
      </object_component>
      <object_component id="oc-118">
         <name>.debug_info</name>
         <load_address>0x5f14</load_address>
         <run_address>0x5f14</run_address>
         <size>0x3c5</size>
         <input_file_ref idref="fl-5"/>
      </object_component>
      <object_component id="oc-15b">
         <name>.debug_info</name>
         <load_address>0x62d9</load_address>
         <run_address>0x62d9</run_address>
         <size>0x6d7</size>
         <input_file_ref idref="fl-6"/>
      </object_component>
      <object_component id="oc-fd">
         <name>.debug_info</name>
         <load_address>0x69b0</load_address>
         <run_address>0x69b0</run_address>
         <size>0x67b</size>
         <input_file_ref idref="fl-6"/>
      </object_component>
      <object_component id="oc-11e">
         <name>.debug_info</name>
         <load_address>0x702b</load_address>
         <run_address>0x702b</run_address>
         <size>0x921</size>
         <input_file_ref idref="fl-7"/>
      </object_component>
      <object_component id="oc-b2">
         <name>.debug_info</name>
         <load_address>0x794c</load_address>
         <run_address>0x794c</run_address>
         <size>0x425</size>
         <input_file_ref idref="fl-7"/>
      </object_component>
      <object_component id="oc-10c">
         <name>.debug_info</name>
         <load_address>0x7d71</load_address>
         <run_address>0x7d71</run_address>
         <size>0x432</size>
         <input_file_ref idref="fl-8"/>
      </object_component>
      <object_component id="oc-cc">
         <name>.debug_info</name>
         <load_address>0x81a3</load_address>
         <run_address>0x81a3</run_address>
         <size>0x58b</size>
         <input_file_ref idref="fl-9"/>
      </object_component>
      <object_component id="oc-7f">
         <name>.debug_info</name>
         <load_address>0x872e</load_address>
         <run_address>0x872e</run_address>
         <size>0x36e</size>
         <input_file_ref idref="fl-9"/>
      </object_component>
      <object_component id="oc-16e">
         <name>.debug_info</name>
         <load_address>0x8a9c</load_address>
         <run_address>0x8a9c</run_address>
         <size>0x79e</size>
         <input_file_ref idref="fl-a"/>
      </object_component>
      <object_component id="oc-107">
         <name>.debug_info</name>
         <load_address>0x923a</load_address>
         <run_address>0x923a</run_address>
         <size>0x1da4</size>
         <input_file_ref idref="fl-a"/>
      </object_component>
      <object_component id="oc-19e">
         <name>.debug_info</name>
         <load_address>0xafde</load_address>
         <run_address>0xafde</run_address>
         <size>0xc8</size>
         <input_file_ref idref="fl-a"/>
      </object_component>
      <object_component id="oc-187">
         <name>.debug_info</name>
         <load_address>0xb0a6</load_address>
         <run_address>0xb0a6</run_address>
         <size>0x2c</size>
         <input_file_ref idref="fl-a"/>
      </object_component>
      <object_component id="oc-86">
         <name>.debug_info</name>
         <load_address>0xb0d2</load_address>
         <run_address>0xb0d2</run_address>
         <size>0x2c9</size>
         <input_file_ref idref="fl-b"/>
      </object_component>
      <object_component id="oc-2d">
         <name>.debug_info</name>
         <load_address>0xb39b</load_address>
         <run_address>0xb39b</run_address>
         <size>0x107</size>
         <input_file_ref idref="fl-b"/>
      </object_component>
      <object_component id="oc-7b">
         <name>.debug_info</name>
         <load_address>0xb4a2</load_address>
         <run_address>0xb4a2</run_address>
         <size>0x1ce</size>
         <input_file_ref idref="fl-b"/>
      </object_component>
      <object_component id="oc-13d">
         <name>.debug_info</name>
         <load_address>0xb670</load_address>
         <run_address>0xb670</run_address>
         <size>0x100</size>
         <input_file_ref idref="fl-c"/>
      </object_component>
      <object_component id="oc-c6">
         <name>.debug_info</name>
         <load_address>0xb770</load_address>
         <run_address>0xb770</run_address>
         <size>0x272</size>
         <input_file_ref idref="fl-c"/>
      </object_component>
      <object_component id="oc-1b4">
         <name>.debug_info</name>
         <load_address>0xb9e2</load_address>
         <run_address>0xb9e2</run_address>
         <size>0x430</size>
         <input_file_ref idref="fl-c6"/>
      </object_component>
      <object_component id="oc-175">
         <name>.debug_info</name>
         <load_address>0xbe12</load_address>
         <run_address>0xbe12</run_address>
         <size>0x2d0</size>
         <input_file_ref idref="fl-c6"/>
      </object_component>
      <object_component id="oc-21c">
         <name>.debug_info</name>
         <load_address>0xc0e2</load_address>
         <run_address>0xc0e2</run_address>
         <size>0xea</size>
         <input_file_ref idref="fl-c6"/>
      </object_component>
      <object_component id="oc-217">
         <name>.debug_info</name>
         <load_address>0xc1cc</load_address>
         <run_address>0xc1cc</run_address>
         <size>0x2c</size>
         <input_file_ref idref="fl-c6"/>
      </object_component>
      <object_component id="oc-28">
         <name>.debug_info</name>
         <load_address>0xc1f8</load_address>
         <run_address>0xc1f8</run_address>
         <size>0x160</size>
         <input_file_ref idref="fl-c7"/>
      </object_component>
      <object_component id="oc-90">
         <name>.debug_info</name>
         <load_address>0xc358</load_address>
         <run_address>0xc358</run_address>
         <size>0x293</size>
         <input_file_ref idref="fl-c8"/>
      </object_component>
      <object_component id="oc-18">
         <name>.debug_info</name>
         <load_address>0xc5eb</load_address>
         <run_address>0xc5eb</run_address>
         <size>0x245</size>
         <input_file_ref idref="fl-c8"/>
      </object_component>
      <object_component id="oc-34">
         <name>.debug_info</name>
         <load_address>0xc830</load_address>
         <run_address>0xc830</run_address>
         <size>0x60</size>
         <input_file_ref idref="fl-c8"/>
      </object_component>
      <object_component id="oc-8b">
         <name>.debug_info</name>
         <load_address>0xc890</load_address>
         <run_address>0xc890</run_address>
         <size>0x46</size>
         <input_file_ref idref="fl-c8"/>
      </object_component>
      <object_component id="oc-49">
         <name>.debug_info</name>
         <load_address>0xc8d6</load_address>
         <run_address>0xc8d6</run_address>
         <size>0x2da</size>
         <input_file_ref idref="fl-c9"/>
      </object_component>
      <object_component id="oc-1e">
         <name>.debug_info</name>
         <load_address>0xcbb0</load_address>
         <run_address>0xcbb0</run_address>
         <size>0x1df</size>
         <input_file_ref idref="fl-c9"/>
      </object_component>
      <object_component id="oc-44">
         <name>.debug_info</name>
         <load_address>0xcd8f</load_address>
         <run_address>0xcd8f</run_address>
         <size>0x46</size>
         <input_file_ref idref="fl-c9"/>
      </object_component>
      <object_component id="oc-92">
         <name>.debug_info</name>
         <load_address>0xcdd5</load_address>
         <run_address>0xcdd5</run_address>
         <size>0x2c</size>
         <input_file_ref idref="fl-c9"/>
      </object_component>
      <object_component id="oc-55">
         <name>.debug_info</name>
         <load_address>0xce01</load_address>
         <run_address>0xce01</run_address>
         <size>0x2c9</size>
         <input_file_ref idref="fl-ca"/>
      </object_component>
      <object_component id="oc-23">
         <name>.debug_info</name>
         <load_address>0xd0ca</load_address>
         <run_address>0xd0ca</run_address>
         <size>0x1aa</size>
         <input_file_ref idref="fl-ca"/>
      </object_component>
      <object_component id="oc-50">
         <name>.debug_info</name>
         <load_address>0xd274</load_address>
         <run_address>0xd274</run_address>
         <size>0x46</size>
         <input_file_ref idref="fl-ca"/>
      </object_component>
      <object_component id="oc-9a">
         <name>.debug_info</name>
         <load_address>0xd2ba</load_address>
         <run_address>0xd2ba</run_address>
         <size>0x2c</size>
         <input_file_ref idref="fl-ca"/>
      </object_component>
      <object_component id="oc-1d6">
         <name>.debug_info</name>
         <load_address>0xd2e6</load_address>
         <run_address>0xd2e6</run_address>
         <size>0x139</size>
         <input_file_ref idref="fl-cb"/>
      </object_component>
      <object_component id="oc-184">
         <name>.debug_info</name>
         <load_address>0xd41f</load_address>
         <run_address>0xd41f</run_address>
         <size>0xf7</size>
         <input_file_ref idref="fl-cb"/>
      </object_component>
      <object_component id="oc-1c2">
         <name>.debug_info</name>
         <load_address>0xd516</load_address>
         <run_address>0xd516</run_address>
         <size>0x184</size>
         <input_file_ref idref="fl-cb"/>
      </object_component>
      <object_component id="oc-240">
         <name>.debug_info</name>
         <load_address>0xd69a</load_address>
         <run_address>0xd69a</run_address>
         <size>0xae</size>
         <input_file_ref idref="fl-cb"/>
      </object_component>
      <object_component id="oc-c0">
         <name>.debug_info</name>
         <load_address>0xd748</load_address>
         <run_address>0xd748</run_address>
         <size>0x3ce</size>
         <input_file_ref idref="fl-cc"/>
      </object_component>
      <object_component id="oc-ba">
         <name>.debug_info</name>
         <load_address>0xdb16</load_address>
         <run_address>0xdb16</run_address>
         <size>0x185</size>
         <input_file_ref idref="fl-cc"/>
      </object_component>
      <object_component id="oc-72">
         <name>.debug_info</name>
         <load_address>0xdc9b</load_address>
         <run_address>0xdc9b</run_address>
         <size>0x214</size>
         <input_file_ref idref="fl-cc"/>
      </object_component>
      <object_component id="oc-1c6">
         <name>.debug_info</name>
         <load_address>0xdeaf</load_address>
         <run_address>0xdeaf</run_address>
         <size>0x3d6</size>
         <input_file_ref idref="fl-cd"/>
      </object_component>
      <object_component id="oc-17a">
         <name>.debug_info</name>
         <load_address>0xe285</load_address>
         <run_address>0xe285</run_address>
         <size>0x455</size>
         <input_file_ref idref="fl-cd"/>
      </object_component>
      <object_component id="oc-d8">
         <name>.debug_info</name>
         <load_address>0xe6da</load_address>
         <run_address>0xe6da</run_address>
         <size>0x2c</size>
         <input_file_ref idref="fl-cd"/>
      </object_component>
      <object_component id="oc-1e5">
         <name>.debug_info</name>
         <load_address>0xe706</load_address>
         <run_address>0xe706</run_address>
         <size>0x417</size>
         <input_file_ref idref="fl-ce"/>
      </object_component>
      <object_component id="oc-1a4">
         <name>.debug_info</name>
         <load_address>0xeb1d</load_address>
         <run_address>0xeb1d</run_address>
         <size>0x282</size>
         <input_file_ref idref="fl-ce"/>
      </object_component>
      <object_component id="oc-41">
         <name>.debug_info</name>
         <load_address>0xed9f</load_address>
         <run_address>0xed9f</run_address>
         <size>0x111</size>
         <input_file_ref idref="fl-cf"/>
      </object_component>
      <object_component id="oc-4d">
         <name>.debug_info</name>
         <load_address>0xeeb0</load_address>
         <run_address>0xeeb0</run_address>
         <size>0x13f</size>
         <input_file_ref idref="fl-d0"/>
      </object_component>
      <object_component id="oc-59">
         <name>.debug_info</name>
         <load_address>0xefef</load_address>
         <run_address>0xefef</run_address>
         <size>0x138</size>
         <input_file_ref idref="fl-d1"/>
      </object_component>
      <object_component id="oc-226">
         <name>.debug_info</name>
         <load_address>0xf127</load_address>
         <run_address>0xf127</run_address>
         <size>0x3f7</size>
         <input_file_ref idref="fl-d2"/>
      </object_component>
      <object_component id="oc-1b9">
         <name>.debug_info</name>
         <load_address>0xf51e</load_address>
         <run_address>0xf51e</run_address>
         <size>0x23a</size>
         <input_file_ref idref="fl-d2"/>
      </object_component>
      <object_component id="oc-279">
         <name>.debug_info</name>
         <load_address>0xf758</load_address>
         <run_address>0xf758</run_address>
         <size>0x120</size>
         <input_file_ref idref="fl-d2"/>
      </object_component>
      <object_component id="oc-5d">
         <name>.debug_info</name>
         <load_address>0xf878</load_address>
         <run_address>0xf878</run_address>
         <size>0x148</size>
         <input_file_ref idref="fl-d3"/>
      </object_component>
      <object_component id="oc-1ce">
         <name>.debug_info</name>
         <load_address>0xf9c0</load_address>
         <run_address>0xf9c0</run_address>
         <size>0x35a</size>
         <input_file_ref idref="fl-d4"/>
      </object_component>
      <object_component id="oc-180">
         <name>.debug_info</name>
         <load_address>0xfd1a</load_address>
         <run_address>0xfd1a</run_address>
         <size>0x200</size>
         <input_file_ref idref="fl-d4"/>
      </object_component>
      <object_component id="oc-1cf">
         <name>.debug_info</name>
         <load_address>0xff1a</load_address>
         <run_address>0xff1a</run_address>
         <size>0xbb</size>
         <input_file_ref idref="fl-d4"/>
      </object_component>
      <object_component id="oc-75">
         <name>.debug_info</name>
         <load_address>0xffd5</load_address>
         <run_address>0xffd5</run_address>
         <size>0x109</size>
         <input_file_ref idref="fl-d5"/>
      </object_component>
      <object_component id="oc-250">
         <name>.debug_info</name>
         <load_address>0x100de</load_address>
         <run_address>0x100de</run_address>
         <size>0x28f</size>
         <input_file_ref idref="fl-d6"/>
      </object_component>
      <object_component id="oc-1df">
         <name>.debug_info</name>
         <load_address>0x1036d</load_address>
         <run_address>0x1036d</run_address>
         <size>0x244</size>
         <input_file_ref idref="fl-d6"/>
      </object_component>
      <object_component id="oc-24e">
         <name>.debug_info</name>
         <load_address>0x105b1</load_address>
         <run_address>0x105b1</run_address>
         <size>0x27f</size>
         <input_file_ref idref="fl-d7"/>
      </object_component>
      <object_component id="oc-1d9">
         <name>.debug_info</name>
         <load_address>0x10830</load_address>
         <run_address>0x10830</run_address>
         <size>0x258</size>
         <input_file_ref idref="fl-d7"/>
      </object_component>
      <object_component id="oc-1e7">
         <name>.debug_info</name>
         <load_address>0x10a88</load_address>
         <run_address>0x10a88</run_address>
         <size>0x290</size>
         <input_file_ref idref="fl-d8"/>
      </object_component>
      <object_component id="oc-1aa">
         <name>.debug_info</name>
         <load_address>0x10d18</load_address>
         <run_address>0x10d18</run_address>
         <size>0x259</size>
         <input_file_ref idref="fl-d8"/>
      </object_component>
      <object_component id="oc-214">
         <name>.debug_info</name>
         <load_address>0x10f71</load_address>
         <run_address>0x10f71</run_address>
         <size>0x4c5</size>
         <input_file_ref idref="fl-d9"/>
      </object_component>
      <object_component id="oc-1b1">
         <name>.debug_info</name>
         <load_address>0x11436</load_address>
         <run_address>0x11436</run_address>
         <size>0xf8</size>
         <input_file_ref idref="fl-d9"/>
      </object_component>
      <object_component id="oc-223">
         <name>.debug_info</name>
         <load_address>0x1152e</load_address>
         <run_address>0x1152e</run_address>
         <size>0xf8</size>
         <input_file_ref idref="fl-d9"/>
      </object_component>
      <object_component id="oc-284">
         <name>.debug_info</name>
         <load_address>0x11626</load_address>
         <run_address>0x11626</run_address>
         <size>0x184</size>
         <input_file_ref idref="fl-d9"/>
      </object_component>
      <object_component id="oc-138">
         <name>.debug_info</name>
         <load_address>0x117aa</load_address>
         <run_address>0x117aa</run_address>
         <size>0x2be</size>
         <input_file_ref idref="fl-da"/>
      </object_component>
      <object_component id="oc-bd">
         <name>.debug_info</name>
         <load_address>0x11a68</load_address>
         <run_address>0x11a68</run_address>
         <size>0x113</size>
         <input_file_ref idref="fl-da"/>
      </object_component>
      <object_component id="oc-131">
         <name>.debug_info</name>
         <load_address>0x11b7b</load_address>
         <run_address>0x11b7b</run_address>
         <size>0x21f</size>
         <input_file_ref idref="fl-da"/>
      </object_component>
      <object_component id="oc-b8">
         <name>.debug_info</name>
         <load_address>0x11d9a</load_address>
         <run_address>0x11d9a</run_address>
         <size>0x300</size>
         <input_file_ref idref="fl-db"/>
      </object_component>
      <object_component id="oc-69">
         <name>.debug_info</name>
         <load_address>0x1209a</load_address>
         <run_address>0x1209a</run_address>
         <size>0x167</size>
         <input_file_ref idref="fl-db"/>
      </object_component>
      <object_component id="oc-129">
         <name>.debug_info</name>
         <load_address>0x12201</load_address>
         <run_address>0x12201</run_address>
         <size>0x5e</size>
         <input_file_ref idref="fl-db"/>
      </object_component>
      <object_component id="oc-b0">
         <name>.debug_info</name>
         <load_address>0x1225f</load_address>
         <run_address>0x1225f</run_address>
         <size>0x483</size>
         <input_file_ref idref="fl-dc"/>
      </object_component>
      <object_component id="oc-65">
         <name>.debug_info</name>
         <load_address>0x126e2</load_address>
         <run_address>0x126e2</run_address>
         <size>0x190</size>
         <input_file_ref idref="fl-dc"/>
      </object_component>
      <object_component id="oc-e9">
         <name>.debug_info</name>
         <load_address>0x12872</load_address>
         <run_address>0x12872</run_address>
         <size>0x39</size>
         <input_file_ref idref="fl-dc"/>
      </object_component>
      <object_component id="oc-153">
         <name>.debug_info</name>
         <load_address>0x128ab</load_address>
         <run_address>0x128ab</run_address>
         <size>0x39</size>
         <input_file_ref idref="fl-dc"/>
      </object_component>
      <object_component id="oc-ee">
         <name>.debug_info</name>
         <load_address>0x128e4</load_address>
         <run_address>0x128e4</run_address>
         <size>0xcd</size>
         <input_file_ref idref="fl-dc"/>
      </object_component>
      <object_component id="oc-e5">
         <name>.debug_info</name>
         <load_address>0x129b1</load_address>
         <run_address>0x129b1</run_address>
         <size>0x37a</size>
         <input_file_ref idref="fl-dd"/>
      </object_component>
      <object_component id="oc-a4">
         <name>.debug_info</name>
         <load_address>0x12d2b</load_address>
         <run_address>0x12d2b</run_address>
         <size>0x183</size>
         <input_file_ref idref="fl-dd"/>
      </object_component>
      <object_component id="oc-14e">
         <name>.debug_info</name>
         <load_address>0x12eae</load_address>
         <run_address>0x12eae</run_address>
         <size>0x2c</size>
         <input_file_ref idref="fl-dd"/>
      </object_component>
      <object_component id="oc-23b">
         <name>.debug_info</name>
         <load_address>0x12eda</load_address>
         <run_address>0x12eda</run_address>
         <size>0x39a</size>
         <input_file_ref idref="fl-de"/>
      </object_component>
      <object_component id="oc-1be">
         <name>.debug_info</name>
         <load_address>0x13274</load_address>
         <run_address>0x13274</run_address>
         <size>0x298</size>
         <input_file_ref idref="fl-de"/>
      </object_component>
      <object_component id="oc-289">
         <name>.debug_info</name>
         <load_address>0x1350c</load_address>
         <run_address>0x1350c</run_address>
         <size>0x33c</size>
         <input_file_ref idref="fl-df"/>
      </object_component>
      <object_component id="oc-228">
         <name>.debug_info</name>
         <load_address>0x13848</load_address>
         <run_address>0x13848</run_address>
         <size>0x25a</size>
         <input_file_ref idref="fl-df"/>
      </object_component>
      <object_component id="oc-266">
         <name>.debug_info</name>
         <load_address>0x13aa2</load_address>
         <run_address>0x13aa2</run_address>
         <size>0x368</size>
         <input_file_ref idref="fl-e0"/>
      </object_component>
      <object_component id="oc-1f0">
         <name>.debug_info</name>
         <load_address>0x13e0a</load_address>
         <run_address>0x13e0a</run_address>
         <size>0x1b1</size>
         <input_file_ref idref="fl-e0"/>
      </object_component>
      <object_component id="oc-26c">
         <name>.debug_info</name>
         <load_address>0x13fbb</load_address>
         <run_address>0x13fbb</run_address>
         <size>0x36d</size>
         <input_file_ref idref="fl-e1"/>
      </object_component>
      <object_component id="oc-201">
         <name>.debug_info</name>
         <load_address>0x14328</load_address>
         <run_address>0x14328</run_address>
         <size>0x205</size>
         <input_file_ref idref="fl-e1"/>
      </object_component>
      <object_component id="oc-262">
         <name>.debug_info</name>
         <load_address>0x1452d</load_address>
         <run_address>0x1452d</run_address>
         <size>0x3cb</size>
         <input_file_ref idref="fl-e2"/>
      </object_component>
      <object_component id="oc-1eb">
         <name>.debug_info</name>
         <load_address>0x148f8</load_address>
         <run_address>0x148f8</run_address>
         <size>0x201</size>
         <input_file_ref idref="fl-e2"/>
      </object_component>
      <object_component id="oc-268">
         <name>.debug_info</name>
         <load_address>0x14af9</load_address>
         <run_address>0x14af9</run_address>
         <size>0x36c</size>
         <input_file_ref idref="fl-e3"/>
      </object_component>
      <object_component id="oc-1f6">
         <name>.debug_info</name>
         <load_address>0x14e65</load_address>
         <run_address>0x14e65</run_address>
         <size>0x1f0</size>
         <input_file_ref idref="fl-e3"/>
      </object_component>
      <object_component id="oc-276">
         <name>.debug_info</name>
         <load_address>0x15055</load_address>
         <run_address>0x15055</run_address>
         <size>0x3f3</size>
         <input_file_ref idref="fl-e4"/>
      </object_component>
      <object_component id="oc-20e">
         <name>.debug_info</name>
         <load_address>0x15448</load_address>
         <run_address>0x15448</run_address>
         <size>0x22b</size>
         <input_file_ref idref="fl-e4"/>
      </object_component>
      <object_component id="oc-26e">
         <name>.debug_info</name>
         <load_address>0x15673</load_address>
         <run_address>0x15673</run_address>
         <size>0x3be</size>
         <input_file_ref idref="fl-e5"/>
      </object_component>
      <object_component id="oc-207">
         <name>.debug_info</name>
         <load_address>0x15a31</load_address>
         <run_address>0x15a31</run_address>
         <size>0x1bb</size>
         <input_file_ref idref="fl-e5"/>
      </object_component>
      <object_component id="oc-26a">
         <name>.debug_info</name>
         <load_address>0x15bec</load_address>
         <run_address>0x15bec</run_address>
         <size>0x36d</size>
         <input_file_ref idref="fl-e6"/>
      </object_component>
      <object_component id="oc-1fc">
         <name>.debug_info</name>
         <load_address>0x15f59</load_address>
         <run_address>0x15f59</run_address>
         <size>0x1f5</size>
         <input_file_ref idref="fl-e6"/>
      </object_component>
      <object_component id="oc-89">
         <name>.debug_info</name>
         <load_address>0x1614e</load_address>
         <run_address>0x1614e</run_address>
         <size>0x3bc</size>
         <input_file_ref idref="fl-e7"/>
      </object_component>
      <object_component id="oc-31">
         <name>.debug_info</name>
         <load_address>0x1650a</load_address>
         <run_address>0x1650a</run_address>
         <size>0x101</size>
         <input_file_ref idref="fl-e7"/>
      </object_component>
      <object_component id="oc-246">
         <name>.debug_info</name>
         <load_address>0x1660b</load_address>
         <run_address>0x1660b</run_address>
         <size>0x14c</size>
         <input_file_ref idref="fl-e7"/>
      </object_component>
      <object_component id="oc-1c8">
         <name>.debug_info</name>
         <load_address>0x16757</load_address>
         <run_address>0x16757</run_address>
         <size>0x885</size>
         <input_file_ref idref="fl-e7"/>
      </object_component>
      <object_component id="oc-dd">
         <name>.debug_info</name>
         <load_address>0x16fdc</load_address>
         <run_address>0x16fdc</run_address>
         <size>0x62</size>
         <input_file_ref idref="fl-e7"/>
      </object_component>
      <object_component id="oc-aa">
         <name>.debug_info</name>
         <load_address>0x1703e</load_address>
         <run_address>0x1703e</run_address>
         <size>0x145</size>
         <input_file_ref idref="fl-e9"/>
      </object_component>
      <object_component id="oc-2aa">
         <name>.debug_info</name>
         <load_address>0x17183</load_address>
         <run_address>0x17183</run_address>
         <size>0x28a</size>
         <input_file_ref idref="fl-ea"/>
      </object_component>
      <object_component id="oc-270">
         <name>.debug_info</name>
         <load_address>0x1740d</load_address>
         <run_address>0x1740d</run_address>
         <size>0x231</size>
         <input_file_ref idref="fl-ea"/>
      </object_component>
      <object_component id="oc-297">
         <name>.debug_info</name>
         <load_address>0x1763e</load_address>
         <run_address>0x1763e</run_address>
         <size>0x284</size>
         <input_file_ref idref="fl-eb"/>
      </object_component>
      <object_component id="oc-259">
         <name>.debug_info</name>
         <load_address>0x178c2</load_address>
         <run_address>0x178c2</run_address>
         <size>0x22a</size>
         <input_file_ref idref="fl-eb"/>
      </object_component>
      <object_component id="oc-29c">
         <name>.debug_info</name>
         <load_address>0x17aec</load_address>
         <run_address>0x17aec</run_address>
         <size>0x2b0</size>
         <input_file_ref idref="fl-ec"/>
      </object_component>
      <object_component id="oc-299">
         <name>.debug_info</name>
         <load_address>0x17d9c</load_address>
         <run_address>0x17d9c</run_address>
         <size>0xfd</size>
         <input_file_ref idref="fl-ec"/>
      </object_component>
      <object_component id="oc-25d">
         <name>.debug_info</name>
         <load_address>0x17e99</load_address>
         <run_address>0x17e99</run_address>
         <size>0x281</size>
         <input_file_ref idref="fl-ec"/>
      </object_component>
      <object_component id="oc-28d">
         <name>.debug_info</name>
         <load_address>0x1811a</load_address>
         <run_address>0x1811a</run_address>
         <size>0x3c6</size>
         <input_file_ref idref="fl-ed"/>
      </object_component>
      <object_component id="oc-234">
         <name>.debug_info</name>
         <load_address>0x184e0</load_address>
         <run_address>0x184e0</run_address>
         <size>0x19a</size>
         <input_file_ref idref="fl-ed"/>
      </object_component>
      <object_component id="oc-28b">
         <name>.debug_info</name>
         <load_address>0x1867a</load_address>
         <run_address>0x1867a</run_address>
         <size>0x3c4</size>
         <input_file_ref idref="fl-ee"/>
      </object_component>
      <object_component id="oc-230">
         <name>.debug_info</name>
         <load_address>0x18a3e</load_address>
         <run_address>0x18a3e</run_address>
         <size>0x18a</size>
         <input_file_ref idref="fl-ee"/>
      </object_component>
      <object_component id="oc-2e7">
         <name>.debug_info</name>
         <load_address>0x18bc8</load_address>
         <run_address>0x18bc8</run_address>
         <size>0xb6</size>
      </object_component>
      <object_component id="oc-197">
         <name>.debug_line</name>
         <load_address>0x0</load_address>
         <run_address>0x0</run_address>
         <size>0x20</size>
         <input_file_ref idref="fl-2"/>
      </object_component>
      <object_component id="oc-f7">
         <name>.debug_line</name>
         <load_address>0x20</load_address>
         <run_address>0x20</run_address>
         <size>0xee</size>
         <input_file_ref idref="fl-2"/>
      </object_component>
      <object_component id="oc-145">
         <name>.debug_line</name>
         <load_address>0x10e</load_address>
         <run_address>0x10e</run_address>
         <size>0x52</size>
         <input_file_ref idref="fl-2"/>
      </object_component>
      <object_component id="oc-14a">
         <name>.debug_line</name>
         <load_address>0x160</load_address>
         <run_address>0x160</run_address>
         <size>0x55</size>
         <input_file_ref idref="fl-2"/>
      </object_component>
      <object_component id="oc-3c">
         <name>.debug_line</name>
         <load_address>0x1b5</load_address>
         <run_address>0x1b5</run_address>
         <size>0x20</size>
         <input_file_ref idref="fl-2"/>
      </object_component>
      <object_component id="oc-d2">
         <name>.debug_line</name>
         <load_address>0x1d5</load_address>
         <run_address>0x1d5</run_address>
         <size>0x65</size>
         <input_file_ref idref="fl-2"/>
      </object_component>
      <object_component id="oc-19b">
         <name>.debug_line</name>
         <load_address>0x23a</load_address>
         <run_address>0x23a</run_address>
         <size>0x5e</size>
         <input_file_ref idref="fl-3"/>
      </object_component>
      <object_component id="oc-101">
         <name>.debug_line</name>
         <load_address>0x298</load_address>
         <run_address>0x298</run_address>
         <size>0x12b</size>
         <input_file_ref idref="fl-3"/>
      </object_component>
      <object_component id="oc-115">
         <name>.debug_line</name>
         <load_address>0x3c3</load_address>
         <run_address>0x3c3</run_address>
         <size>0xe2</size>
         <input_file_ref idref="fl-4"/>
      </object_component>
      <object_component id="oc-11b">
         <name>.debug_line</name>
         <load_address>0x4a5</load_address>
         <run_address>0x4a5</run_address>
         <size>0xbc</size>
         <input_file_ref idref="fl-5"/>
      </object_component>
      <object_component id="oc-199">
         <name>.debug_line</name>
         <load_address>0x561</load_address>
         <run_address>0x561</run_address>
         <size>0x5c</size>
         <input_file_ref idref="fl-6"/>
      </object_component>
      <object_component id="oc-fa">
         <name>.debug_line</name>
         <load_address>0x5bd</load_address>
         <run_address>0x5bd</run_address>
         <size>0x169</size>
         <input_file_ref idref="fl-6"/>
      </object_component>
      <object_component id="oc-190">
         <name>.debug_line</name>
         <load_address>0x726</load_address>
         <run_address>0x726</run_address>
         <size>0xe8</size>
         <input_file_ref idref="fl-7"/>
      </object_component>
      <object_component id="oc-b5">
         <name>.debug_line</name>
         <load_address>0x80e</load_address>
         <run_address>0x80e</run_address>
         <size>0xa3</size>
         <input_file_ref idref="fl-7"/>
      </object_component>
      <object_component id="oc-110">
         <name>.debug_line</name>
         <load_address>0x8b1</load_address>
         <run_address>0x8b1</run_address>
         <size>0xd4</size>
         <input_file_ref idref="fl-8"/>
      </object_component>
      <object_component id="oc-141">
         <name>.debug_line</name>
         <load_address>0x985</load_address>
         <run_address>0x985</run_address>
         <size>0x60</size>
         <input_file_ref idref="fl-9"/>
      </object_component>
      <object_component id="oc-82">
         <name>.debug_line</name>
         <load_address>0x9e5</load_address>
         <run_address>0x9e5</run_address>
         <size>0xb7</size>
         <input_file_ref idref="fl-9"/>
      </object_component>
      <object_component id="oc-19d">
         <name>.debug_line</name>
         <load_address>0xa9c</load_address>
         <run_address>0xa9c</run_address>
         <size>0xe5</size>
         <input_file_ref idref="fl-a"/>
      </object_component>
      <object_component id="oc-106">
         <name>.debug_line</name>
         <load_address>0xb81</load_address>
         <run_address>0xb81</run_address>
         <size>0x4dd</size>
         <input_file_ref idref="fl-a"/>
      </object_component>
      <object_component id="oc-1a1">
         <name>.debug_line</name>
         <load_address>0x105e</load_address>
         <run_address>0x105e</run_address>
         <size>0x64</size>
         <input_file_ref idref="fl-a"/>
      </object_component>
      <object_component id="oc-18a">
         <name>.debug_line</name>
         <load_address>0x10c2</load_address>
         <run_address>0x10c2</run_address>
         <size>0x63</size>
         <input_file_ref idref="fl-a"/>
      </object_component>
      <object_component id="oc-d5">
         <name>.debug_line</name>
         <load_address>0x1125</load_address>
         <run_address>0x1125</run_address>
         <size>0x40</size>
         <input_file_ref idref="fl-b"/>
      </object_component>
      <object_component id="oc-85">
         <name>.debug_line</name>
         <load_address>0x1165</load_address>
         <run_address>0x1165</run_address>
         <size>0x40</size>
         <input_file_ref idref="fl-b"/>
      </object_component>
      <object_component id="oc-7d">
         <name>.debug_line</name>
         <load_address>0x11a5</load_address>
         <run_address>0x11a5</run_address>
         <size>0x71</size>
         <input_file_ref idref="fl-b"/>
      </object_component>
      <object_component id="oc-195">
         <name>.debug_line</name>
         <load_address>0x1216</load_address>
         <run_address>0x1216</run_address>
         <size>0x3b</size>
         <input_file_ref idref="fl-c"/>
      </object_component>
      <object_component id="oc-c5">
         <name>.debug_line</name>
         <load_address>0x1251</load_address>
         <run_address>0x1251</run_address>
         <size>0x146</size>
         <input_file_ref idref="fl-c"/>
      </object_component>
      <object_component id="oc-216">
         <name>.debug_line</name>
         <load_address>0x1397</load_address>
         <run_address>0x1397</run_address>
         <size>0xff</size>
         <input_file_ref idref="fl-c6"/>
      </object_component>
      <object_component id="oc-172">
         <name>.debug_line</name>
         <load_address>0x1496</load_address>
         <run_address>0x1496</run_address>
         <size>0xa0</size>
         <input_file_ref idref="fl-c6"/>
      </object_component>
      <object_component id="oc-21f">
         <name>.debug_line</name>
         <load_address>0x1536</load_address>
         <run_address>0x1536</run_address>
         <size>0x2c</size>
         <input_file_ref idref="fl-c6"/>
      </object_component>
      <object_component id="oc-21a">
         <name>.debug_line</name>
         <load_address>0x1562</load_address>
         <run_address>0x1562</run_address>
         <size>0x89</size>
         <input_file_ref idref="fl-c6"/>
      </object_component>
      <object_component id="oc-27">
         <name>.debug_line</name>
         <load_address>0x15eb</load_address>
         <run_address>0x15eb</run_address>
         <size>0x53</size>
         <input_file_ref idref="fl-c7"/>
      </object_component>
      <object_component id="oc-e3">
         <name>.debug_line</name>
         <load_address>0x163e</load_address>
         <run_address>0x163e</run_address>
         <size>0x20</size>
         <input_file_ref idref="fl-c8"/>
      </object_component>
      <object_component id="oc-15">
         <name>.debug_line</name>
         <load_address>0x165e</load_address>
         <run_address>0x165e</run_address>
         <size>0xa9</size>
         <input_file_ref idref="fl-c8"/>
      </object_component>
      <object_component id="oc-37">
         <name>.debug_line</name>
         <load_address>0x1707</load_address>
         <run_address>0x1707</run_address>
         <size>0x3a</size>
         <input_file_ref idref="fl-c8"/>
      </object_component>
      <object_component id="oc-8e">
         <name>.debug_line</name>
         <load_address>0x1741</load_address>
         <run_address>0x1741</run_address>
         <size>0x8a</size>
         <input_file_ref idref="fl-c8"/>
      </object_component>
      <object_component id="oc-98">
         <name>.debug_line</name>
         <load_address>0x17cb</load_address>
         <run_address>0x17cb</run_address>
         <size>0x8a</size>
         <input_file_ref idref="fl-c9"/>
      </object_component>
      <object_component id="oc-1b">
         <name>.debug_line</name>
         <load_address>0x1855</load_address>
         <run_address>0x1855</run_address>
         <size>0x55</size>
         <input_file_ref idref="fl-c9"/>
      </object_component>
      <object_component id="oc-47">
         <name>.debug_line</name>
         <load_address>0x18aa</load_address>
         <run_address>0x18aa</run_address>
         <size>0x3a</size>
         <input_file_ref idref="fl-c9"/>
      </object_component>
      <object_component id="oc-95">
         <name>.debug_line</name>
         <load_address>0x18e4</load_address>
         <run_address>0x18e4</run_address>
         <size>0x8a</size>
         <input_file_ref idref="fl-c9"/>
      </object_component>
      <object_component id="oc-a0">
         <name>.debug_line</name>
         <load_address>0x196e</load_address>
         <run_address>0x196e</run_address>
         <size>0x8a</size>
         <input_file_ref idref="fl-ca"/>
      </object_component>
      <object_component id="oc-25">
         <name>.debug_line</name>
         <load_address>0x19f8</load_address>
         <run_address>0x19f8</run_address>
[...]
      </symbol>
      <symbol id="sm-232">
         <name>interruptVectors</name>
         <value>0x0</value>
         <object_component_ref idref="oc-2c"/>
      </symbol>
      <symbol id="sm-278">
         <name>SystemInit</name>
         <value>0xde5</value>
         <object_component_ref idref="oc-c4"/>
      </symbol>
      <symbol id="sm-279">
         <name>SystemCoreClockUpdate</name>
         <value>0xb71</value>
         <object_component_ref idref="oc-c4"/>
      </symbol>
      <symbol id="sm-27a">
         <name>SystemCoreClock</name>
         <value>0x20003828</value>
         <object_component_ref idref="oc-13c"/>
      </symbol>
      <symbol id="sm-29f">
         <name>add_device</name>
         <value>0x1af5</value>
         <object_component_ref idref="oc-171"/>
      </symbol>
      <symbol id="sm-2b0">
         <name>_c_int00</name>
         <value>0x2265</value>
         <object_component_ref idref="oc-26"/>
      </symbol>
      <symbol id="sm-2b1">
         <name>__stack</name>
         <value>0x2000fe00</value>
         <object_component_ref idref="oc-2f"/>
      </symbol>
      <symbol id="sm-2cf">
         <name>__TI_decompress_lzss</name>
         <value>0x1f59</value>
         <object_component_ref idref="oc-14"/>
      </symbol>
      <symbol id="sm-2e6">
         <name>__TI_decompress_none</name>
         <value>0x2515</value>
         <object_component_ref idref="oc-1a"/>
      </symbol>
      <symbol id="sm-2fd">
         <name>__TI_zero_init</name>
         <value>0x2531</value>
         <object_component_ref idref="oc-20"/>
      </symbol>
      <symbol id="sm-317">
         <name>__TI_tmpnams</name>
         <value>0x20003120</value>
      </symbol>
      <symbol id="sm-318">
         <name>__aeabi_stdout</name>
         <value>0x200037f0</value>
         <object_component_ref idref="oc-1c1"/>
      </symbol>
      <symbol id="sm-319">
         <name>__aeabi_stderr</name>
         <value>0x200037f4</value>
         <object_component_ref idref="oc-1c1"/>
      </symbol>
      <symbol id="sm-31a">
         <name>__aeabi_stdin</name>
         <value>0x200037ec</value>
         <object_component_ref idref="oc-1c1"/>
      </symbol>
      <symbol id="sm-31b">
         <name>_ftable</name>
         <value>0x20003618</value>
         <object_component_ref idref="oc-183"/>
      </symbol>
      <symbol id="sm-31c">
         <name>__TI_ft_end</name>
         <value>0x200037e8</value>
         <object_component_ref idref="oc-1c1"/>
      </symbol>
      <symbol id="sm-33d">
         <name>C$$EXIT</name>
         <value>0x22b9</value>
         <object_component_ref idref="oc-6e"/>
      </symbol>
      <symbol id="sm-33e">
         <name>abort</name>
         <value>0x22bd</value>
         <object_component_ref idref="oc-6e"/>
      </symbol>
      <symbol id="sm-33f">
         <name>exit</name>
         <value>0x22c5</value>
         <object_component_ref idref="oc-6e"/>
      </symbol>
      <symbol id="sm-340">
         <name>__TI_dtors_ptr</name>
         <value>0x200037fc</value>
         <object_component_ref idref="oc-b9"/>
      </symbol>
      <symbol id="sm-341">
         <name>__TI_cleanup_ptr</name>
         <value>0x200037f8</value>
         <object_component_ref idref="oc-b9"/>
      </symbol>
      <symbol id="sm-342">
         <name>__TI_enable_exit_profile_output</name>
         <value>0x20003800</value>
         <object_component_ref idref="oc-b9"/>
      </symbol>
      <symbol id="sm-379">
         <name>__TI_cleanup</name>
         <value>0x138d</value>
         <object_component_ref idref="oc-177"/>
      </symbol>
      <symbol id="sm-37a">
         <name>freopen</name>
         <value>0x13b9</value>
         <object_component_ref idref="oc-177"/>
      </symbol>
      <symbol id="sm-37b">
         <name>fopen</name>
         <value>0x13e3</value>
         <object_component_ref idref="oc-177"/>
      </symbol>
      <symbol id="sm-390">
         <name>finddevice</name>
         <value>0x1ee9</value>
         <object_component_ref idref="oc-1a3"/>
      </symbol>
      <symbol id="sm-391">
         <name>getdevice</name>
         <value>0x1f13</value>
         <object_component_ref idref="oc-1a3"/>
      </symbol>
      <symbol id="sm-3ac">
         <name>memcpy</name>
         <value>0x1c55</value>
         <object_component_ref idref="oc-3e"/>
      </symbol>
      <symbol id="sm-3ad">
         <name>__aeabi_memcpy</name>
         <value>0x1c55</value>
         <object_component_ref idref="oc-3e"/>
      </symbol>
      <symbol id="sm-3ae">
         <name>__aeabi_memcpy8</name>
         <value>0x1c55</value>
         <object_component_ref idref="oc-3e"/>
      </symbol>
      <symbol id="sm-3af">
         <name>__aeabi_memcpy4</name>
         <value>0x1c55</value>
         <object_component_ref idref="oc-3e"/>
      </symbol>
      <symbol id="sm-3be">
         <name>__aeabi_memset</name>
         <value>0x1d8b</value>
         <object_component_ref idref="oc-4a"/>
      </symbol>
      <symbol id="sm-3bf">
         <name>memset</name>
         <value>0x1d91</value>
         <object_component_ref idref="oc-4a"/>
      </symbol>
      <symbol id="sm-3c0">
         <name>__aeabi_memset8</name>
         <value>0x1d8b</value>
         <object_component_ref idref="oc-4a"/>
      </symbol>
      <symbol id="sm-3c1">
         <name>__aeabi_memset4</name>
         <value>0x1d8b</value>
         <object_component_ref idref="oc-4a"/>
      </symbol>
      <symbol id="sm-3c2">
         <name>__aeabi_memclr8</name>
         <value>0x1d89</value>
         <object_component_ref idref="oc-4a"/>
      </symbol>
      <symbol id="sm-3c3">
         <name>__aeabi_memclr4</name>
         <value>0x1d89</value>
         <object_component_ref idref="oc-4a"/>
      </symbol>
      <symbol id="sm-3c4">
         <name>__aeabi_memclr</name>
         <value>0x1d89</value>
         <object_component_ref idref="oc-4a"/>
      </symbol>
      <symbol id="sm-3ce">
         <name>__mpu_init</name>
         <value>0x1e03</value>
         <object_component_ref idref="oc-56"/>
      </symbol>
      <symbol id="sm-3f0">
         <name>open</name>
         <value>0x1a39</value>
         <object_component_ref idref="oc-1b5"/>
      </symbol>
      <symbol id="sm-3fa">
         <name>_system_pre_init</name>
         <value>0x253d</value>
         <object_component_ref idref="oc-5c"/>
      </symbol>
      <symbol id="sm-41b">
         <name>setvbuf</name>
         <value>0x1895</value>
         <object_component_ref idref="oc-17d"/>
      </symbol>
      <symbol id="sm-423">
         <name>main_func_sp</name>
         <value>0x20003824</value>
         <object_component_ref idref="oc-74"/>
      </symbol>
      <symbol id="sm-433">
         <name>strchr</name>
         <value>0x24c1</value>
         <object_component_ref idref="oc-1de"/>
      </symbol>
      <symbol id="sm-442">
         <name>strcmp</name>
         <value>0x24a9</value>
         <object_component_ref idref="oc-1d8"/>
      </symbol>
      <symbol id="sm-452">
         <name>strncpy</name>
         <value>0x23e1</value>
         <object_component_ref idref="oc-1a9"/>
      </symbol>
      <symbol id="sm-46e">
         <name>_stream</name>
         <value>0x20003780</value>
         <object_component_ref idref="oc-222"/>
      </symbol>
      <symbol id="sm-46f">
         <name>_device</name>
         <value>0x20003708</value>
         <object_component_ref idref="oc-1b0"/>
      </symbol>
      <symbol id="sm-470">
         <name>write</name>
         <value>0x2445</value>
         <object_component_ref idref="oc-282"/>
      </symbol>
      <symbol id="sm-489">
         <name>_nop</name>
         <value>0x24e7</value>
         <object_component_ref idref="oc-130"/>
      </symbol>
      <symbol id="sm-48a">
         <name>_lock</name>
         <value>0x20003810</value>
         <object_component_ref idref="oc-bc"/>
      </symbol>
      <symbol id="sm-48b">
         <name>_unlock</name>
         <value>0x20003814</value>
         <object_component_ref idref="oc-bc"/>
      </symbol>
      <symbol id="sm-48c">
         <name>_register_lock</name>
         <value>0x24df</value>
         <object_component_ref idref="oc-130"/>
      </symbol>
      <symbol id="sm-48d">
         <name>_register_unlock</name>
         <value>0x24d9</value>
         <object_component_ref idref="oc-130"/>
      </symbol>
      <symbol id="sm-4a1">
         <name>_args_main</name>
         <value>0x2491</value>
         <object_component_ref idref="oc-68"/>
      </symbol>
      <symbol id="sm-4cb">
         <name>__TI_auto_init</name>
         <value>0x1e79</value>
         <object_component_ref idref="oc-62"/>
      </symbol>
      <symbol id="sm-4e5">
         <name>copy_in</name>
         <value>0x230d</value>
         <object_component_ref idref="oc-a3"/>
      </symbol>
      <symbol id="sm-4fb">
         <name>__TI_closefile</name>
         <value>0x1cf1</value>
         <object_component_ref idref="oc-1bb"/>
      </symbol>
      <symbol id="sm-4fc">
         <name>fclose</name>
         <value>0x1d57</value>
         <object_component_ref idref="oc-1bb"/>
      </symbol>
      <symbol id="sm-516">
         <name>__TI_doflush</name>
         <value>0x1971</value>
         <object_component_ref idref="oc-227"/>
      </symbol>
      <symbol id="sm-517">
         <name>fflush</name>
         <value>0x19bd</value>
         <object_component_ref idref="oc-227"/>
      </symbol>
      <symbol id="sm-528">
         <name>HOSTclose</name>
         <value>0x2359</value>
         <object_component_ref idref="oc-1ee"/>
      </symbol>
      <symbol id="sm-539">
         <name>HOSTlseek</name>
         <value>0x1fc1</value>
         <object_component_ref idref="oc-200"/>
      </symbol>
      <symbol id="sm-54b">
         <name>parmbuf</name>
         <value>0x200031c8</value>
      </symbol>
      <symbol id="sm-54c">
         <name>HOSTopen</name>
         <value>0x20f9</value>
         <object_component_ref idref="oc-1e8"/>
      </symbol>
      <symbol id="sm-55d">
         <name>HOSTread</name>
         <value>0x21b5</value>
         <object_component_ref idref="oc-1f4"/>
      </symbol>
      <symbol id="sm-56e">
         <name>HOSTrename</name>
         <value>0x2029</value>
         <object_component_ref idref="oc-20c"/>
      </symbol>
      <symbol id="sm-57f">
         <name>HOSTunlink</name>
         <value>0x239d</value>
         <object_component_ref idref="oc-206"/>
      </symbol>
      <symbol id="sm-590">
         <name>HOSTwrite</name>
         <value>0x220d</value>
         <object_component_ref idref="oc-1fa"/>
      </symbol>
      <symbol id="sm-602">
         <name>_sys_memory</name>
         <value>0x20003218</value>
         <object_component_ref idref="oc-30"/>
      </symbol>
      <symbol id="sm-603">
         <name>free</name>
         <value>0x88b</value>
         <object_component_ref idref="oc-1c7"/>
      </symbol>
      <symbol id="sm-604">
         <name>realloc</name>
         <value>0x94b</value>
         <object_component_ref idref="oc-1c7"/>
      </symbol>
      <symbol id="sm-605">
         <name>memalign</name>
         <value>0xa55</value>
         <object_component_ref idref="oc-1c7"/>
      </symbol>
      <symbol id="sm-606">
         <name>calloc</name>
         <value>0xb41</value>
         <object_component_ref idref="oc-1c7"/>
      </symbol>
      <symbol id="sm-607">
         <name>malloc</name>
         <value>0x821</value>
         <object_component_ref idref="oc-1c7"/>
      </symbol>
      <symbol id="sm-608">
         <name>minit</name>
         <value>0x7a1</value>
         <object_component_ref idref="oc-1c7"/>
      </symbol>
      <symbol id="sm-613">
         <name>_system_post_cinit</name>
         <value>0x2417</value>
         <object_component_ref idref="oc-a9"/>
      </symbol>
      <symbol id="sm-621">
         <name>strcpy</name>
         <value>0x24ed</value>
         <object_component_ref idref="oc-26f"/>
      </symbol>
      <symbol id="sm-62f">
         <name>strlen</name>
         <value>0x2501</value>
         <object_component_ref idref="oc-255"/>
      </symbol>
      <symbol id="sm-64a">
         <name>__TI_readmsg</name>
         <value>0x20c3</value>
         <object_component_ref idref="oc-25b"/>
      </symbol>
      <symbol id="sm-64b">
         <name>C$$IO$$</name>
         <value>0x20bf</value>
         <object_component_ref idref="oc-25b"/>
      </symbol>
      <symbol id="sm-64c">
         <name>__CIOBUF_</name>
         <value>0x20003000</value>
         <object_component_ref idref="oc-298"/>
      </symbol>
      <symbol id="sm-64d">
         <name>__TI_writemsg</name>
         <value>0x2091</value>
         <object_component_ref idref="oc-25b"/>
      </symbol>
      <symbol id="sm-65d">
         <name>unlink</name>
         <value>0x2419</value>
         <object_component_ref idref="oc-233"/>
      </symbol>
      <symbol id="sm-671">
         <name>close</name>
         <value>0x2159</value>
         <object_component_ref idref="oc-22d"/>
      </symbol>
      <symbol id="sm-672">
         <name>__TI_static_base__</name>
         <value>0x0</value>
      </symbol>
      <symbol id="sm-675">
         <name>SHT$$INIT_ARRAY$$Limit</name>
         <value>0x0</value>
      </symbol>
      <symbol id="sm-676">
         <name>SHT$$INIT_ARRAY$$Base</name>
         <value>0x0</value>
      </symbol>
      <symbol id="sm-677">
         <name>NMI_Handler</name>
         <value>0x252f</value>
      </symbol>
      <symbol id="sm-678">
         <name>HardFault_Handler</name>
         <value>0x252f</value>
      </symbol>
      <symbol id="sm-679">
         <name>MemManage_Handler</name>
         <value>0x252f</value>
      </symbol>
      <symbol id="sm-67a">
         <name>BusFault_Handler</name>
         <value>0x252f</value>
      </symbol>
      <symbol id="sm-67b">
         <name>UsageFault_Handler</name>
         <value>0x252f</value>
      </symbol>
      <symbol id="sm-67c">
         <name>SVC_Handler</name>
         <value>0x252f</value>
      </symbol>
      <symbol id="sm-67d">
         <name>DebugMon_Handler</name>
         <value>0x252f</value>
      </symbol>
      <symbol id="sm-67e">
         <name>PendSV_Handler</name>
         <value>0x252f</value>
      </symbol>
      <symbol id="sm-67f">
         <name>SysTick_Handler</name>
         <value>0x252f</value>
      </symbol>
      <symbol id="sm-680">
         <name>PSS_IRQHandler</name>
         <value>0x252f</value>
      </symbol>
      <symbol id="sm-681">
         <name>CS_IRQHandler</name>
         <value>0x252f</value>
      </symbol>
      <symbol id="sm-682">
         <name>PCM_IRQHandler</name>
         <value>0x252f</value>
      </symbol>
      <symbol id="sm-683">
         <name>WDT_A_IRQHandler</name>
         <value>0x252f</value>
      </symbol>
      <symbol id="sm-684">
         <name>FPU_IRQHandler</name>
         <value>0x252f</value>
      </symbol>
      <symbol id="sm-685">
         <name>FLCTL_IRQHandler</name>
         <value>0x252f</value>
      </symbol>
      <symbol id="sm-686">
         <name>COMP_E0_IRQHandler</name>
         <value>0x252f</value>
      </symbol>
      <symbol id="sm-687">
         <name>COMP_E1_IRQHandler</name>
         <value>0x252f</value>
      </symbol>
      <symbol id="sm-688">
         <name>TA0_0_IRQHandler</name>
         <value>0x252f</value>
      </symbol>
      <symbol id="sm-689">
         <name>TA0_N_IRQHandler</name>
         <value>0x252f</value>
      </symbol>
      <symbol id="sm-68a">
         <name>TA1_0_IRQHandler</name>
         <value>0x1c1f</value>
      </symbol>
      <symbol id="sm-68b">
         <name>TA1_N_IRQHandler</name>
         <value>0x252f</value>
      </symbol>
      <symbol id="sm-68c">
         <name>TA2_0_IRQHandler</name>
         <value>0x252f</value>
      </symbol>
      <symbol id="sm-68d">
         <name>TA2_N_IRQHandler</name>
         <value>0x252f</value>
      </symbol>
      <symbol id="sm-68e">
         <name>TA3_0_IRQHandler</name>
         <value>0x252f</value>
      </symbol>
      <symbol id="sm-68f">
         <name>TA3_N_IRQHandler</name>
         <value>0x252f</value>
      </symbol>
      <symbol id="sm-690">
         <name>EUSCIA0_IRQHandler</name>
         <value>0x252f</value>
      </symbol>
      <symbol id="sm-691">
         <name>EUSCIA1_IRQHandler</name>
         <value>0x252f</value>
      </symbol>
      <symbol id="sm-692">
         <name>EUSCIA2_IRQHandler</name>
         <value>0x252f</value>
      </symbol>
      <symbol id="sm-693">
         <name>EUSCIA3_IRQHandler</name>
         <value>0x252f</value>
      </symbol>
      <symbol id="sm-694">
         <name>EUSCIB0_IRQHandler</name>
         <value>0x252f</value>
      </symbol>
      <symbol id="sm-695">
         <name>EUSCIB1_IRQHandler</name>
         <value>0x252f</value>
      </symbol>
      <symbol id="sm-696">
         <name>EUSCIB2_IRQHandler</name>
         <value>0x252f</value>
      </symbol>
      <symbol id="sm-697">
         <name>EUSCIB3_IRQHandler</name>
         <value>0x252f</value>
      </symbol>
      <symbol id="sm-698">
         <name>ADC14_IRQHandler</name>
         <value>0x252f</value>
      </symbol>
      <symbol id="sm-699">
         <name>T32_INT1_IRQHandler</name>
         <value>0x252f</value>
      </symbol>
      <symbol id="sm-69a">
         <name>T32_INT2_IRQHandler</name>
         <value>0x252f</value>
      </symbol>
      <symbol id="sm-69b">
         <name>T32_INTC_IRQHandler</name>
         <value>0x252f</value>
      </symbol>
      <symbol id="sm-69c">
         <name>AES256_IRQHandler</name>
         <value>0x252f</value>
      </symbol>
      <symbol id="sm-69d">
         <name>RTC_C_IRQHandler</name>
         <value>0x252f</value>
      </symbol>
      <symbol id="sm-69e">
         <name>DMA_ERR_IRQHandler</name>
         <value>0x252f</value>
      </symbol>
      <symbol id="sm-69f">
         <name>DMA_INT3_IRQHandler</name>
         <value>0x252f</value>
      </symbol>
      <symbol id="sm-6a0">
         <name>DMA_INT2_IRQHandler</name>
         <value>0x252f</value>
      </symbol>
      <symbol id="sm-6a1">
         <name>DMA_INT1_IRQHandler</name>
         <value>0x252f</value>
      </symbol>
      <symbol id="sm-6a2">
         <name>DMA_INT0_IRQHandler</name>
         <value>0x252f</value>
      </symbol>
      <symbol id="sm-6a3">
         <name>PORT1_IRQHandler</name>
         <value>0x252f</value>
      </symbol>
      <symbol id="sm-6a4">
         <name>PORT2_IRQHandler</name>
         <value>0x252f</value>
      </symbol>
      <symbol id="sm-6a5">
         <name>PORT3_IRQHandler</name>
         <value>0x252f</value>
      </symbol>
      <symbol id="sm-6a6">
         <name>PORT4_IRQHandler</name>
         <value>0x252f</value>
      </symbol>
      <symbol id="sm-6a7">
         <name>PORT5_IRQHandler</name>
         <value>0x252f</value>
      </symbol>
      <symbol id="sm-6a8">
         <name>PORT6_IRQHandler</name>
         <value>0x252f</value>
      </symbol>
      <symbol id="sm-6a9">
         <name>remove</name>
         <value>0x2419</value>
      </symbol>
   </symbol_table>
   <title>Link successful</title>
</link_info>
