******************************************************************************
                  TI ARM Linker PC v16.9.6                     
******************************************************************************
>> Linked Fri Oct 20 10:34:39 2023

OUTPUT FILE NAME:   <Lab4_ADC_IRSensors.out>
ENTRY POINT SYMBOL: "_c_int00"  address: 00002265


MEMORY CONFIGURATION

         name            origin    length      used     unused   attr    fill
----------------------  --------  ---------  --------  --------  ----  --------
  MAIN                  00000000   00040000  000025e0  0003da20  R  X
  INFO                  00200000   00004000  00000000  00004000  R  X
  SRAM_CODE             01000000   00010000  00003a2c  0000c5d4  RW X
  SRAM_DATA             20000000   00010000  00003a2c  0000c5d4  RW  


SEGMENT ALLOCATION MAP

run origin  load origin   length   init length attrs members
----------  ----------- ---------- ----------- ----- -------
00000000    00000000    000025e0   000025e0    r-x
  00000000    00000000    000000e4   000000e4    r-- .intvecs
  000000e4    000000e4    0000245c   0000245c    r-x .text
  00002540    00002540    000000a0   000000a0    r-- .cinit
20000000    20000000    0000382c   00000000    rw-
  20000000    20000000    00003218   00000000    rw- .bss
  20003218    20003218    00000400   00000000    rw- .sysmem
  20003618    20003618    00000214   00000000    rw- .data
2000fe00    2000fe00    00000200   00000000    rw-
  2000fe00    2000fe00    00000200   00000000    rw- .stack


SECTION ALLOCATION MAP

 output                                  attributes/
section   page    origin      length       input sections
--------  ----  ----------  ----------   ----------------
.intvecs   0    00000000    000000e4     
                  00000000    000000e4     startup_msp432p401r_ccs.obj (.intvecs:retain)

.binit     0    00000000    00000000     

.text      0    000000e4    0000245c     
                  000000e4    000006bc     UART0.obj (.text)
                  000007a0    000003d0     rtsv7M4_T_le_v4SPD16_eabi.lib : memory.obj (.text)
                  00000b70    0000032c     system_msp432p401r.obj (.text)
                  00000e9c    00000248     LPF.obj (.text)
                  000010e4    000001e0     Clock.obj (.text)
                  000012c4    000001c4     rtsv7M4_T_le_v4SPD16_eabi.lib : fopen.obj (.text)
                  00001488    000001b4     Lab4_ADCmain.obj (.text)
                  0000163c    00000164     ADC14.obj (.text)
                  000017a0    000000f4     LaunchPad.obj (.text)
                  00001894    000000dc     rtsv7M4_T_le_v4SPD16_eabi.lib : setvbuf.obj (.text)
                  00001970    000000c8                                   : fflush.obj (.text)
                  00001a38    000000bc                                   : open.obj (.text)
                  00001af4    000000b8                                   : add_device.obj (.text)
                  00001bac    000000a8     TimerA1.obj (.text)
                  00001c54    0000009c     rtsv7M4_T_le_v4SPD16_eabi.lib : memcpy_t2.obj (.text)
                  00001cf0    00000098                                   : fclose.obj (.text)
                  00001d88    0000007a                                   : memset_t2.obj (.text)
                  00001e02    00000002                                   : mpu_init.obj (.text)
                  00001e04    00000074     IRDistance.obj (.text)
                  00001e78    00000070     rtsv7M4_T_le_v4SPD16_eabi.lib : autoinit.obj (.text)
                  00001ee8    00000070                                   : getdevice.obj (.text)
                  00001f58    00000068                                   : copy_decompress_lzss.obj (.text:decompress:lzss)
                  00001fc0    00000068                                   : hostlseek.obj (.text)
                  00002028    00000068                                   : hostrename.obj (.text)
                  00002090    00000068                                   : trgmsg.obj (.text)
                  000020f8    00000060                                   : hostopen.obj (.text)
                  00002158    0000005c                                   : close.obj (.text)
                  000021b4    00000058                                   : hostread.obj (.text)
                  0000220c    00000058                                   : hostwrite.obj (.text)
                  00002264    00000054                                   : boot.obj (.text)
                  000022b8    00000054                                   : exit.obj (.text)
                  0000230c    0000004c                                   : cpy_tbl.obj (.text)
                  00002358    00000044                                   : hostclose.obj (.text)
                  0000239c    00000044                                   : hostunlink.obj (.text)
                  000023e0    00000036                                   : strncpy.obj (.text)
                  00002416    00000002                                   : startup.obj (.text)
                  00002418    0000002c                                   : unlink.obj (.text)
                  00002444    00000028                                   : write.obj (.text)
                  0000246c    00000024     CortexM.obj (.text)
                  00002490    00000018     rtsv7M4_T_le_v4SPD16_eabi.lib : args_main.obj (.text)
                  000024a8    00000018                                   : strcmp.obj (.text)
                  000024c0    00000016                                   : strchr.obj (.text)
                  000024d6    00000002     --HOLE-- [fill = 0]
                  000024d8    00000014                                   : _lock.obj (.text)
                  000024ec    00000014                                   : strcpy.obj (.text)
                  00002500    00000014                                   : strlen.obj (.text)
                  00002514    0000000e                                   : copy_decompress_none.obj (.text:decompress:none)
                  00002522    0000000e     startup_msp432p401r_ccs.obj (.text)
                  00002530    0000000c     rtsv7M4_T_le_v4SPD16_eabi.lib : copy_zero_init.obj (.text:decompress:ZI)
                  0000253c    00000004                                   : pre_init.obj (.text)

.cinit     0    00002540    000000a0     
                  00002540    0000007a     (.cinit..data.load) [load image, compression = lzss]
                  000025ba    00000002     --HOLE-- [fill = 0]
                  000025bc    0000000c     (__TI_handler_table)
                  000025c8    00000008     (.cinit..bss.load) [load image, compression = zero_init]
                  000025d0    00000010     (__TI_cinit_table)

.init_array 
*          0    00000000    00000000     UNINITIALIZED

.bss       0    20000000    00003218     UNINITIALIZED
                  20000000    00001000     (.common:x)
                  20001000    00001000     (.common:x2)
                  20002000    00001000     (.common:x3)
                  20003000    00000120     rtsv7M4_T_le_v4SPD16_eabi.lib : trgmsg.obj (.bss:_CIOBUF_)
                  20003120    000000a0     (.common:__TI_tmpnams)
                  200031c0    00000008     (.common:Messageb)
                  200031c8    00000008     (.common:parmbuf)
                  200031d0    00000004     (.common:ADCflag)
                  200031d4    00000004     (.common:I1)
                  200031d8    00000004     (.common:I2)
                  200031dc    00000004     (.common:I3)
                  200031e0    00000004     (.common:LPFSum)
                  200031e4    00000004     (.common:LPFSum2)
                  200031e8    00000004     (.common:LPFSum3)
                  200031ec    00000004     (.common:Messageindexb)
                  200031f0    00000004     (.common:Size)
                  200031f4    00000004     (.common:Size2)
                  200031f8    00000004     (.common:Size3)
                  200031fc    00000004     (.common:TimerA1Task)
                  20003200    00000004     (.common:center)
                  20003204    00000004     (.common:left)
                  20003208    00000004     (.common:nc)
                  2000320c    00000004     (.common:nl)
                  20003210    00000004     (.common:nr)
                  20003214    00000004     (.common:right)

.sysmem    0    20003218    00000400     UNINITIALIZED
                  20003218    00000008     rtsv7M4_T_le_v4SPD16_eabi.lib : memory.obj (.sysmem)
                  20003220    000003f8     --HOLE--

.data      0    20003618    00000214     UNINITIALIZED
                  20003618    000000f0     rtsv7M4_T_le_v4SPD16_eabi.lib : defs.obj (.data:_ftable)
                  20003708    00000078                                   : write.obj (.data:_device)
                  20003780    00000050                                   : write.obj (.data:_stream)
                  200037d0    00000018     Clock.obj (.data)
                  200037e8    00000010     rtsv7M4_T_le_v4SPD16_eabi.lib : defs.obj (.data)
                  200037f8    0000000c                                   : exit.obj (.data:$O1$$)
                  20003804    0000000c                                   : memory.obj (.data:$O1$$)
                  20003810    00000008                                   : _lock.obj (.data:$O1$$)
                  20003818    00000004                                   : add_device.obj (.data)
                  2000381c    00000004                                   : fopen.obj (.data)
                  20003820    00000004                                   : open.obj (.data)
                  20003824    00000004                                   : stkdepth_vars.obj (.data)
                  20003828    00000004     system_msp432p401r.obj (.data)

.stack     0    2000fe00    00000200     UNINITIALIZED
                  2000fe00    00000200     --HOLE--

MODULE SUMMARY

       Module                        code   ro data   rw data
       ------                        ----   -------   -------
    .\
       LPF.obj                       584    0         24648  
       UART0.obj                     1724   0         24     
       system_msp432p401r.obj        812    0         8      
       Clock.obj                     480    0         48     
       Lab4_ADCmain.obj              436    0         56     
       ADC14.obj                     356    0         0      
       LaunchPad.obj                 244    0         0      
       startup_msp432p401r_ccs.obj   14     228       0      
       TimerA1.obj                   168    0         8      
       IRDistance.obj                116    0         0      
       CortexM.obj                   36     0         0      
    +--+-----------------------------+------+---------+---------+
       Total:                        4970   228       24792  
                                                             
    C:\ti\ccsv7\tools\compiler\ti-cgt-arm_16.9.6.LTS\lib\rtsv7M4_T_le_v4SPD16_eabi.lib
       memory.obj                    976    0         24     
       defs.obj                      0      0         832    
       trgmsg.obj                    104    0         576    
       fopen.obj                     452    0         8      
       write.obj                     40     0         400    
       setvbuf.obj                   220    0         0      
       fflush.obj                    200    0         0      
       open.obj                      188    0         8      
       add_device.obj                184    0         8      
       memcpy_t2.obj                 156    0         0      
       fclose.obj                    152    0         0      
       memset_t2.obj                 122    0         0      
       autoinit.obj                  112    0         0      
       getdevice.obj                 112    0         0      
       hostopen.obj                  96     0         16     
       exit.obj                      84     0         24     
       copy_decompress_lzss.obj      104    0         0      
       hostlseek.obj                 104    0         0      
       hostrename.obj                104    0         0      
       close.obj                     92     0         0      
       hostread.obj                  88     0         0      
       hostwrite.obj                 88     0         0      
       boot.obj                      84     0         0      
       cpy_tbl.obj                   76     0         0      
       hostclose.obj                 68     0         0      
       hostunlink.obj                68     0         0      
       strncpy.obj                   54     0         0      
       unlink.obj                    44     0         0      
       _lock.obj                     20     0         16     
       args_main.obj                 24     0         0      
       strcmp.obj                    24     0         0      
       strchr.obj                    22     0         0      
       strcpy.obj                    20     0         0      
       strlen.obj                    20     0         0      
       copy_decompress_none.obj      14     0         0      
       copy_zero_init.obj            12     0         0      
       stkdepth_vars.obj             0      0         8      
       pre_init.obj                  4      0         0      
       mpu_init.obj                  2      0         0      
       startup.obj                   2      0         0      
    +--+-----------------------------+------+---------+---------+
       Total:                        4336   0         1920   
                                                             
       Heap:                         0      0         2048   
       Stack:                        0      0         1024   
       Linker Generated:             0      158       0      
    +--+-----------------------------+------+---------+---------+
       Grand Total:                  9306   386       29784  


LINKER GENERATED COPY TABLES

__TI_cinit_table @ 000025d0 records: 2, size/record: 8, table size: 16
	.data: load addr=00002540, load size=0000007a bytes, run addr=20003618, run size=00000214 bytes, compression=lzss
	.bss: load addr=000025c8, load size=00000008 bytes, run addr=20000000, run size=00003218 bytes, compression=zero_init


LINKER GENERATED HANDLER TABLE

__TI_handler_table @ 000025bc records: 3, size/record: 4, table size: 12
	index: 0, handler: __TI_decompress_lzss
	index: 1, handler: __TI_decompress_none
	index: 2, handler: __TI_zero_init


GLOBAL SYMBOLS: SORTED ALPHABETICALLY BY Name 

address   name                           
-------   ----                           
0000163d  ADC0_InitSWTriggerCh12         
000016ad  ADC0_InitSWTriggerCh17_12_16   
0000252f  ADC14_IRQHandler               
0000168d  ADC_In12                       
0000171d  ADC_In17_12_16                 
200031d0  ADCflag                        
0000252f  AES256_IRQHandler              
0000252f  BusFault_Handler               
000022b9  C$$EXIT                        
000020bf  C$$IO$$                        
0000252f  COMP_E0_IRQHandler             
0000252f  COMP_E1_IRQHandler             
200037d8  CPMwait                        
0000252f  CS_IRQHandler                  
00001e29  CenterConvert                  
200037d0  ClockFrequency                 
00001239  Clock_Delay1ms                 
0000120f  Clock_Delay1us                 
000011fb  Clock_GetFreq                  
000010e5  Clock_Init48MHz                
200037e4  Crystalstable                  
0000252f  DMA_ERR_IRQHandler             
0000252f  DMA_INT0_IRQHandler            
0000252f  DMA_INT1_IRQHandler            
0000252f  DMA_INT2_IRQHandler            
0000252f  DMA_INT3_IRQHandler            
0000252f  DebugMon_Handler               
0000252f  Default_Handler                
0000246d  DisableInterrupts              
0000252f  EUSCIA0_IRQHandler             
0000252f  EUSCIA1_IRQHandler             
0000252f  EUSCIA2_IRQHandler             
0000252f  EUSCIA3_IRQHandler             
0000252f  EUSCIB0_IRQHandler             
0000252f  EUSCIB1_IRQHandler             
0000252f  EUSCIB2_IRQHandler             
0000252f  EUSCIB3_IRQHandler             
00002473  EnableInterrupts               
00002483  EndCritical                    
0000252f  FLCTL_IRQHandler               
0000252f  FPU_IRQHandler                 
00002359  HOSTclose                      
00001fc1  HOSTlseek                      
000020f9  HOSTopen                       
000021b5  HOSTread                       
00002029  HOSTrename                     
0000239d  HOSTunlink                     
0000220d  HOSTwrite                      
0000252f  HardFault_Handler              
200031d4  I1                             
200031d8  I2                             
200031dc  I3                             
200037e0  IFlags                         
200031e0  LPFSum                         
200031e4  LPFSum2                        
200031e8  LPFSum3                        
00000efb  LPF_Calc                       
00000fad  LPF_Calc2                      
0000105f  LPF_Calc3                      
00000e9d  LPF_Init                       
00000f4f  LPF_Init2                      
00001001  LPF_Init3                      
000017a1  LaunchPad_Init                 
00001811  LaunchPad_Input                
0000182b  LaunchPad_LED                  
00001849  LaunchPad_Output               
00001e05  LeftConvert                    
0000252f  MemManage_Handler              
200031c0  Messageb                       
200031ec  Messageindexb                  
0000252f  NMI_Handler                    
0000252f  PCM_IRQHandler                 
0000252f  PORT1_IRQHandler               
0000252f  PORT2_IRQHandler               
0000252f  PORT3_IRQHandler               
0000252f  PORT4_IRQHandler               
0000252f  PORT5_IRQHandler               
0000252f  PORT6_IRQHandler               
0000252f  PSS_IRQHandler                 
0000252f  PendSV_Handler                 
200037dc  Postwait                       
200037d4  Prewait                        
0000252f  RTC_C_IRQHandler               
00002523  Reset_Handler                  
00001e4d  RightConvert                   
UNDEFED   SHT$$INIT_ARRAY$$Base          
UNDEFED   SHT$$INIT_ARRAY$$Limit         
0000252f  SVC_Handler                    
00001489  SensorRead_ISR                 
200031f0  Size                           
200031f4  Size2                          
200031f8  Size3                          
00002479  StartCritical                  
0000252f  SysTick_Handler                
20003828  SystemCoreClock                
00000b71  SystemCoreClockUpdate          
00000de5  SystemInit                     
0000252f  T32_INT1_IRQHandler            
0000252f  T32_INT2_IRQHandler            
0000252f  T32_INTC_IRQHandler            
0000252f  TA0_0_IRQHandler               
0000252f  TA0_N_IRQHandler               
00001c1f  TA1_0_IRQHandler               
00001c1f  TA1_0_IRQHandler               
0000252f  TA1_N_IRQHandler               
0000252f  TA2_0_IRQHandler               
0000252f  TA2_N_IRQHandler               
0000252f  TA3_0_IRQHandler               
0000252f  TA3_N_IRQHandler               
200031fc  TimerA1Task                    
00001bad  TimerA1_Init                   
00001c0b  TimerA1_Stop                   
0000012b  UART0_InChar                   
000005b5  UART0_InString                 
00000175  UART0_InUDec                   
00000469  UART0_InUHex                   
000000e5  UART0_Init                     
00000715  UART0_Initprintf               
0000013b  UART0_OutChar                  
00000157  UART0_OutString                
000001f9  UART0_OutUDec                  
00000365  UART0_OutUDec4                 
000003b9  UART0_OutUDec5                 
000003f5  UART0_OutUFix1                 
0000041d  UART0_OutUFix2                 
0000052d  UART0_OutUHex                  
00000599  UART0_OutUHex2                 
0000252f  UsageFault_Handler             
4000480c  WDTCTL_SYM                     
0000252f  WDT_A_IRQHandler               
0000248b  WaitForInterrupt               
20003000  __CIOBUF_                      
20010000  __STACK_END                    
00000200  __STACK_SIZE                   
00000400  __SYSMEM_SIZE                  
000025d0  __TI_CINIT_Base                
000025e0  __TI_CINIT_Limit               
000025bc  __TI_Handler_Table_Base        
000025c8  __TI_Handler_Table_Limit       
00001e79  __TI_auto_init                 
0000138d  __TI_cleanup                   
200037f8  __TI_cleanup_ptr               
00001cf1  __TI_closefile                 
00001f59  __TI_decompress_lzss           
00002515  __TI_decompress_none           
00001971  __TI_doflush                   
200037fc  __TI_dtors_ptr                 
20003800  __TI_enable_exit_profile_output
200037e8  __TI_ft_end                    
ffffffff  __TI_pprof_out_hndl            
ffffffff  __TI_prof_data_size            
ffffffff  __TI_prof_data_start           
000020c3  __TI_readmsg                   
00000000  __TI_static_base__             
20003120  __TI_tmpnams                   
00002091  __TI_writemsg                  
00002531  __TI_zero_init                 
00001d89  __aeabi_memclr                 
00001d89  __aeabi_memclr4                
00001d89  __aeabi_memclr8                
00001c55  __aeabi_memcpy                 
00001c55  __aeabi_memcpy4                
00001c55  __aeabi_memcpy8                
00001d8b  __aeabi_memset                 
00001d8b  __aeabi_memset4                
00001d8b  __aeabi_memset8                
200037f4  __aeabi_stderr                 
200037ec  __aeabi_stdin                  
200037f0  __aeabi_stdout                 
ffffffff  __binit__                      
ffffffff  __c_args__                     
00001e03  __mpu_init                     
2000fe00  __stack                        
00002491  _args_main                     
00002265  _c_int00                       
20003708  _device                        
20003618  _ftable                        
20003810  _lock                          
000024e7  _nop                           
000024df  _register_lock                 
000024d9  _register_unlock               
20003780  _stream                        
20003218  _sys_memory                    
00002417  _system_post_cinit             
0000253d  _system_pre_init               
20003814  _unlock                        
000022bd  abort                          
00001af5  add_device                     
ffffffff  binit                          
00000b41  calloc                         
20003200  center                         
00002159  close                          
0000230d  copy_in                        
00001201  delay                          
000022c5  exit                           
00001d57  fclose                         
0000064f  ferror                         
000019bd  fflush                         
0000062f  fgetc                          
00001ee9  finddevice                     
000013e3  fopen                          
0000088b  free                           
000013b9  freopen                        
00001f13  getdevice                      
00000000  interruptVectors               
20003204  left                           
000014d9  main                           
20003824  main_func_sp                   
00000821  malloc                         
00000a55  memalign                       
00001c55  memcpy                         
00001d91  memset                         
000007a1  minit                          
20003208  nc                             
2000320c  nl                             
20003210  nr                             
00001a39  open                           
00000571  outnibble                      
200031c8  parmbuf                        
0000094b  realloc                        
00002419  remove                         
20003214  right                          
00001895  setvbuf                        
000024c1  strchr                         
000024a9  strcmp                         
000024ed  strcpy                         
00002501  strlen                         
000023e1  strncpy                        
0000066d  uart_close                     
000006eb  uart_lseek                     
0000065d  uart_open                      
0000067f  uart_read                      
00000707  uart_rename                    
000006fb  uart_unlink                    
000006a9  uart_write                     
00002419  unlink                         
00002445  write                          
20000000  x                              
20001000  x2                             
20002000  x3                             


GLOBAL SYMBOLS: SORTED BY Symbol Address 

address   name                           
-------   ----                           
00000000  __TI_static_base__             
00000000  interruptVectors               
000000e5  UART0_Init                     
0000012b  UART0_InChar                   
0000013b  UART0_OutChar                  
00000157  UART0_OutString                
00000175  UART0_InUDec                   
000001f9  UART0_OutUDec                  
00000200  __STACK_SIZE                   
00000365  UART0_OutUDec4                 
000003b9  UART0_OutUDec5                 
000003f5  UART0_OutUFix1                 
00000400  __SYSMEM_SIZE                  
0000041d  UART0_OutUFix2                 
00000469  UART0_InUHex                   
0000052d  UART0_OutUHex                  
00000571  outnibble                      
00000599  UART0_OutUHex2                 
000005b5  UART0_InString                 
0000062f  fgetc                          
0000064f  ferror                         
0000065d  uart_open                      
0000066d  uart_close                     
0000067f  uart_read                      
000006a9  uart_write                     
000006eb  uart_lseek                     
000006fb  uart_unlink                    
00000707  uart_rename                    
00000715  UART0_Initprintf               
000007a1  minit                          
00000821  malloc                         
0000088b  free                           
0000094b  realloc                        
00000a55  memalign                       
00000b41  calloc                         
00000b71  SystemCoreClockUpdate          
00000de5  SystemInit                     
00000e9d  LPF_Init                       
00000efb  LPF_Calc                       
00000f4f  LPF_Init2                      
00000fad  LPF_Calc2                      
00001001  LPF_Init3                      
0000105f  LPF_Calc3                      
000010e5  Clock_Init48MHz                
000011fb  Clock_GetFreq                  
00001201  delay                          
0000120f  Clock_Delay1us                 
00001239  Clock_Delay1ms                 
0000138d  __TI_cleanup                   
000013b9  freopen                        
000013e3  fopen                          
00001489  SensorRead_ISR                 
000014d9  main                           
0000163d  ADC0_InitSWTriggerCh12         
0000168d  ADC_In12                       
000016ad  ADC0_InitSWTriggerCh17_12_16   
0000171d  ADC_In17_12_16                 
000017a1  LaunchPad_Init                 
00001811  LaunchPad_Input                
0000182b  LaunchPad_LED                  
00001849  LaunchPad_Output               
00001895  setvbuf                        
00001971  __TI_doflush                   
000019bd  fflush                         
00001a39  open                           
00001af5  add_device                     
00001bad  TimerA1_Init                   
00001c0b  TimerA1_Stop                   
00001c1f  TA1_0_IRQHandler               
00001c1f  TA1_0_IRQHandler               
00001c55  __aeabi_memcpy                 
00001c55  __aeabi_memcpy4                
00001c55  __aeabi_memcpy8                
00001c55  memcpy                         
00001cf1  __TI_closefile                 
00001d57  fclose                         
00001d89  __aeabi_memclr                 
00001d89  __aeabi_memclr4                
00001d89  __aeabi_memclr8                
00001d8b  __aeabi_memset                 
00001d8b  __aeabi_memset4                
00001d8b  __aeabi_memset8                
00001d91  memset                         
00001e03  __mpu_init                     
00001e05  LeftConvert                    
00001e29  CenterConvert                  
00001e4d  RightConvert                   
00001e79  __TI_auto_init                 
00001ee9  finddevice                     
00001f13  getdevice                      
00001f59  __TI_decompress_lzss           
00001fc1  HOSTlseek                      
00002029  HOSTrename                     
00002091  __TI_writemsg                  
000020bf  C$$IO$$                        
000020c3  __TI_readmsg                   
000020f9  HOSTopen                       
00002159  close                          
000021b5  HOSTread                       
0000220d  HOSTwrite                      
00002265  _c_int00                       
000022b9  C$$EXIT                        
000022bd  abort                          
000022c5  exit                           
0000230d  copy_in                        
00002359  HOSTclose                      
0000239d  HOSTunlink                     
000023e1  strncpy                        
00002417  _system_post_cinit             
00002419  remove                         
00002419  unlink                         
00002445  write                          
0000246d  DisableInterrupts              
00002473  EnableInterrupts               
00002479  StartCritical                  
00002483  EndCritical                    
0000248b  WaitForInterrupt               
00002491  _args_main                     
000024a9  strcmp                         
000024c1  strchr                         
000024d9  _register_unlock               
000024df  _register_lock                 
000024e7  _nop                           
000024ed  strcpy                         
00002501  strlen                         
00002515  __TI_decompress_none           
00002523  Reset_Handler                  
0000252f  ADC14_IRQHandler               
0000252f  AES256_IRQHandler              
0000252f  BusFault_Handler               
0000252f  COMP_E0_IRQHandler             
0000252f  COMP_E1_IRQHandler             
0000252f  CS_IRQHandler                  
0000252f  DMA_ERR_IRQHandler             
0000252f  DMA_INT0_IRQHandler            
0000252f  DMA_INT1_IRQHandler            
0000252f  DMA_INT2_IRQHandler            
0000252f  DMA_INT3_IRQHandler            
0000252f  DebugMon_Handler               
0000252f  Default_Handler                
0000252f  EUSCIA0_IRQHandler             
0000252f  EUSCIA1_IRQHandler             
0000252f  EUSCIA2_IRQHandler             
0000252f  EUSCIA3_IRQHandler             
0000252f  EUSCIB0_IRQHandler             
0000252f  EUSCIB1_IRQHandler             
0000252f  EUSCIB2_IRQHandler             
0000252f  EUSCIB3_IRQHandler             
0000252f  FLCTL_IRQHandler               
0000252f  FPU_IRQHandler                 
0000252f  HardFault_Handler              
0000252f  MemManage_Handler              
0000252f  NMI_Handler                    
0000252f  PCM_IRQHandler                 
0000252f  PORT1_IRQHandler               
0000252f  PORT2_IRQHandler               
0000252f  PORT3_IRQHandler               
0000252f  PORT4_IRQHandler               
0000252f  PORT5_IRQHandler               
0000252f  PORT6_IRQHandler               
0000252f  PSS_IRQHandler                 
0000252f  PendSV_Handler                 
0000252f  RTC_C_IRQHandler               
0000252f  SVC_Handler                    
0000252f  SysTick_Handler                
0000252f  T32_INT1_IRQHandler            
0000252f  T32_INT2_IRQHandler            
0000252f  T32_INTC_IRQHandler            
0000252f  TA0_0_IRQHandler               
0000252f  TA0_N_IRQHandler               
0000252f  TA1_N_IRQHandler               
0000252f  TA2_0_IRQHandler               
0000252f  TA2_N_IRQHandler               
0000252f  TA3_0_IRQHandler               
0000252f  TA3_N_IRQHandler               
0000252f  UsageFault_Handler             
0000252f  WDT_A_IRQHandler               
00002531  __TI_zero_init                 
0000253d  _system_pre_init               
000025bc  __TI_Handler_Table_Base        
000025c8  __TI_Handler_Table_Limit       
000025d0  __TI_CINIT_Base                
000025e0  __TI_CINIT_Limit               
20000000  x                              
20001000  x2                             
20002000  x3                             
20003000  __CIOBUF_                      
20003120  __TI_tmpnams                   
200031c0  Messageb                       
200031c8  parmbuf                        
200031d0  ADCflag                        
200031d4  I1                             
200031d8  I2                             
200031dc  I3                             
200031e0  LPFSum                         
200031e4  LPFSum2                        
200031e8  LPFSum3                        
200031ec  Messageindexb                  
200031f0  Size                           
200031f4  Size2                          
200031f8  Size3                          
200031fc  TimerA1Task                    
20003200  center                         
20003204  left                           
20003208  nc                             
2000320c  nl                             
20003210  nr                             
20003214  right                          
20003218  _sys_memory                    
20003618  _ftable                        
20003708  _device                        
20003780  _stream                        
200037d0  ClockFrequency                 
200037d4  Prewait                        
200037d8  CPMwait                        
200037dc  Postwait                       
200037e0  IFlags                         
200037e4  Crystalstable                  
200037e8  __TI_ft_end                    
200037ec  __aeabi_stdin                  
200037f0  __aeabi_stdout                 
200037f4  __aeabi_stderr                 
200037f8  __TI_cleanup_ptr               
200037fc  __TI_dtors_ptr                 
20003800  __TI_enable_exit_profile_output
20003810  _lock                          
20003814  _unlock                        
20003824  main_func_sp                   
20003828  SystemCoreClock                
2000fe00  __stack                        
20010000  __STACK_END                    
4000480c  WDTCTL_SYM                     
ffffffff  __TI_pprof_out_hndl            
ffffffff  __TI_prof_data_size            
ffffffff  __TI_prof_data_start           
ffffffff  __binit__                      
ffffffff  __c_args__                     
ffffffff  binit                          
UNDEFED   SHT$$INIT_ARRAY$$Base          
UNDEFED   SHT$$INIT_ARRAY$$Limit         

[240 symbols]
