<?xml version="1.0"?>
<link_info>
   <banner>TI ARM Linker PC v16.9.6.LTS</banner>
   <copyright>Copyright (c) 1996-2017 Texas Instruments Incorporated</copyright>
   <link_time>0x6540740c</link_time>
   <link_errors>0x1</link_errors>
   <output_file>Lab4_TimerCapture_Tach.out</output_file>
   <entry_point>
      <name>_c_int00</name>
      <address>0x2849</address>
   </entry_point>
   <input_file_list>
      <input_file id="fl-2">
         <path>.\</path>
         <kind>object</kind>
         <file>Bump.obj</file>
         <name>Bump.obj</name>
      </input_file>
      <input_file id="fl-3">
         <path>.\</path>
         <kind>object</kind>
         <file>Clock.obj</file>
         <name>Clock.obj</name>
      </input_file>
      <input_file id="fl-4">
         <path>.\</path>
         <kind>object</kind>
         <file>CortexM.obj</file>
         <name>CortexM.obj</name>
      </input_file>
      <input_file id="fl-5">
         <path>.\</path>
         <kind>object</kind>
         <file>Lab4_Tachmain.obj</file>
         <name>Lab4_Tachmain.obj</name>
      </input_file>
      <input_file id="fl-6">
         <path>.\</path>
         <kind>object</kind>
         <file>LaunchPad.obj</file>
         <name>LaunchPad.obj</name>
      </input_file>
      <input_file id="fl-7">
         <path>.\</path>
         <kind>object</kind>
         <file>Motor.obj</file>
         <name>Motor.obj</name>
      </input_file>
      <input_file id="fl-8">
         <path>.\</path>
         <kind>object</kind>
         <file>PWM.obj</file>
         <name>PWM.obj</name>
      </input_file>
      <input_file id="fl-9">
         <path>.\</path>
         <kind>object</kind>
         <file>SysTick.obj</file>
         <name>SysTick.obj</name>
      </input_file>
      <input_file id="fl-a">
         <path>.\</path>
         <kind>object</kind>
         <file>TA3InputCapture.obj</file>
         <name>TA3InputCapture.obj</name>
      </input_file>
      <input_file id="fl-b">
         <path>.\</path>
         <kind>object</kind>
         <file>TExaS.obj</file>
         <name>TExaS.obj</name>
      </input_file>
      <input_file id="fl-c">
         <path>.\</path>
         <kind>object</kind>
         <file>UART0.obj</file>
         <name>UART0.obj</name>
      </input_file>
      <input_file id="fl-d">
         <path>.\</path>
         <kind>object</kind>
         <file>startup_msp432p401r_ccs.obj</file>
         <name>startup_msp432p401r_ccs.obj</name>
      </input_file>
      <input_file id="fl-e">
         <path>.\</path>
         <kind>object</kind>
         <file>system_msp432p401r.obj</file>
         <name>system_msp432p401r.obj</name>
      </input_file>
      <input_file id="fl-12">
         <kind>object</kind>
         <file>&lt;internal&gt;</file>
         <name>&lt;internal&gt;</name>
      </input_file>
      <input_file id="fl-c8">
         <path>C:\ti\ccsv7\tools\compiler\ti-cgt-arm_16.9.6.LTS\lib\</path>
         <kind>archive</kind>
         <file>rtsv7M4_T_le_v4SPD16_eabi.lib</file>
         <name>add_device.obj</name>
      </input_file>
      <input_file id="fl-c9">
         <path>C:\ti\ccsv7\tools\compiler\ti-cgt-arm_16.9.6.LTS\lib\</path>
         <kind>archive</kind>
         <file>rtsv7M4_T_le_v4SPD16_eabi.lib</file>
         <name>boot.obj</name>
      </input_file>
      <input_file id="fl-ca">
         <path>C:\ti\ccsv7\tools\compiler\ti-cgt-arm_16.9.6.LTS\lib\</path>
         <kind>archive</kind>
         <file>rtsv7M4_T_le_v4SPD16_eabi.lib</file>
         <name>copy_decompress_lzss.obj</name>
      </input_file>
      <input_file id="fl-cb">
         <path>C:\ti\ccsv7\tools\compiler\ti-cgt-arm_16.9.6.LTS\lib\</path>
         <kind>archive</kind>
         <file>rtsv7M4_T_le_v4SPD16_eabi.lib</file>
         <name>copy_decompress_none.obj</name>
      </input_file>
      <input_file id="fl-cc">
         <path>C:\ti\ccsv7\tools\compiler\ti-cgt-arm_16.9.6.LTS\lib\</path>
         <kind>archive</kind>
         <file>rtsv7M4_T_le_v4SPD16_eabi.lib</file>
         <name>copy_zero_init.obj</name>
      </input_file>
      <input_file id="fl-cd">
         <path>C:\ti\ccsv7\tools\compiler\ti-cgt-arm_16.9.6.LTS\lib\</path>
         <kind>archive</kind>
         <file>rtsv7M4_T_le_v4SPD16_eabi.lib</file>
         <name>defs.obj</name>
      </input_file>
      <input_file id="fl-ce">
         <path>C:\ti\ccsv7\tools\compiler\ti-cgt-arm_16.9.6.LTS\lib\</path>
         <kind>archive</kind>
         <file>rtsv7M4_T_le_v4SPD16_eabi.lib</file>
         <name>exit.obj</name>
      </input_file>
      <input_file id="fl-cf">
         <path>C:\ti\ccsv7\tools\compiler\ti-cgt-arm_16.9.6.LTS\lib\</path>
         <kind>archive</kind>
         <file>rtsv7M4_T_le_v4SPD16_eabi.lib</file>
         <name>fopen.obj</name>
      </input_file>
      <input_file id="fl-d0">
         <path>C:\ti\ccsv7\tools\compiler\ti-cgt-arm_16.9.6.LTS\lib\</path>
         <kind>archive</kind>
         <file>rtsv7M4_T_le_v4SPD16_eabi.lib</file>
         <name>getdevice.obj</name>
      </input_file>
      <input_file id="fl-d1">
         <path>C:\ti\ccsv7\tools\compiler\ti-cgt-arm_16.9.6.LTS\lib\</path>
         <kind>archive</kind>
         <file>rtsv7M4_T_le_v4SPD16_eabi.lib</file>
         <name>memcpy_t2.obj</name>
      </input_file>
      <input_file id="fl-d2">
         <path>C:\ti\ccsv7\tools\compiler\ti-cgt-arm_16.9.6.LTS\lib\</path>
         <kind>archive</kind>
         <file>rtsv7M4_T_le_v4SPD16_eabi.lib</file>
         <name>memset_t2.obj</name>
      </input_file>
      <input_file id="fl-d3">
         <path>C:\ti\ccsv7\tools\compiler\ti-cgt-arm_16.9.6.LTS\lib\</path>
         <kind>archive</kind>
         <file>rtsv7M4_T_le_v4SPD16_eabi.lib</file>
         <name>mpu_init.obj</name>
      </input_file>
      <input_file id="fl-d4">
         <path>C:\ti\ccsv7\tools\compiler\ti-cgt-arm_16.9.6.LTS\lib\</path>
         <kind>archive</kind>
         <file>rtsv7M4_T_le_v4SPD16_eabi.lib</file>
         <name>open.obj</name>
      </input_file>
      <input_file id="fl-d5">
         <path>C:\ti\ccsv7\tools\compiler\ti-cgt-arm_16.9.6.LTS\lib\</path>
         <kind>archive</kind>
         <file>rtsv7M4_T_le_v4SPD16_eabi.lib</file>
         <name>pre_init.obj</name>
      </input_file>
      <input_file id="fl-d6">
         <path>C:\ti\ccsv7\tools\compiler\ti-cgt-arm_16.9.6.LTS\lib\</path>
         <kind>archive</kind>
         <file>rtsv7M4_T_le_v4SPD16_eabi.lib</file>
         <name>setvbuf.obj</name>
      </input_file>
      <input_file id="fl-d7">
         <path>C:\ti\ccsv7\tools\compiler\ti-cgt-arm_16.9.6.LTS\lib\</path>
         <kind>archive</kind>
         <file>rtsv7M4_T_le_v4SPD16_eabi.lib</file>
         <name>stkdepth_vars.obj</name>
      </input_file>
      <input_file id="fl-d8">
         <path>C:\ti\ccsv7\tools\compiler\ti-cgt-arm_16.9.6.LTS\lib\</path>
         <kind>archive</kind>
         <file>rtsv7M4_T_le_v4SPD16_eabi.lib</file>
         <name>strchr.obj</name>
      </input_file>
      <input_file id="fl-d9">
         <path>C:\ti\ccsv7\tools\compiler\ti-cgt-arm_16.9.6.LTS\lib\</path>
         <kind>archive</kind>
         <file>rtsv7M4_T_le_v4SPD16_eabi.lib</file>
         <name>strcmp.obj</name>
      </input_file>
      <input_file id="fl-da">
         <path>C:\ti\ccsv7\tools\compiler\ti-cgt-arm_16.9.6.LTS\lib\</path>
         <kind>archive</kind>
         <file>rtsv7M4_T_le_v4SPD16_eabi.lib</file>
         <name>strncpy.obj</name>
      </input_file>
      <input_file id="fl-db">
         <path>C:\ti\ccsv7\tools\compiler\ti-cgt-arm_16.9.6.LTS\lib\</path>
         <kind>archive</kind>
         <file>rtsv7M4_T_le_v4SPD16_eabi.lib</file>
         <name>write.obj</name>
      </input_file>
      <input_file id="fl-dc">
         <path>C:\ti\ccsv7\tools\compiler\ti-cgt-arm_16.9.6.LTS\lib\</path>
         <kind>archive</kind>
         <file>rtsv7M4_T_le_v4SPD16_eabi.lib</file>
         <name>_lock.obj</name>
      </input_file>
      <input_file id="fl-dd">
         <path>C:\ti\ccsv7\tools\compiler\ti-cgt-arm_16.9.6.LTS\lib\</path>
         <kind>archive</kind>
         <file>rtsv7M4_T_le_v4SPD16_eabi.lib</file>
         <name>args_main.obj</name>
      </input_file>
      <input_file id="fl-de">
         <path>C:\ti\ccsv7\tools\compiler\ti-cgt-arm_16.9.6.LTS\lib\</path>
         <kind>archive</kind>
         <file>rtsv7M4_T_le_v4SPD16_eabi.lib</file>
         <name>autoinit.obj</name>
      </input_file>
      <input_file id="fl-df">
         <path>C:\ti\ccsv7\tools\compiler\ti-cgt-arm_16.9.6.LTS\lib\</path>
         <kind>archive</kind>
         <file>rtsv7M4_T_le_v4SPD16_eabi.lib</file>
         <name>cpy_tbl.obj</name>
      </input_file>
      <input_file id="fl-e0">
         <path>C:\ti\ccsv7\tools\compiler\ti-cgt-arm_16.9.6.LTS\lib\</path>
         <kind>archive</kind>
         <file>rtsv7M4_T_le_v4SPD16_eabi.lib</file>
         <name>fclose.obj</name>
      </input_file>
      <input_file id="fl-e1">
         <path>C:\ti\ccsv7\tools\compiler\ti-cgt-arm_16.9.6.LTS\lib\</path>
         <kind>archive</kind>
         <file>rtsv7M4_T_le_v4SPD16_eabi.lib</file>
         <name>fflush.obj</name>
      </input_file>
      <input_file id="fl-e2">
         <path>C:\ti\ccsv7\tools\compiler\ti-cgt-arm_16.9.6.LTS\lib\</path>
         <kind>archive</kind>
         <file>rtsv7M4_T_le_v4SPD16_eabi.lib</file>
         <name>hostclose.obj</name>
      </input_file>
      <input_file id="fl-e3">
         <path>C:\ti\ccsv7\tools\compiler\ti-cgt-arm_16.9.6.LTS\lib\</path>
         <kind>archive</kind>
         <file>rtsv7M4_T_le_v4SPD16_eabi.lib</file>
         <name>hostlseek.obj</name>
      </input_file>
      <input_file id="fl-e4">
         <path>C:\ti\ccsv7\tools\compiler\ti-cgt-arm_16.9.6.LTS\lib\</path>
         <kind>archive</kind>
         <file>rtsv7M4_T_le_v4SPD16_eabi.lib</file>
         <name>hostopen.obj</name>
      </input_file>
      <input_file id="fl-e5">
         <path>C:\ti\ccsv7\tools\compiler\ti-cgt-arm_16.9.6.LTS\lib\</path>
         <kind>archive</kind>
         <file>rtsv7M4_T_le_v4SPD16_eabi.lib</file>
         <name>hostread.obj</name>
      </input_file>
      <input_file id="fl-e6">
         <path>C:\ti\ccsv7\tools\compiler\ti-cgt-arm_16.9.6.LTS\lib\</path>
         <kind>archive</kind>
         <file>rtsv7M4_T_le_v4SPD16_eabi.lib</file>
         <name>hostrename.obj</name>
      </input_file>
      <input_file id="fl-e7">
         <path>C:\ti\ccsv7\tools\compiler\ti-cgt-arm_16.9.6.LTS\lib\</path>
         <kind>archive</kind>
         <file>rtsv7M4_T_le_v4SPD16_eabi.lib</file>
         <name>hostunlink.obj</name>
      </input_file>
      <input_file id="fl-e8">
         <path>C:\ti\ccsv7\tools\compiler\ti-cgt-arm_16.9.6.LTS\lib\</path>
         <kind>archive</kind>
         <file>rtsv7M4_T_le_v4SPD16_eabi.lib</file>
         <name>hostwrite.obj</name>
      </input_file>
      <input_file id="fl-e9">
         <path>C:\ti\ccsv7\tools\compiler\ti-cgt-arm_16.9.6.LTS\lib\</path>
         <kind>archive</kind>
         <file>rtsv7M4_T_le_v4SPD16_eabi.lib</file>
         <name>memory.obj</name>
      </input_file>
      <input_file id="fl-ea">
         <path>C:\ti\ccsv7\tools\compiler\ti-cgt-arm_16.9.6.LTS\lib\</path>
         <kind>archive</kind>
         <file>rtsv7M4_T_le_v4SPD16_eabi.lib</file>
         <name>remove.obj</name>
      </input_file>
      <input_file id="fl-eb">
         <path>C:\ti\ccsv7\tools\compiler\ti-cgt-arm_16.9.6.LTS\lib\</path>
         <kind>archive</kind>
         <file>rtsv7M4_T_le_v4SPD16_eabi.lib</file>
         <name>startup.obj</name>
      </input_file>
      <input_file id="fl-ec">
         <path>C:\ti\ccsv7\tools\compiler\ti-cgt-arm_16.9.6.LTS\lib\</path>
         <kind>archive</kind>
         <file>rtsv7M4_T_le_v4SPD16_eabi.lib</file>
         <name>strcpy.obj</name>
      </input_file>
      <input_file id="fl-ed">
         <path>C:\ti\ccsv7\tools\compiler\ti-cgt-arm_16.9.6.LTS\lib\</path>
         <kind>archive</kind>
         <file>rtsv7M4_T_le_v4SPD16_eabi.lib</file>
         <name>strlen.obj</name>
      </input_file>
      <input_file id="fl-ee">
         <path>C:\ti\ccsv7\tools\compiler\ti-cgt-arm_16.9.6.LTS\lib\</path>
         <kind>archive</kind>
         <file>rtsv7M4_T_le_v4SPD16_eabi.lib</file>
         <name>trgmsg.obj</name>
      </input_file>
      <input_file id="fl-ef">
         <path>C:\ti\ccsv7\tools\compiler\ti-cgt-arm_16.9.6.LTS\lib\</path>
         <kind>archive</kind>
         <file>rtsv7M4_T_le_v4SPD16_eabi.lib</file>
         <name>unlink.obj</name>
      </input_file>
      <input_file id="fl-f0">
         <path>C:\ti\ccsv7\tools\compiler\ti-cgt-arm_16.9.6.LTS\lib\</path>
         <kind>archive</kind>
         <file>rtsv7M4_T_le_v4SPD16_eabi.lib</file>
         <name>close.obj</name>
      </input_file>
   </input_file_list>
   <object_component_list>
      <object_component id="oc-2c">
         <name>.intvecs:retain</name>
         <load_address>0x0</load_address>
         <run_address>0x0</run_address>
         <size>0xe4</size>
         <input_file_ref idref="fl-d"/>
      </object_component>
      <object_component id="oc-129">
         <name>.text</name>
         <load_address>0xe4</load_address>
         <run_address>0xe4</run_address>
         <size>0x6bc</size>
         <input_file_ref idref="fl-c"/>
      </object_component>
      <object_component id="oc-84">
         <name>.text</name>
         <load_address>0x7a0</load_address>
         <run_address>0x7a0</run_address>
         <size>0x630</size>
         <input_file_ref idref="fl-b"/>
      </object_component>
      <object_component id="oc-1d3">
         <name>.text</name>
         <load_address>0xdd0</load_address>
         <run_address>0xdd0</run_address>
         <size>0x3d0</size>
         <input_file_ref idref="fl-e9"/>
      </object_component>
      <object_component id="oc-d0">
         <name>.text</name>
         <load_address>0x11a0</load_address>
         <run_address>0x11a0</run_address>
         <size>0x32c</size>
         <input_file_ref idref="fl-e"/>
      </object_component>
      <object_component id="oc-111">
         <name>.text</name>
         <load_address>0x14cc</load_address>
         <run_address>0x14cc</run_address>
         <size>0x1e0</size>
         <input_file_ref idref="fl-3"/>
      </object_component>
      <object_component id="oc-187">
         <name>.text</name>
         <load_address>0x16ac</load_address>
         <run_address>0x16ac</run_address>
         <size>0x1c4</size>
         <input_file_ref idref="fl-cf"/>
      </object_component>
      <object_component id="oc-117">
         <name>.text</name>
         <load_address>0x1870</load_address>
         <run_address>0x1870</run_address>
         <size>0x1b0</size>
         <input_file_ref idref="fl-7"/>
      </object_component>
      <object_component id="oc-8a">
         <name>.text</name>
         <load_address>0x1a20</load_address>
         <run_address>0x1a20</run_address>
         <size>0x15c</size>
         <input_file_ref idref="fl-2"/>
      </object_component>
      <object_component id="oc-bd">
         <name>.text</name>
         <load_address>0x1b7c</load_address>
         <run_address>0x1b7c</run_address>
         <size>0x134</size>
         <input_file_ref idref="fl-5"/>
      </object_component>
      <object_component id="oc-7e">
         <name>.text</name>
         <load_address>0x1cb0</load_address>
         <run_address>0x1cb0</run_address>
         <size>0x104</size>
         <input_file_ref idref="fl-a"/>
      </object_component>
      <object_component id="oc-11d">
         <name>.text</name>
         <load_address>0x1db4</load_address>
         <run_address>0x1db4</run_address>
         <size>0xf4</size>
         <input_file_ref idref="fl-6"/>
      </object_component>
      <object_component id="oc-174">
         <name>.text</name>
         <load_address>0x1ea8</load_address>
         <run_address>0x1ea8</run_address>
         <size>0xec</size>
         <input_file_ref idref="fl-8"/>
      </object_component>
      <object_component id="oc-18d">
         <name>.text</name>
         <load_address>0x1f94</load_address>
         <run_address>0x1f94</run_address>
         <size>0xdc</size>
         <input_file_ref idref="fl-d6"/>
      </object_component>
      <object_component id="oc-233">
         <name>.text</name>
         <load_address>0x2070</load_address>
         <run_address>0x2070</run_address>
         <size>0xc8</size>
         <input_file_ref idref="fl-e1"/>
      </object_component>
      <object_component id="oc-1c1">
         <name>.text</name>
         <load_address>0x2138</load_address>
         <run_address>0x2138</run_address>
         <size>0xbc</size>
         <input_file_ref idref="fl-d4"/>
      </object_component>
      <object_component id="oc-181">
         <name>.text</name>
         <load_address>0x21f4</load_address>
         <run_address>0x21f4</run_address>
         <size>0xb8</size>
         <input_file_ref idref="fl-c8"/>
      </object_component>
      <object_component id="oc-3e">
         <name>.text</name>
         <load_address>0x22ac</load_address>
         <run_address>0x22ac</run_address>
         <size>0x9c</size>
         <input_file_ref idref="fl-d1"/>
      </object_component>
      <object_component id="oc-1c7">
         <name>.text</name>
         <load_address>0x2348</load_address>
         <run_address>0x2348</run_address>
         <size>0x98</size>
         <input_file_ref idref="fl-e0"/>
      </object_component>
      <object_component id="oc-4a">
         <name>.text</name>
         <load_address>0x23e0</load_address>
         <run_address>0x23e0</run_address>
         <size>0x7a</size>
         <input_file_ref idref="fl-d2"/>
      </object_component>
      <object_component id="oc-56">
         <name>.text</name>
         <load_address>0x245a</load_address>
         <run_address>0x245a</run_address>
         <size>0x2</size>
         <input_file_ref idref="fl-d3"/>
      </object_component>
      <object_component id="oc-62">
         <name>.text</name>
         <load_address>0x245c</load_address>
         <run_address>0x245c</run_address>
         <size>0x70</size>
         <input_file_ref idref="fl-de"/>
      </object_component>
      <object_component id="oc-1af">
         <name>.text</name>
         <load_address>0x24cc</load_address>
         <run_address>0x24cc</run_address>
         <size>0x70</size>
         <input_file_ref idref="fl-d0"/>
      </object_component>
      <object_component id="oc-14">
         <name>.text:decompress:lzss</name>
         <load_address>0x253c</load_address>
         <run_address>0x253c</run_address>
         <size>0x68</size>
         <input_file_ref idref="fl-ca"/>
      </object_component>
      <object_component id="oc-20c">
         <name>.text</name>
         <load_address>0x25a4</load_address>
         <run_address>0x25a4</run_address>
         <size>0x68</size>
         <input_file_ref idref="fl-e3"/>
      </object_component>
      <object_component id="oc-218">
         <name>.text</name>
         <load_address>0x260c</load_address>
         <run_address>0x260c</run_address>
         <size>0x68</size>
         <input_file_ref idref="fl-e6"/>
      </object_component>
      <object_component id="oc-267">
         <name>.text</name>
         <load_address>0x2674</load_address>
         <run_address>0x2674</run_address>
         <size>0x68</size>
         <input_file_ref idref="fl-ee"/>
      </object_component>
      <object_component id="oc-1f4">
         <name>.text</name>
         <load_address>0x26dc</load_address>
         <run_address>0x26dc</run_address>
         <size>0x60</size>
         <input_file_ref idref="fl-e4"/>
      </object_component>
      <object_component id="oc-239">
         <name>.text</name>
         <load_address>0x273c</load_address>
         <run_address>0x273c</run_address>
         <size>0x5c</size>
         <input_file_ref idref="fl-f0"/>
      </object_component>
      <object_component id="oc-200">
         <name>.text</name>
         <load_address>0x2798</load_address>
         <run_address>0x2798</run_address>
         <size>0x58</size>
         <input_file_ref idref="fl-e5"/>
      </object_component>
      <object_component id="oc-206">
         <name>.text</name>
         <load_address>0x27f0</load_address>
         <run_address>0x27f0</run_address>
         <size>0x58</size>
         <input_file_ref idref="fl-e8"/>
      </object_component>
      <object_component id="oc-26">
         <name>.text</name>
         <load_address>0x2848</load_address>
         <run_address>0x2848</run_address>
         <size>0x54</size>
         <input_file_ref idref="fl-c9"/>
      </object_component>
      <object_component id="oc-6e">
         <name>.text</name>
         <load_address>0x289c</load_address>
         <run_address>0x289c</run_address>
         <size>0x54</size>
         <input_file_ref idref="fl-ce"/>
      </object_component>
      <object_component id="oc-af">
         <name>.text</name>
         <load_address>0x28f0</load_address>
         <run_address>0x28f0</run_address>
         <size>0x4c</size>
         <input_file_ref idref="fl-df"/>
      </object_component>
      <object_component id="oc-1fa">
         <name>.text</name>
         <load_address>0x293c</load_address>
         <run_address>0x293c</run_address>
         <size>0x44</size>
         <input_file_ref idref="fl-e2"/>
      </object_component>
      <object_component id="oc-212">
         <name>.text</name>
         <load_address>0x2980</load_address>
         <run_address>0x2980</run_address>
         <size>0x44</size>
         <input_file_ref idref="fl-e7"/>
      </object_component>
      <object_component id="oc-1b5">
         <name>.text</name>
         <load_address>0x29c4</load_address>
         <run_address>0x29c4</run_address>
         <size>0x36</size>
         <input_file_ref idref="fl-da"/>
      </object_component>
      <object_component id="oc-b5">
         <name>.text</name>
         <load_address>0x29fa</load_address>
         <run_address>0x29fa</run_address>
         <size>0x2</size>
         <input_file_ref idref="fl-eb"/>
      </object_component>
      <object_component id="oc-23f">
         <name>.text</name>
         <load_address>0x29fc</load_address>
         <run_address>0x29fc</run_address>
         <size>0x2c</size>
         <input_file_ref idref="fl-ef"/>
      </object_component>
      <object_component id="oc-28e">
         <name>.text</name>
         <load_address>0x2a28</load_address>
         <run_address>0x2a28</run_address>
         <size>0x28</size>
         <input_file_ref idref="fl-db"/>
      </object_component>
      <object_component id="oc-123">
         <name>.text</name>
         <load_address>0x2a50</load_address>
         <run_address>0x2a50</run_address>
         <size>0x24</size>
         <input_file_ref idref="fl-4"/>
      </object_component>
      <object_component id="oc-68">
         <name>.text</name>
         <load_address>0x2a74</load_address>
         <run_address>0x2a74</run_address>
         <size>0x18</size>
         <input_file_ref idref="fl-dd"/>
      </object_component>
      <object_component id="oc-1e4">
         <name>.text</name>
         <load_address>0x2a8c</load_address>
         <run_address>0x2a8c</run_address>
         <size>0x18</size>
         <input_file_ref idref="fl-d9"/>
      </object_component>
      <object_component id="oc-1ea">
         <name>.text</name>
         <load_address>0x2aa4</load_address>
         <run_address>0x2aa4</run_address>
         <size>0x16</size>
         <input_file_ref idref="fl-d8"/>
      </object_component>
      <object_component id="oc-140">
         <name>.text</name>
         <load_address>0x2abc</load_address>
         <run_address>0x2abc</run_address>
         <size>0x14</size>
         <input_file_ref idref="fl-dc"/>
      </object_component>
      <object_component id="oc-27b">
         <name>.text</name>
         <load_address>0x2ad0</load_address>
         <run_address>0x2ad0</run_address>
         <size>0x14</size>
         <input_file_ref idref="fl-ec"/>
      </object_component>
      <object_component id="oc-261">
         <name>.text</name>
         <load_address>0x2ae4</load_address>
         <run_address>0x2ae4</run_address>
         <size>0x14</size>
         <input_file_ref idref="fl-ed"/>
      </object_component>
      <object_component id="oc-1a">
         <name>.text:decompress:none</name>
         <load_address>0x2af8</load_address>
         <run_address>0x2af8</run_address>
         <size>0xe</size>
         <input_file_ref idref="fl-cb"/>
      </object_component>
      <object_component id="oc-78">
         <name>.text</name>
         <load_address>0x2b06</load_address>
         <run_address>0x2b06</run_address>
         <size>0xe</size>
         <input_file_ref idref="fl-d"/>
      </object_component>
      <object_component id="oc-20">
         <name>.text:decompress:ZI</name>
         <load_address>0x2b14</load_address>
         <run_address>0x2b14</run_address>
         <size>0xc</size>
         <input_file_ref idref="fl-cc"/>
      </object_component>
      <object_component id="oc-5c">
         <name>.text</name>
         <load_address>0x2b20</load_address>
         <run_address>0x2b20</run_address>
         <size>0x4</size>
         <input_file_ref idref="fl-d5"/>
      </object_component>
      <object_component id="oc-2ef">
         <name>.cinit..data.load</name>
         <load_address>0x2b28</load_address>
         <run_address>0x2b28</run_address>
         <size>0x81</size>
      </object_component>
      <object_component id="oc-2ed">
         <name>__TI_handler_table</name>
         <load_address>0x2bac</load_address>
         <run_address>0x2bac</run_address>
         <size>0xc</size>
      </object_component>
      <object_component id="oc-2f0">
         <name>.cinit..bss.load</name>
         <load_address>0x2bb8</load_address>
         <run_address>0x2bb8</run_address>
         <size>0x8</size>
      </object_component>
      <object_component id="oc-2ee">
         <name>__TI_cinit_table</name>
         <load_address>0x2bc0</load_address>
         <run_address>0x2bc0</run_address>
         <size>0x10</size>
      </object_component>
      <object_component id="oc-2ca">
         <name>.binit</name>
         <load_address>0x0</load_address>
         <run_address>0x0</run_address>
         <size>0x0</size>
      </object_component>
      <object_component id="oc-170">
         <name>.data</name>
         <load_address>0x200005b8</load_address>
         <run_address>0x200005b8</run_address>
         <size>0x18</size>
         <input_file_ref idref="fl-3"/>
      </object_component>
      <object_component id="oc-132">
         <name>.data</name>
         <load_address>0x200005d0</load_address>
         <run_address>0x200005d0</run_address>
         <size>0x14</size>
         <input_file_ref idref="fl-5"/>
      </object_component>
      <object_component id="oc-d7">
         <name>.data</name>
         <load_address>0x20000620</load_address>
         <run_address>0x20000620</run_address>
         <size>0x8</size>
         <input_file_ref idref="fl-a"/>
      </object_component>
      <object_component id="oc-e4">
         <name>.data</name>
         <load_address>0x2000060c</load_address>
         <run_address>0x2000060c</run_address>
         <size>0xc</size>
         <input_file_ref idref="fl-b"/>
      </object_component>
      <object_component id="oc-14c">
         <name>.data</name>
         <load_address>0x20000638</load_address>
         <run_address>0x20000638</run_address>
         <size>0x4</size>
         <input_file_ref idref="fl-e"/>
      </object_component>
      <object_component id="oc-1bb">
         <name>.data</name>
         <load_address>0x20000628</load_address>
         <run_address>0x20000628</run_address>
         <size>0x4</size>
         <input_file_ref idref="fl-c8"/>
      </object_component>
      <object_component id="oc-193">
         <name>.data:_ftable</name>
         <load_address>0x20000400</load_address>
         <run_address>0x20000400</run_address>
         <size>0xf0</size>
         <input_file_ref idref="fl-cd"/>
      </object_component>
      <object_component id="oc-1cd">
         <name>.data</name>
         <load_address>0x200005e4</load_address>
         <run_address>0x200005e4</run_address>
         <size>0x10</size>
         <input_file_ref idref="fl-cd"/>
      </object_component>
      <object_component id="oc-c5">
         <name>.data:$O1$$</name>
         <load_address>0x200005f4</load_address>
         <run_address>0x200005f4</run_address>
         <size>0xc</size>
         <input_file_ref idref="fl-ce"/>
      </object_component>
      <object_component id="oc-1d0">
         <name>.data</name>
         <load_address>0x2000062c</load_address>
         <run_address>0x2000062c</run_address>
         <size>0x4</size>
         <input_file_ref idref="fl-cf"/>
      </object_component>
      <object_component id="oc-22d">
         <name>.data</name>
         <load_address>0x20000630</load_address>
         <run_address>0x20000630</run_address>
         <size>0x4</size>
         <input_file_ref idref="fl-d4"/>
      </object_component>
      <object_component id="oc-74">
         <name>.data</name>
         <load_address>0x20000634</load_address>
         <run_address>0x20000634</run_address>
         <size>0x4</size>
         <input_file_ref idref="fl-d7"/>
      </object_component>
      <object_component id="oc-1bc">
         <name>.data:_device</name>
         <load_address>0x200004f0</load_address>
         <run_address>0x200004f0</run_address>
         <size>0x78</size>
         <input_file_ref idref="fl-db"/>
      </object_component>
      <object_component id="oc-22e">
         <name>.data:_stream</name>
         <load_address>0x20000568</load_address>
         <run_address>0x20000568</run_address>
         <size>0x50</size>
         <input_file_ref idref="fl-db"/>
      </object_component>
      <object_component id="oc-c8">
         <name>.data:$O1$$</name>
         <load_address>0x20000618</load_address>
         <run_address>0x20000618</run_address>
         <size>0x8</size>
         <input_file_ref idref="fl-dc"/>
      </object_component>
      <object_component id="oc-251">
         <name>.data:$O1$$</name>
         <load_address>0x20000600</load_address>
         <run_address>0x20000600</run_address>
         <size>0xc</size>
         <input_file_ref idref="fl-e9"/>
      </object_component>
      <object_component id="oc-2a4">
         <name>.bss:_CIOBUF_</name>
         <uninitialized>true</uninitialized>
         <run_address>0x2000063c</run_address>
         <size>0x120</size>
         <input_file_ref idref="fl-ee"/>
      </object_component>
      <object_component id="oc-ee">
         <name>.common:Port4Task</name>
         <uninitialized>true</uninitialized>
         <run_address>0x20000814</run_address>
         <size>0x4</size>
      </object_component>
      <object_component id="oc-12f">
         <name>.common:Period0</name>
         <uninitialized>true</uninitialized>
         <run_address>0x20000818</run_address>
         <size>0x2</size>
      </object_component>
      <object_component id="oc-135">
         <name>.common:Period2</name>
         <uninitialized>true</uninitialized>
         <run_address>0x2000081a</run_address>
         <size>0x2</size>
      </object_component>
      <object_component id="oc-e1">
         <name>.common:LogicData</name>
         <uninitialized>true</uninitialized>
         <run_address>0x2000081c</run_address>
         <size>0x1</size>
      </object_component>
      <object_component id="oc-e7">
         <name>.common:PeriodicTask2</name>
         <uninitialized>true</uninitialized>
         <run_address>0x20000810</run_address>
         <size>0x4</size>
      </object_component>
      <object_component id="oc-180">
         <name>.common:Messageindexb</name>
         <uninitialized>true</uninitialized>
         <run_address>0x2000080c</run_address>
         <size>0x4</size>
      </object_component>
      <object_component id="oc-17d">
         <name>.common:Messageb</name>
         <uninitialized>true</uninitialized>
         <run_address>0x200007fc</run_address>
         <size>0x8</size>
      </object_component>
      <object_component id="oc-245">
         <name>.common:__TI_tmpnams</name>
         <uninitialized>true</uninitialized>
         <run_address>0x2000075c</run_address>
         <size>0xa0</size>
      </object_component>
      <object_component id="oc-26d">
         <name>.common:parmbuf</name>
         <uninitialized>true</uninitialized>
         <run_address>0x20000804</run_address>
         <size>0x8</size>
      </object_component>
      <object_component id="oc-30">
         <name>.sysmem</name>
         <uninitialized>true</uninitialized>
         <run_address>0x20000000</run_address>
         <size>0x8</size>
         <input_file_ref idref="fl-e9"/>
      </object_component>
      <object_component id="oc-2f2">
         <name>.sysmem</name>
         <uninitialized>true</uninitialized>
         <run_address>0x20000000</run_address>
         <size>0x0</size>
      </object_component>
      <object_component id="oc-2f">
         <name>.stack</name>
         <uninitialized>true</uninitialized>
         <run_address>0x2000fe00</run_address>
         <size>0x0</size>
         <input_file_ref idref="fl-c9"/>
      </object_component>
      <object_component id="oc-2f1">
         <name>.stack</name>
         <uninitialized>true</uninitialized>
         <run_address>0x2000fe00</run_address>
         <size>0x0</size>
      </object_component>
      <object_component id="oc-ef">
         <name>.debug_info</name>
         <load_address>0x0</load_address>
         <run_address>0x0</run_address>
         <size>0x5b0</size>
         <input_file_ref idref="fl-2"/>
      </object_component>
      <object_component id="oc-8b">
         <name>.debug_info</name>
         <load_address>0x5b0</load_address>
         <run_address>0x5b0</run_address>
         <size>0x3ed</size>
         <input_file_ref idref="fl-2"/>
      </object_component>
      <object_component id="oc-154">
         <name>.debug_info</name>
         <load_address>0x99d</load_address>
         <run_address>0x99d</run_address>
         <size>0x37e2</size>
         <input_file_ref idref="fl-2"/>
      </object_component>
      <object_component id="oc-159">
         <name>.debug_info</name>
         <load_address>0x417f</load_address>
         <run_address>0x417f</run_address>
         <size>0x1055</size>
         <input_file_ref idref="fl-2"/>
      </object_component>
      <object_component id="oc-39">
         <name>.debug_info</name>
         <load_address>0x51d4</load_address>
         <run_address>0x51d4</run_address>
         <size>0x84</size>
         <input_file_ref idref="fl-2"/>
      </object_component>
      <object_component id="oc-db">
         <name>.debug_info</name>
         <load_address>0x5258</load_address>
         <run_address>0x5258</run_address>
         <size>0x18b</size>
         <input_file_ref idref="fl-2"/>
      </object_component>
      <object_component id="oc-171">
         <name>.debug_info</name>
         <load_address>0x53e3</load_address>
         <run_address>0x53e3</run_address>
         <size>0x1cc</size>
         <input_file_ref idref="fl-3"/>
      </object_component>
      <object_component id="oc-112">
         <name>.debug_info</name>
         <load_address>0x55af</load_address>
         <run_address>0x55af</run_address>
         <size>0x4d0</size>
         <input_file_ref idref="fl-3"/>
      </object_component>
      <object_component id="oc-124">
         <name>.debug_info</name>
         <load_address>0x5a7f</load_address>
         <run_address>0x5a7f</run_address>
         <size>0x491</size>
         <input_file_ref idref="fl-4"/>
      </object_component>
      <object_component id="oc-130">
         <name>.debug_info</name>
         <load_address>0x5f10</load_address>
         <run_address>0x5f10</run_address>
         <size>0x7c8</size>
         <input_file_ref idref="fl-5"/>
      </object_component>
      <object_component id="oc-133">
         <name>.debug_info</name>
         <load_address>0x66d8</load_address>
         <run_address>0x66d8</run_address>
         <size>0x165</size>
         <input_file_ref idref="fl-5"/>
      </object_component>
      <object_component id="oc-be">
         <name>.debug_info</name>
         <load_address>0x683d</load_address>
         <run_address>0x683d</run_address>
         <size>0x433</size>
         <input_file_ref idref="fl-5"/>
      </object_component>
      <object_component id="oc-e9">
         <name>.debug_info</name>
         <load_address>0x6c70</load_address>
         <run_address>0x6c70</run_address>
         <size>0xb4</size>
         <input_file_ref idref="fl-5"/>
      </object_component>
      <object_component id="oc-11f">
         <name>.debug_info</name>
         <load_address>0x6d24</load_address>
         <run_address>0x6d24</run_address>
         <size>0x436</size>
         <input_file_ref idref="fl-6"/>
      </object_component>
      <object_component id="oc-119">
         <name>.debug_info</name>
         <load_address>0x715a</load_address>
         <run_address>0x715a</run_address>
         <size>0x75f</size>
         <input_file_ref idref="fl-7"/>
      </object_component>
      <object_component id="oc-178">
         <name>.debug_info</name>
         <load_address>0x78b9</load_address>
         <run_address>0x78b9</run_address>
         <size>0x3b0</size>
         <input_file_ref idref="fl-8"/>
      </object_component>
      <object_component id="oc-e0">
         <name>.debug_info</name>
         <load_address>0x7c69</load_address>
         <run_address>0x7c69</run_address>
         <size>0x57a</size>
         <input_file_ref idref="fl-a"/>
      </object_component>
      <object_component id="oc-d8">
         <name>.debug_info</name>
         <load_address>0x81e3</load_address>
         <run_address>0x81e3</run_address>
         <size>0x154</size>
         <input_file_ref idref="fl-a"/>
      </object_component>
      <object_component id="oc-80">
         <name>.debug_info</name>
         <load_address>0x8337</load_address>
         <run_address>0x8337</run_address>
         <size>0x497</size>
         <input_file_ref idref="fl-a"/>
      </object_component>
      <object_component id="oc-e2">
         <name>.debug_info</name>
         <load_address>0x87ce</load_address>
         <run_address>0x87ce</run_address>
         <size>0x5b9</size>
         <input_file_ref idref="fl-b"/>
      </object_component>
      <object_component id="oc-e5">
         <name>.debug_info</name>
         <load_address>0x8d87</load_address>
         <run_address>0x8d87</run_address>
         <size>0x1af</size>
         <input_file_ref idref="fl-b"/>
      </object_component>
      <object_component id="oc-86">
         <name>.debug_info</name>
         <load_address>0x8f36</load_address>
         <run_address>0x8f36</run_address>
         <size>0x2374</size>
         <input_file_ref idref="fl-b"/>
      </object_component>
      <object_component id="oc-17e">
         <name>.debug_info</name>
         <load_address>0xb2aa</load_address>
         <run_address>0xb2aa</run_address>
         <size>0x7a2</size>
         <input_file_ref idref="fl-c"/>
      </object_component>
      <object_component id="oc-12a">
         <name>.debug_info</name>
         <load_address>0xba4c</load_address>
         <run_address>0xba4c</run_address>
         <size>0x1da8</size>
         <input_file_ref idref="fl-c"/>
      </object_component>
      <object_component id="oc-1aa">
         <name>.debug_info</name>
         <load_address>0xd7f4</load_address>
         <run_address>0xd7f4</run_address>
         <size>0xc8</size>
         <input_file_ref idref="fl-c"/>
      </object_component>
      <object_component id="oc-197">
         <name>.debug_info</name>
         <load_address>0xd8bc</load_address>
         <run_address>0xd8bc</run_address>
         <size>0x2c</size>
         <input_file_ref idref="fl-c"/>
      </object_component>
      <object_component id="oc-92">
         <name>.debug_info</name>
         <load_address>0xd8e8</load_address>
         <run_address>0xd8e8</run_address>
         <size>0x2cd</size>
         <input_file_ref idref="fl-d"/>
      </object_component>
      <object_component id="oc-2d">
         <name>.debug_info</name>
         <load_address>0xdbb5</load_address>
         <run_address>0xdbb5</run_address>
         <size>0x10b</size>
         <input_file_ref idref="fl-d"/>
      </object_component>
      <object_component id="oc-79">
         <name>.debug_info</name>
         <load_address>0xdcc0</load_address>
         <run_address>0xdcc0</run_address>
         <size>0x1d2</size>
         <input_file_ref idref="fl-d"/>
      </object_component>
      <object_component id="oc-14d">
         <name>.debug_info</name>
         <load_address>0xde92</load_address>
         <run_address>0xde92</run_address>
         <size>0x104</size>
         <input_file_ref idref="fl-e"/>
      </object_component>
      <object_component id="oc-d1">
         <name>.debug_info</name>
         <load_address>0xdf96</load_address>
         <run_address>0xdf96</run_address>
         <size>0x276</size>
         <input_file_ref idref="fl-e"/>
      </object_component>
      <object_component id="oc-1c0">
         <name>.debug_info</name>
         <load_address>0xe20c</load_address>
         <run_address>0xe20c</run_address>
         <size>0x430</size>
         <input_file_ref idref="fl-c8"/>
      </object_component>
      <object_component id="oc-182">
         <name>.debug_info</name>
         <load_address>0xe63c</load_address>
         <run_address>0xe63c</run_address>
         <size>0x2d0</size>
         <input_file_ref idref="fl-c8"/>
      </object_component>
      <object_component id="oc-228">
         <name>.debug_info</name>
         <load_address>0xe90c</load_address>
         <run_address>0xe90c</run_address>
         <size>0xea</size>
         <input_file_ref idref="fl-c8"/>
      </object_component>
      <object_component id="oc-223">
         <name>.debug_info</name>
         <load_address>0xe9f6</load_address>
         <run_address>0xe9f6</run_address>
         <size>0x2c</size>
         <input_file_ref idref="fl-c8"/>
      </object_component>
      <object_component id="oc-29">
         <name>.debug_info</name>
         <load_address>0xea22</load_address>
         <run_address>0xea22</run_address>
         <size>0x160</size>
         <input_file_ref idref="fl-c9"/>
      </object_component>
      <object_component id="oc-9c">
         <name>.debug_info</name>
         <load_address>0xeb82</load_address>
         <run_address>0xeb82</run_address>
         <size>0x293</size>
         <input_file_ref idref="fl-ca"/>
      </object_component>
      <object_component id="oc-16">
         <name>.debug_info</name>
         <load_address>0xee15</load_address>
         <run_address>0xee15</run_address>
         <size>0x245</size>
         <input_file_ref idref="fl-ca"/>
      </object_component>
      <object_component id="oc-34">
         <name>.debug_info</name>
         <load_address>0xf05a</load_address>
         <run_address>0xf05a</run_address>
         <size>0x60</size>
         <input_file_ref idref="fl-ca"/>
      </object_component>
      <object_component id="oc-97">
         <name>.debug_info</name>
         <load_address>0xf0ba</load_address>
         <run_address>0xf0ba</run_address>
         <size>0x46</size>
         <input_file_ref idref="fl-ca"/>
      </object_component>
      <object_component id="oc-49">
         <name>.debug_info</name>
         <load_address>0xf100</load_address>
         <run_address>0xf100</run_address>
         <size>0x2da</size>
         <input_file_ref idref="fl-cb"/>
      </object_component>
      <object_component id="oc-1c">
         <name>.debug_info</name>
         <load_address>0xf3da</load_address>
         <run_address>0xf3da</run_address>
         <size>0x1df</size>
         <input_file_ref idref="fl-cb"/>
      </object_component>
      <object_component id="oc-44">
         <name>.debug_info</name>
         <load_address>0xf5b9</load_address>
         <run_address>0xf5b9</run_address>
         <size>0x46</size>
         <input_file_ref idref="fl-cb"/>
      </object_component>
      <object_component id="oc-9e">
         <name>.debug_info</name>
         <load_address>0xf5ff</load_address>
         <run_address>0xf5ff</run_address>
         <size>0x2c</size>
         <input_file_ref idref="fl-cb"/>
      </object_component>
      <object_component id="oc-55">
         <name>.debug_info</name>
         <load_address>0xf62b</load_address>
         <run_address>0xf62b</run_address>
         <size>0x2c9</size>
         <input_file_ref idref="fl-cc"/>
      </object_component>
      <object_component id="oc-21">
         <name>.debug_info</name>
         <load_address>0xf8f4</load_address>
         <run_address>0xf8f4</run_address>
         <size>0x1aa</size>
         <input_file_ref idref="fl-cc"/>
      </object_component>
      <object_component id="oc-50">
         <name>.debug_info</name>
         <load_address>0xfa9e</load_address>
         <run_address>0xfa9e</run_address>
         <size>0x46</size>
         <input_file_ref idref="fl-cc"/>
      </object_component>
      <object_component id="oc-a6">
         <name>.debug_info</name>
         <load_address>0xfae4</load_address>
         <run_address>0xfae4</run_address>
         <size>0x2c</size>
         <input_file_ref idref="fl-cc"/>
      </object_component>
      <object_component id="oc-1e2">
         <name>.debug_info</name>
         <load_address>0xfb10</load_address>
         <run_address>0xfb10</run_address>
         <size>0x139</size>
         <input_file_ref idref="fl-cd"/>
      </object_component>
      <object_component id="oc-194">
         <name>.debug_info</name>
         <load_address>0xfc49</load_address>
         <run_address>0xfc49</run_address>
         <size>0xf7</size>
         <input_file_ref idref="fl-cd"/>
      </object_component>
      <object_component id="oc-1ce">
         <name>.debug_info</name>
         <load_address>0xfd40</load_address>
         <run_address>0xfd40</run_address>
         <size>0x184</size>
         <input_file_ref idref="fl-cd"/>
      </object_component>
      <object_component id="oc-24c">
         <name>.debug_info</name>
         <load_address>0xfec4</load_address>
         <run_address>0xfec4</run_address>
         <size>0xae</size>
         <input_file_ref idref="fl-cd"/>
      </object_component>
      <object_component id="oc-cc">
         <name>.debug_info</name>
         <load_address>0xff72</load_address>
         <run_address>0xff72</run_address>
         <size>0x3ce</size>
         <input_file_ref idref="fl-ce"/>
      </object_component>
      <object_component id="oc-c6">
         <name>.debug_info</name>
         <load_address>0x10340</load_address>
         <run_address>0x10340</run_address>
         <size>0x185</size>
         <input_file_ref idref="fl-ce"/>
      </object_component>
      <object_component id="oc-6f">
         <name>.debug_info</name>
         <load_address>0x104c5</load_address>
         <run_address>0x104c5</run_address>
         <size>0x214</size>
         <input_file_ref idref="fl-ce"/>
      </object_component>
      <object_component id="oc-1d2">
         <name>.debug_info</name>
         <load_address>0x106d9</load_address>
         <run_address>0x106d9</run_address>
         <size>0x3d6</size>
         <input_file_ref idref="fl-cf"/>
      </object_component>
      <object_component id="oc-18a">
         <name>.debug_info</name>
         <load_address>0x10aaf</load_address>
         <run_address>0x10aaf</run_address>
         <size>0x455</size>
         <input_file_ref idref="fl-cf"/>
      </object_component>
      <object_component id="oc-f6">
         <name>.debug_info</name>
         <load_address>0x10f04</load_address>
         <run_address>0x10f04</run_address>
         <size>0x2c</size>
         <input_file_ref idref="fl-cf"/>
      </object_component>
      <object_component id="oc-1f1">
         <name>.debug_info</name>
         <load_address>0x10f30</load_address>
         <run_address>0x10f30</run_address>
         <size>0x417</size>
         <input_file_ref idref="fl-d0"/>
      </object_component>
      <object_component id="oc-1b3">
         <name>.debug_info</name>
         <load_address>0x11347</load_address>
         <run_address>0x11347</run_address>
         <size>0x282</size>
         <input_file_ref idref="fl-d0"/>
      </object_component>
      <object_component id="oc-41">
         <name>.debug_info</name>
         <load_address>0x115c9</load_address>
         <run_address>0x115c9</run_address>
         <size>0x111</size>
         <input_file_ref idref="fl-d1"/>
      </object_component>
      <object_component id="oc-4d">
         <name>.debug_info</name>
         <load_address>0x116da</load_address>
         <run_address>0x116da</run_address>
         <size>0x13f</size>
         <input_file_ref idref="fl-d2"/>
      </object_component>
      <object_component id="oc-5a">
         <name>.debug_info</name>
         <load_address>0x11819</load_address>
         <run_address>0x11819</run_address>
         <size>0x138</size>
         <input_file_ref idref="fl-d3"/>
      </object_component>
      <object_component id="oc-232">
         <name>.debug_info</name>
         <load_address>0x11951</load_address>
         <run_address>0x11951</run_address>
         <size>0x3f7</size>
         <input_file_ref idref="fl-d4"/>
      </object_component>
      <object_component id="oc-1c4">
         <name>.debug_info</name>
         <load_address>0x11d48</load_address>
         <run_address>0x11d48</run_address>
         <size>0x23a</size>
         <input_file_ref idref="fl-d4"/>
      </object_component>
      <object_component id="oc-285">
         <name>.debug_info</name>
         <load_address>0x11f82</load_address>
         <run_address>0x11f82</run_address>
         <size>0x120</size>
         <input_file_ref idref="fl-d4"/>
      </object_component>
      <object_component id="oc-60">
         <name>.debug_info</name>
         <load_address>0x120a2</load_address>
         <run_address>0x120a2</run_address>
         <size>0x148</size>
         <input_file_ref idref="fl-d5"/>
      </object_component>
      <object_component id="oc-1da">
         <name>.debug_info</name>
         <load_address>0x121ea</load_address>
         <run_address>0x121ea</run_address>
         <size>0x35a</size>
         <input_file_ref idref="fl-d6"/>
      </object_component>
      <object_component id="oc-190">
         <name>.debug_info</name>
         <load_address>0x12544</load_address>
         <run_address>0x12544</run_address>
         <size>0x200</size>
         <input_file_ref idref="fl-d6"/>
      </object_component>
      <object_component id="oc-1db">
         <name>.debug_info</name>
         <load_address>0x12744</load_address>
         <run_address>0x12744</run_address>
         <size>0xbb</size>
         <input_file_ref idref="fl-d6"/>
      </object_component>
      <object_component id="oc-75">
         <name>.debug_info</name>
         <load_address>0x127ff</load_address>
         <run_address>0x127ff</run_address>
         <size>0x109</size>
         <input_file_ref idref="fl-d7"/>
      </object_component>
      <object_component id="oc-25c">
         <name>.debug_info</name>
         <load_address>0x12908</load_address>
         <run_address>0x12908</run_address>
         <size>0x28f</size>
         <input_file_ref idref="fl-d8"/>
      </object_component>
      <object_component id="oc-1eb">
         <name>.debug_info</name>
         <load_address>0x12b97</load_address>
         <run_address>0x12b97</run_address>
         <size>0x244</size>
         <input_file_ref idref="fl-d8"/>
      </object_component>
      <object_component id="oc-25a">
         <name>.debug_info</name>
         <load_address>0x12ddb</load_address>
         <run_address>0x12ddb</run_address>
         <size>0x27f</size>
         <input_file_ref idref="fl-d9"/>
      </object_component>
      <object_component id="oc-1e5">
         <name>.debug_info</name>
         <load_address>0x1305a</load_address>
         <run_address>0x1305a</run_address>
         <size>0x258</size>
         <input_file_ref idref="fl-d9"/>
      </object_component>
      <object_component id="oc-1f3">
         <name>.debug_info</name>
         <load_address>0x132b2</load_address>
         <run_address>0x132b2</run_address>
         <size>0x290</size>
         <input_file_ref idref="fl-da"/>
      </object_component>
      <object_component id="oc-1b6">
         <name>.debug_info</name>
         <load_address>0x13542</load_address>
         <run_address>0x13542</run_address>
         <size>0x259</size>
         <input_file_ref idref="fl-da"/>
      </object_component>
      <object_component id="oc-220">
         <name>.debug_info</name>
         <load_address>0x1379b</load_address>
         <run_address>0x1379b</run_address>
         <size>0x4c5</size>
         <input_file_ref idref="fl-db"/>
      </object_component>
      <object_component id="oc-1bd">
         <name>.debug_info</name>
         <load_address>0x13c60</load_address>
         <run_address>0x13c60</run_address>
         <size>0xf8</size>
         <input_file_ref idref="fl-db"/>
      </object_component>
      <object_component id="oc-22f">
         <name>.debug_info</name>
         <load_address>0x13d58</load_address>
         <run_address>0x13d58</run_address>
         <size>0xf8</size>
         <input_file_ref idref="fl-db"/>
      </object_component>
      <object_component id="oc-290">
         <name>.debug_info</name>
         <load_address>0x13e50</load_address>
         <run_address>0x13e50</run_address>
         <size>0x184</size>
         <input_file_ref idref="fl-db"/>
      </object_component>
      <object_component id="oc-148">
         <name>.debug_info</name>
         <load_address>0x13fd4</load_address>
         <run_address>0x13fd4</run_address>
         <size>0x2be</size>
         <input_file_ref idref="fl-dc"/>
      </object_component>
      <object_component id="oc-c9">
         <name>.debug_info</name>
         <load_address>0x14292</load_address>
         <run_address>0x14292</run_address>
         <size>0x113</size>
         <input_file_ref idref="fl-dc"/>
      </object_component>
      <object_component id="oc-142">
         <name>.debug_info</name>
         <load_address>0x143a5</load_address>
         <run_address>0x143a5</run_address>
         <size>0x21f</size>
         <input_file_ref idref="fl-dc"/>
      </object_component>
      <object_component id="oc-c4">
         <name>.debug_info</name>
         <load_address>0x145c4</load_address>
         <run_address>0x145c4</run_address>
         <size>0x300</size>
         <input_file_ref idref="fl-dd"/>
      </object_component>
      <object_component id="oc-69">
         <name>.debug_info</name>
         <load_address>0x148c4</load_address>
         <run_address>0x148c4</run_address>
         <size>0x167</size>
         <input_file_ref idref="fl-dd"/>
      </object_component>
      <object_component id="oc-139">
         <name>.debug_info</name>
         <load_address>0x14a2b</load_address>
         <run_address>0x14a2b</run_address>
         <size>0x5e</size>
         <input_file_ref idref="fl-dd"/>
      </object_component>
      <object_component id="oc-bc">
         <name>.debug_info</name>
         <load_address>0x14a89</load_address>
         <run_address>0x14a89</run_address>
         <size>0x483</size>
         <input_file_ref idref="fl-de"/>
      </object_component>
      <object_component id="oc-64">
         <name>.debug_info</name>
         <load_address>0x14f0c</load_address>
         <run_address>0x14f0c</run_address>
         <size>0x190</size>
         <input_file_ref idref="fl-de"/>
      </object_component>
      <object_component id="oc-107">
         <name>.debug_info</name>
         <load_address>0x1509c</load_address>
         <run_address>0x1509c</run_address>
         <size>0x39</size>
         <input_file_ref idref="fl-de"/>
      </object_component>
      <object_component id="oc-16b">
         <name>.debug_info</name>
         <load_address>0x150d5</load_address>
         <run_address>0x150d5</run_address>
         <size>0x39</size>
         <input_file_ref idref="fl-de"/>
      </object_component>
      <object_component id="oc-10c">
         <name>.debug_info</name>
         <load_address>0x1510e</load_address>
         <run_address>0x1510e</run_address>
         <size>0xcd</size>
         <input_file_ref idref="fl-de"/>
      </object_component>
      <object_component id="oc-103">
         <name>.debug_info</name>
         <load_address>0x151db</load_address>
         <run_address>0x151db</run_address>
         <size>0x37a</size>
         <input_file_ref idref="fl-df"/>
      </object_component>
      <object_component id="oc-b0">
         <name>.debug_info</name>
         <load_address>0x15555</load_address>
         <run_address>0x15555</run_address>
         <size>0x183</size>
         <input_file_ref idref="fl-df"/>
      </object_component>
      <object_component id="oc-166">
         <name>.debug_info</name>
         <load_address>0x156d8</load_address>
         <run_address>0x156d8</run_address>
         <size>0x2c</size>
         <input_file_ref idref="fl-df"/>
      </object_component>
      <object_component id="oc-247">
         <name>.debug_info</name>
         <load_address>0x15704</load_address>
         <run_address>0x15704</run_address>
         <size>0x39a</size>
         <input_file_ref idref="fl-e0"/>
      </object_component>
      <object_component id="oc-1ca">
         <name>.debug_info</name>
         <load_address>0x15a9e</load_address>
         <run_address>0x15a9e</run_address>
         <size>0x298</size>
         <input_file_ref idref="fl-e0"/>
      </object_component>
      <object_component id="oc-295">
         <name>.debug_info</name>
         <load_address>0x15d36</load_address>
         <run_address>0x15d36</run_address>
         <size>0x33c</size>
         <input_file_ref idref="fl-e1"/>
      </object_component>
      <object_component id="oc-234">
         <name>.debug_info</name>
         <load_address>0x16072</load_address>
         <run_address>0x16072</run_address>
         <size>0x25a</size>
         <input_file_ref idref="fl-e1"/>
      </object_component>
      <object_component id="oc-272">
         <name>.debug_info</name>
         <load_address>0x162cc</load_address>
         <run_address>0x162cc</run_address>
         <size>0x368</size>
         <input_file_ref idref="fl-e2"/>
      </object_component>
      <object_component id="oc-1fe">
         <name>.debug_info</name>
         <load_address>0x16634</load_address>
         <run_address>0x16634</run_address>
         <size>0x1b1</size>
         <input_file_ref idref="fl-e2"/>
      </object_component>
      <object_component id="oc-278">
         <name>.debug_info</name>
         <load_address>0x167e5</load_address>
         <run_address>0x167e5</run_address>
         <size>0x36d</size>
         <input_file_ref idref="fl-e3"/>
      </object_component>
      <object_component id="oc-20d">
         <name>.debug_info</name>
         <load_address>0x16b52</load_address>
         <run_address>0x16b52</run_address>
         <size>0x205</size>
         <input_file_ref idref="fl-e3"/>
      </object_component>
      <object_component id="oc-26e">
         <name>.debug_info</name>
         <load_address>0x16d57</load_address>
         <run_address>0x16d57</run_address>
         <size>0x3cb</size>
         <input_file_ref idref="fl-e4"/>
      </object_component>
      <object_component id="oc-1f7">
         <name>.debug_info</name>
         <load_address>0x17122</load_address>
         <run_address>0x17122</run_address>
         <size>0x201</size>
         <input_file_ref idref="fl-e4"/>
      </object_component>
      <object_component id="oc-274">
         <name>.debug_info</name>
         <load_address>0x17323</load_address>
         <run_address>0x17323</run_address>
         <size>0x36c</size>
         <input_file_ref idref="fl-e5"/>
      </object_component>
      <object_component id="oc-201">
         <name>.debug_info</name>
         <load_address>0x1768f</load_address>
         <run_address>0x1768f</run_address>
         <size>0x1f0</size>
         <input_file_ref idref="fl-e5"/>
      </object_component>
      <object_component id="oc-282">
         <name>.debug_info</name>
         <load_address>0x1787f</load_address>
         <run_address>0x1787f</run_address>
         <size>0x3f3</size>
         <input_file_ref idref="fl-e6"/>
      </object_component>
      <object_component id="oc-21b">
         <name>.debug_info</name>
         <load_address>0x17c72</load_address>
         <run_address>0x17c72</run_address>
         <size>0x22b</size>
         <input_file_ref idref="fl-e6"/>
      </object_component>
      <object_component id="oc-27a">
         <name>.debug_info</name>
         <load_address>0x17e9d</load_address>
         <run_address>0x17e9d</run_address>
         <size>0x3be</size>
         <input_file_ref idref="fl-e7"/>
      </object_component>
      <object_component id="oc-214">
         <name>.debug_info</name>
         <load_address>0x1825b</load_address>
         <run_address>0x1825b</run_address>
         <size>0x1bb</size>
         <input_file_ref idref="fl-e7"/>
      </object_component>
      <object_component id="oc-276">
         <name>.debug_info</name>
         <load_address>0x18416</load_address>
         <run_address>0x18416</run_address>
         <size>0x36d</size>
         <input_file_ref idref="fl-e8"/>
      </object_component>
      <object_component id="oc-207">
         <name>.debug_info</name>
         <load_address>0x18783</load_address>
         <run_address>0x18783</run_address>
         <size>0x1f5</size>
         <input_file_ref idref="fl-e8"/>
      </object_component>
      <object_component id="oc-95">
         <name>.debug_info</name>
         <load_address>0x18978</load_address>
         <run_address>0x18978</run_address>
         <size>0x3bc</size>
         <input_file_ref idref="fl-e9"/>
      </object_component>
      <object_component id="oc-31">
         <name>.debug_info</name>
         <load_address>0x18d34</load_address>
         <run_address>0x18d34</run_address>
         <size>0x101</size>
         <input_file_ref idref="fl-e9"/>
      </object_component>
      <object_component id="oc-252">
         <name>.debug_info</name>
         <load_address>0x18e35</load_address>
         <run_address>0x18e35</run_address>
         <size>0x14c</size>
         <input_file_ref idref="fl-e9"/>
      </object_component>
      <object_component id="oc-1d5">
         <name>.debug_info</name>
         <load_address>0x18f81</load_address>
         <run_address>0x18f81</run_address>
         <size>0x885</size>
         <input_file_ref idref="fl-e9"/>
      </object_component>
      <object_component id="oc-fb">
         <name>.debug_info</name>
         <load_address>0x19806</load_address>
         <run_address>0x19806</run_address>
         <size>0x62</size>
         <input_file_ref idref="fl-e9"/>
      </object_component>
      <object_component id="oc-b9">
         <name>.debug_info</name>
         <load_address>0x19868</load_address>
         <run_address>0x19868</run_address>
         <size>0x145</size>
         <input_file_ref idref="fl-eb"/>
      </object_component>
      <object_component id="oc-2b6">
         <name>.debug_info</name>
         <load_address>0x199ad</load_address>
         <run_address>0x199ad</run_address>
         <size>0x28a</size>
         <input_file_ref idref="fl-ec"/>
      </object_component>
      <object_component id="oc-27c">
         <name>.debug_info</name>
         <load_address>0x19c37</load_address>
         <run_address>0x19c37</run_address>
         <size>0x231</size>
         <input_file_ref idref="fl-ec"/>
      </object_component>
      <object_component id="oc-2a3">
         <name>.debug_info</name>
         <load_address>0x19e68</load_address>
         <run_address>0x19e68</run_address>
         <size>0x284</size>
         <input_file_ref idref="fl-ed"/>
      </object_component>
      <object_component id="oc-264">
         <name>.debug_info</name>
         <load_address>0x1a0ec</load_address>
         <run_address>0x1a0ec</run_address>
         <size>0x22a</size>
         <input_file_ref idref="fl-ed"/>
      </object_component>
      <object_component id="oc-2a8">
         <name>.debug_info</name>
         <load_address>0x1a316</load_address>
         <run_address>0x1a316</run_address>
         <size>0x2b0</size>
         <input_file_ref idref="fl-ee"/>
      </object_component>
      <object_component id="oc-2a5">
         <name>.debug_info</name>
         <load_address>0x1a5c6</load_address>
         <run_address>0x1a5c6</run_address>
         <size>0xfd</size>
         <input_file_ref idref="fl-ee"/>
      </object_component>
      <object_component id="oc-268">
         <name>.debug_info</name>
         <load_address>0x1a6c3</load_address>
         <run_address>0x1a6c3</run_address>
         <size>0x281</size>
         <input_file_ref idref="fl-ee"/>
      </object_component>
      <object_component id="oc-299">
         <name>.debug_info</name>
         <load_address>0x1a944</load_address>
         <run_address>0x1a944</run_address>
         <size>0x3c6</size>
         <input_file_ref idref="fl-ef"/>
      </object_component>
      <object_component id="oc-240">
         <name>.debug_info</name>
         <load_address>0x1ad0a</load_address>
         <run_address>0x1ad0a</run_address>
         <size>0x19a</size>
         <input_file_ref idref="fl-ef"/>
      </object_component>
      <object_component id="oc-297">
         <name>.debug_info</name>
         <load_address>0x1aea4</load_address>
         <run_address>0x1aea4</run_address>
         <size>0x3c4</size>
         <input_file_ref idref="fl-f0"/>
      </object_component>
      <object_component id="oc-23c">
         <name>.debug_info</name>
         <load_address>0x1b268</load_address>
         <run_address>0x1b268</run_address>
         <size>0x18a</size>
         <input_file_ref idref="fl-f0"/>
      </object_component>
      <object_component id="oc-2f3">
         <name>.debug_info</name>
         <load_address>0x1b3f2</load_address>
         <run_address>0x1b3f2</run_address>
         <size>0xba</size>
      </object_component>
      <object_component id="oc-163">
         <name>.debug_line</name>
         <load_address>0x0</load_address>
         <run_address>0x0</run_address>
         <size>0x5d</size>
         <input_file_ref idref="fl-2"/>
      </object_component>
      <object_component id="oc-8e">
         <name>.debug_line</name>
         <load_address>0x5d</load_address>
         <run_address>0x5d</run_address>
         <size>0xc3</size>
         <input_file_ref idref="fl-2"/>
      </object_component>
      <object_component id="oc-157">
         <name>.debug_line</name>
         <load_address>0x120</load_address>
         <run_address>0x120</run_address>
         <size>0x52</size>
         <input_file_ref idref="fl-2"/>
      </object_component>
      <object_component id="oc-15c">
         <name>.debug_line</name>
         <load_address>0x172</load_address>
         <run_address>0x172</run_address>
         <size>0x55</size>
         <input_file_ref idref="fl-2"/>
      </object_component>
      <object_component id="oc-3c">
         <name>.debug_line</name>
         <load_address>0x1c7</load_address>
         <run_address>0x1c7</run_address>
         <size>0x20</size>
         <input_file_ref idref="fl-2"/>
      </object_component>
      <object_component id="oc-de">
         <name>.debug_line</name>
         <load_address>0x1e7</load_address>
         <run_address>0x1e7</run_address>
         <size>0x65</size>
         <input_file_ref idref="fl-2"/>
      </object_component>
      <object_component id="oc-1a6">
         <name>.debug_line</name>
         <load_address>0x24c</load_address>
         <run_address>0x24c</run_address>
         <size>0x5e</size>
         <input_file_ref idref="fl-3"/>
      </object_component>
      <object_component id="oc-115">
         <name>.debug_line</name>
         <load_address>0x2aa</load_address>
         <run_address>0x2aa</run_address>
         <size>0x12b</size>
         <input_file_ref idref="fl-3"/>
      </object_component>
      <object_component id="oc-127">
         <name>.debug_line</name>
         <load_address>0x3d5</load_address>
         <run_address>0x3d5</run_address>
         <size>0xe2</size>
         <input_file_ref idref="fl-4"/>
      </object_component>
      <object_component id="oc-19d">
         <name>.debug_line</name>
         <load_address>0x4b7</load_address>
         <run_address>0x4b7</run_address>
         <size>0xc4</size>
         <input_file_ref idref="fl-5"/>
      </object_component>
      <object_component id="oc-19f">
         <name>.debug_line</name>
         <load_address>0x57b</load_address>
         <run_address>0x57b</run_address>
         <size>0x36</size>
         <input_file_ref idref="fl-5"/>
      </object_component>
      <object_component id="oc-c2">
         <name>.debug_line</name>
         <load_address>0x5b1</load_address>
         <run_address>0x5b1</run_address>
         <size>0xca</size>
         <input_file_ref idref="fl-5"/>
      </object_component>
      <object_component id="oc-ec">
         <name>.debug_line</name>
         <load_address>0x67b</load_address>
         <run_address>0x67b</run_address>
         <size>0x35</size>
         <input_file_ref idref="fl-5"/>
      </object_component>
      <object_component id="oc-11e">
         <name>.debug_line</name>
         <load_address>0x6b0</load_address>
         <run_address>0x6b0</run_address>
         <size>0xd4</size>
         <input_file_ref idref="fl-6"/>
      </object_component>
      <object_component id="oc-118">
         <name>.debug_line</name>
         <load_address>0x784</load_address>
         <run_address>0x784</run_address>
         <size>0x11a</size>
         <input_file_ref idref="fl-7"/>
      </object_component>
      <object_component id="oc-176">
         <name>.debug_line</name>
         <load_address>0x89e</load_address>
         <run_address>0x89e</run_address>
         <size>0xcb</size>
         <input_file_ref idref="fl-8"/>
      </object_component>
      <object_component id="oc-153">
         <name>.debug_line</name>
         <load_address>0x969</load_address>
         <run_address>0x969</run_address>
         <size>0x20</size>
         <input_file_ref idref="fl-a"/>
      </object_component>
      <object_component id="oc-151">
         <name>.debug_line</name>
         <load_address>0x989</load_address>
         <run_address>0x989</run_address>
         <size>0x68</size>
         <input_file_ref idref="fl-a"/>
      </object_component>
      <object_component id="oc-83">
         <name>.debug_line</name>
         <load_address>0x9f1</load_address>
         <run_address>0x9f1</run_address>
         <size>0xdb</size>
         <input_file_ref idref="fl-a"/>
      </object_component>
      <object_component id="oc-15f">
         <name>.debug_line</name>
         <load_address>0xacc</load_address>
         <run_address>0xacc</run_address>
         <size>0x5e</size>
         <input_file_ref idref="fl-b"/>
      </object_component>
      <object_component id="oc-161">
         <name>.debug_line</name>
         <load_address>0xb2a</load_address>
         <run_address>0xb2a</run_address>
         <size>0x5e</size>
         <input_file_ref idref="fl-b"/>
      </object_component>
      <object_component id="oc-89">
         <name>.debug_line</name>
         <load_address>0xb88</load_address>
         <run_address>0xb88</run_address>
         <size>0x606</size>
         <input_file_ref idref="fl-b"/>
      </object_component>
      <object_component id="oc-1a9">
         <name>.debug_line</name>
         <load_address>0x118e</load_address>
         <run_address>0x118e</run_address>
         <size>0xe5</size>
         <input_file_ref idref="fl-c"/>
      </object_component>
      <object_component id="oc-12e">
         <name>.debug_line</name>
         <load_address>0x1273</load_address>
         <run_address>0x1273</run_address>
         <size>0x4dd</size>
         <input_file_ref idref="fl-c"/>
      </object_component>
      <object_component id="oc-1ad">
         <name>.debug_line</name>
         <load_address>0x1750</load_address>
         <run_address>0x1750</run_address>
         <size>0x64</size>
         <input_file_ref idref="fl-c"/>
      </object_component>
      <object_component id="oc-19a">
         <name>.debug_line</name>
         <load_address>0x17b4</load_address>
         <run_address>0x17b4</run_address>
         <size>0x63</size>
         <input_file_ref idref="fl-c"/>
      </object_component>
      <object_component id="oc-f3">
         <name>.debug_line</name>
         <load_address>0x1817</load_address>
         <run_address>0x1817</run_address>
         <size>0x40</size>
         <input_file_ref idref="fl-d"/>
      </object_component>
      <object_component id="oc-91">
         <name>.debug_line</name>
         <load_address>0x1857</load_address>
         <run_address>0x1857</run_address>
         <size>0x40</size>
         <input_file_ref idref="fl-d"/>
      </object_component>
      <object_component id="oc-7c">
         <name>.debug_line</name>
         <load_address>0x1897</load_address>
         <run_address>0x1897</run_address>
         <size>0x71</size>
         <input_file_ref idref="fl-d"/>
      </object_component>
      <object_component id="oc-1a4">
         <name>.debug_line</name>
         <load_address>0x1908</load_address>
         <run_address>0x1908</run_address>
         <size>0x3b</size>
         <input_file_ref idref="fl-e"/>
      </object_component>
      <object_component id="oc-d4">
         <name>.debug_line</name>
         <load_address>0x1943</load_address>
         <run_address>0x1943</run_address>
         <size>0x146</size>
         <input_file_ref idref="fl-e"/>
      </object_component>
      <object_component id="oc-222">
         <name>.debug_line</name>
         <load_address>0x1a89</load_address>
         <run_address>0x1a89</run_address>
         <size>0xff</size>
         <input_file_ref idref="fl-c8"/>
      </object_component>
      <object_component id="oc-185">
         <name>.debug_line</name>
         <load_address>0x1b88</load_address>
         <run_address>0x1b88</run_address>
         <size>0xa0</size>
         <input_file_ref idref="fl-c8"/>
      </object_component>
      <object_component id="oc-22b">
         <name>.debug_line</name>
         <load_address>0x1c28</load_address>
         <run_address>0x1c28</run_address>
         <size>0x2c</size>
         <input_file_ref idref="fl-c8"/>
      </object_component>
      <object_component id="oc-226">
         <name>.debug_line</name>
         <load_address>0x1c54</load_address>
         <run_address>0x1c54</run_address>
         <size>0x89</size>
         <input_file_ref idref="fl-c8"/>
      </object_component>
      <object_component id="oc-27">
         <name>.debug_line</name>
         <load_address>0x1cdd</load_address>
         <run_address>0x1cdd</run_address>
         <size>0x53</size>
         <input_file_ref idref="fl-c9"/>
      </object_component>
      <object_component id="oc-101">
         <name>.debug_line</name>
         <load_address>0x1d30</load_address>
         <run_address>0x1d30</run_address>
         <size>0x20</size>
         <input_file_ref idref="fl-ca"/>
      </object_component>
      <object_component id="oc-18">
         <name>.debug_line</name>
         <load_address>0x1d50</load_address>
         <run_address>0x1d50</run_address>
         <size>0xa9</size>
         <input_file_ref idref="fl-ca"/>
      </object_component>
      <object_component id="oc-37">
         <name>.debug_line</name>
         <load_address>0x1df9</load_address>
         <run_address>0x1df9</run_address>
         <size>0x3a</size>
         <input_file_ref idref="fl-ca"/>
      </object_component>
      <object_component id="oc-9a">
         <name>.debug_line</name>
         <load_address>0x1e33</load_address>
         <run_address>0x1e33</run_address>
         <size>0x8a</size>
         <input_file_ref idref="fl-ca"/>
      </object_component>
      <object_component id="oc-a4">
         <name>.debug_line</name>
         <load_address>0x1ebd</load_address>
         <run_address>0x1ebd</run_address>
         <size>0x8a</size>
         <input_file_ref idref="fl-cb"/>
      </object_component>
      <object_component id="oc-1e">
         <name>.debug_line</name>
         <load_address>0x1f47</load_address>
         <run_address>0x1f47</run_address>
         <size>0x55</size>
         <input_file_ref idref="fl-cb"/>
      </object_component>
      <object_component id="oc-47">
         <name>.debug_line</name>
         <load_address>0x1f9c</load_address>
         <run_address>0x1f9c</run_address>
         <size>0x3a</size>
         <input_file_ref idref="fl-cb"/>
[...]
      </symbol>
      <symbol id="sm-34f">
         <name>SystemInit</name>
         <value>0x1415</value>
         <object_component_ref idref="oc-d0"/>
      </symbol>
      <symbol id="sm-350">
         <name>SystemCoreClockUpdate</name>
         <value>0x11a1</value>
         <object_component_ref idref="oc-d0"/>
      </symbol>
      <symbol id="sm-351">
         <name>SystemCoreClock</name>
         <value>0x20000638</value>
         <object_component_ref idref="oc-14c"/>
      </symbol>
      <symbol id="sm-376">
         <name>add_device</name>
         <value>0x21f5</value>
         <object_component_ref idref="oc-181"/>
      </symbol>
      <symbol id="sm-387">
         <name>_c_int00</name>
         <value>0x2849</value>
         <object_component_ref idref="oc-26"/>
      </symbol>
      <symbol id="sm-388">
         <name>__stack</name>
         <value>0x2000fe00</value>
         <object_component_ref idref="oc-2f"/>
      </symbol>
      <symbol id="sm-3a6">
         <name>__TI_decompress_lzss</name>
         <value>0x253d</value>
         <object_component_ref idref="oc-14"/>
      </symbol>
      <symbol id="sm-3bd">
         <name>__TI_decompress_none</name>
         <value>0x2af9</value>
         <object_component_ref idref="oc-1a"/>
      </symbol>
      <symbol id="sm-3d4">
         <name>__TI_zero_init</name>
         <value>0x2b15</value>
         <object_component_ref idref="oc-20"/>
      </symbol>
      <symbol id="sm-3ee">
         <name>__TI_tmpnams</name>
         <value>0x2000075c</value>
      </symbol>
      <symbol id="sm-3ef">
         <name>__aeabi_stdout</name>
         <value>0x200005ec</value>
         <object_component_ref idref="oc-1cd"/>
      </symbol>
      <symbol id="sm-3f0">
         <name>__aeabi_stderr</name>
         <value>0x200005f0</value>
         <object_component_ref idref="oc-1cd"/>
      </symbol>
      <symbol id="sm-3f1">
         <name>__aeabi_stdin</name>
         <value>0x200005e8</value>
         <object_component_ref idref="oc-1cd"/>
      </symbol>
      <symbol id="sm-3f2">
         <name>_ftable</name>
         <value>0x20000400</value>
         <object_component_ref idref="oc-193"/>
      </symbol>
      <symbol id="sm-3f3">
         <name>__TI_ft_end</name>
         <value>0x200005e4</value>
         <object_component_ref idref="oc-1cd"/>
      </symbol>
      <symbol id="sm-414">
         <name>C$$EXIT</name>
         <value>0x289d</value>
         <object_component_ref idref="oc-6e"/>
      </symbol>
      <symbol id="sm-415">
         <name>abort</name>
         <value>0x28a1</value>
         <object_component_ref idref="oc-6e"/>
      </symbol>
      <symbol id="sm-416">
         <name>exit</name>
         <value>0x28a9</value>
         <object_component_ref idref="oc-6e"/>
      </symbol>
      <symbol id="sm-417">
         <name>__TI_dtors_ptr</name>
         <value>0x200005f8</value>
         <object_component_ref idref="oc-c5"/>
      </symbol>
      <symbol id="sm-418">
         <name>__TI_cleanup_ptr</name>
         <value>0x200005f4</value>
         <object_component_ref idref="oc-c5"/>
      </symbol>
      <symbol id="sm-419">
         <name>__TI_enable_exit_profile_output</name>
         <value>0x200005fc</value>
         <object_component_ref idref="oc-c5"/>
      </symbol>
      <symbol id="sm-450">
         <name>__TI_cleanup</name>
         <value>0x1775</value>
         <object_component_ref idref="oc-187"/>
      </symbol>
      <symbol id="sm-451">
         <name>freopen</name>
         <value>0x17a1</value>
         <object_component_ref idref="oc-187"/>
      </symbol>
      <symbol id="sm-452">
         <name>fopen</name>
         <value>0x17cb</value>
         <object_component_ref idref="oc-187"/>
      </symbol>
      <symbol id="sm-467">
         <name>finddevice</name>
         <value>0x24cd</value>
         <object_component_ref idref="oc-1af"/>
      </symbol>
      <symbol id="sm-468">
         <name>getdevice</name>
         <value>0x24f7</value>
         <object_component_ref idref="oc-1af"/>
      </symbol>
      <symbol id="sm-483">
         <name>memcpy</name>
         <value>0x22ad</value>
         <object_component_ref idref="oc-3e"/>
      </symbol>
      <symbol id="sm-484">
         <name>__aeabi_memcpy</name>
         <value>0x22ad</value>
         <object_component_ref idref="oc-3e"/>
      </symbol>
      <symbol id="sm-485">
         <name>__aeabi_memcpy8</name>
         <value>0x22ad</value>
         <object_component_ref idref="oc-3e"/>
      </symbol>
      <symbol id="sm-486">
         <name>__aeabi_memcpy4</name>
         <value>0x22ad</value>
         <object_component_ref idref="oc-3e"/>
      </symbol>
      <symbol id="sm-495">
         <name>__aeabi_memset</name>
         <value>0x23e3</value>
         <object_component_ref idref="oc-4a"/>
      </symbol>
      <symbol id="sm-496">
         <name>memset</name>
         <value>0x23e9</value>
         <object_component_ref idref="oc-4a"/>
      </symbol>
      <symbol id="sm-497">
         <name>__aeabi_memset8</name>
         <value>0x23e3</value>
         <object_component_ref idref="oc-4a"/>
      </symbol>
      <symbol id="sm-498">
         <name>__aeabi_memset4</name>
         <value>0x23e3</value>
         <object_component_ref idref="oc-4a"/>
      </symbol>
      <symbol id="sm-499">
         <name>__aeabi_memclr8</name>
         <value>0x23e1</value>
         <object_component_ref idref="oc-4a"/>
      </symbol>
      <symbol id="sm-49a">
         <name>__aeabi_memclr4</name>
         <value>0x23e1</value>
         <object_component_ref idref="oc-4a"/>
      </symbol>
      <symbol id="sm-49b">
         <name>__aeabi_memclr</name>
         <value>0x23e1</value>
         <object_component_ref idref="oc-4a"/>
      </symbol>
      <symbol id="sm-4a5">
         <name>__mpu_init</name>
         <value>0x245b</value>
         <object_component_ref idref="oc-56"/>
      </symbol>
      <symbol id="sm-4c7">
         <name>open</name>
         <value>0x2139</value>
         <object_component_ref idref="oc-1c1"/>
      </symbol>
      <symbol id="sm-4d1">
         <name>_system_pre_init</name>
         <value>0x2b21</value>
         <object_component_ref idref="oc-5c"/>
      </symbol>
      <symbol id="sm-4f2">
         <name>setvbuf</name>
         <value>0x1f95</value>
         <object_component_ref idref="oc-18d"/>
      </symbol>
      <symbol id="sm-4fa">
         <name>main_func_sp</name>
         <value>0x20000634</value>
         <object_component_ref idref="oc-74"/>
      </symbol>
      <symbol id="sm-50a">
         <name>strchr</name>
         <value>0x2aa5</value>
         <object_component_ref idref="oc-1ea"/>
      </symbol>
      <symbol id="sm-519">
         <name>strcmp</name>
         <value>0x2a8d</value>
         <object_component_ref idref="oc-1e4"/>
      </symbol>
      <symbol id="sm-529">
         <name>strncpy</name>
         <value>0x29c5</value>
         <object_component_ref idref="oc-1b5"/>
      </symbol>
      <symbol id="sm-545">
         <name>_stream</name>
         <value>0x20000568</value>
         <object_component_ref idref="oc-22e"/>
      </symbol>
      <symbol id="sm-546">
         <name>_device</name>
         <value>0x200004f0</value>
         <object_component_ref idref="oc-1bc"/>
      </symbol>
      <symbol id="sm-547">
         <name>write</name>
         <value>0x2a29</value>
         <object_component_ref idref="oc-28e"/>
      </symbol>
      <symbol id="sm-560">
         <name>_nop</name>
         <value>0x2acb</value>
         <object_component_ref idref="oc-140"/>
      </symbol>
      <symbol id="sm-561">
         <name>_lock</name>
         <value>0x20000618</value>
         <object_component_ref idref="oc-c8"/>
      </symbol>
      <symbol id="sm-562">
         <name>_unlock</name>
         <value>0x2000061c</value>
         <object_component_ref idref="oc-c8"/>
      </symbol>
      <symbol id="sm-563">
         <name>_register_lock</name>
         <value>0x2ac3</value>
         <object_component_ref idref="oc-140"/>
      </symbol>
      <symbol id="sm-564">
         <name>_register_unlock</name>
         <value>0x2abd</value>
         <object_component_ref idref="oc-140"/>
      </symbol>
      <symbol id="sm-578">
         <name>_args_main</name>
         <value>0x2a75</value>
         <object_component_ref idref="oc-68"/>
      </symbol>
      <symbol id="sm-5a2">
         <name>__TI_auto_init</name>
         <value>0x245d</value>
         <object_component_ref idref="oc-62"/>
      </symbol>
      <symbol id="sm-5bc">
         <name>copy_in</name>
         <value>0x28f1</value>
         <object_component_ref idref="oc-af"/>
      </symbol>
      <symbol id="sm-5d2">
         <name>__TI_closefile</name>
         <value>0x2349</value>
         <object_component_ref idref="oc-1c7"/>
      </symbol>
      <symbol id="sm-5d3">
         <name>fclose</name>
         <value>0x23af</value>
         <object_component_ref idref="oc-1c7"/>
      </symbol>
      <symbol id="sm-5ed">
         <name>__TI_doflush</name>
         <value>0x2071</value>
         <object_component_ref idref="oc-233"/>
      </symbol>
      <symbol id="sm-5ee">
         <name>fflush</name>
         <value>0x20bd</value>
         <object_component_ref idref="oc-233"/>
      </symbol>
      <symbol id="sm-5ff">
         <name>HOSTclose</name>
         <value>0x293d</value>
         <object_component_ref idref="oc-1fa"/>
      </symbol>
      <symbol id="sm-610">
         <name>HOSTlseek</name>
         <value>0x25a5</value>
         <object_component_ref idref="oc-20c"/>
      </symbol>
      <symbol id="sm-622">
         <name>parmbuf</name>
         <value>0x20000804</value>
      </symbol>
      <symbol id="sm-623">
         <name>HOSTopen</name>
         <value>0x26dd</value>
         <object_component_ref idref="oc-1f4"/>
      </symbol>
      <symbol id="sm-634">
         <name>HOSTread</name>
         <value>0x2799</value>
         <object_component_ref idref="oc-200"/>
      </symbol>
      <symbol id="sm-645">
         <name>HOSTrename</name>
         <value>0x260d</value>
         <object_component_ref idref="oc-218"/>
      </symbol>
      <symbol id="sm-656">
         <name>HOSTunlink</name>
         <value>0x2981</value>
         <object_component_ref idref="oc-212"/>
      </symbol>
      <symbol id="sm-667">
         <name>HOSTwrite</name>
         <value>0x27f1</value>
         <object_component_ref idref="oc-206"/>
      </symbol>
      <symbol id="sm-6d9">
         <name>_sys_memory</name>
         <value>0x20000000</value>
         <object_component_ref idref="oc-30"/>
      </symbol>
      <symbol id="sm-6da">
         <name>free</name>
         <value>0xebb</value>
         <object_component_ref idref="oc-1d3"/>
      </symbol>
      <symbol id="sm-6db">
         <name>realloc</name>
         <value>0xf7b</value>
         <object_component_ref idref="oc-1d3"/>
      </symbol>
      <symbol id="sm-6dc">
         <name>memalign</name>
         <value>0x1085</value>
         <object_component_ref idref="oc-1d3"/>
      </symbol>
      <symbol id="sm-6dd">
         <name>calloc</name>
         <value>0x1171</value>
         <object_component_ref idref="oc-1d3"/>
      </symbol>
      <symbol id="sm-6de">
         <name>malloc</name>
         <value>0xe51</value>
         <object_component_ref idref="oc-1d3"/>
      </symbol>
      <symbol id="sm-6df">
         <name>minit</name>
         <value>0xdd1</value>
         <object_component_ref idref="oc-1d3"/>
      </symbol>
      <symbol id="sm-6ea">
         <name>_system_post_cinit</name>
         <value>0x29fb</value>
         <object_component_ref idref="oc-b5"/>
      </symbol>
      <symbol id="sm-6f8">
         <name>strcpy</name>
         <value>0x2ad1</value>
         <object_component_ref idref="oc-27b"/>
      </symbol>
      <symbol id="sm-706">
         <name>strlen</name>
         <value>0x2ae5</value>
         <object_component_ref idref="oc-261"/>
      </symbol>
      <symbol id="sm-721">
         <name>__TI_readmsg</name>
         <value>0x26a7</value>
         <object_component_ref idref="oc-267"/>
      </symbol>
      <symbol id="sm-722">
         <name>C$$IO$$</name>
         <value>0x26a3</value>
         <object_component_ref idref="oc-267"/>
      </symbol>
      <symbol id="sm-723">
         <name>__CIOBUF_</name>
         <value>0x2000063c</value>
         <object_component_ref idref="oc-2a4"/>
      </symbol>
      <symbol id="sm-724">
         <name>__TI_writemsg</name>
         <value>0x2675</value>
         <object_component_ref idref="oc-267"/>
      </symbol>
      <symbol id="sm-734">
         <name>unlink</name>
         <value>0x29fd</value>
         <object_component_ref idref="oc-23f"/>
      </symbol>
      <symbol id="sm-748">
         <name>close</name>
         <value>0x273d</value>
         <object_component_ref idref="oc-239"/>
      </symbol>
      <symbol id="sm-749">
         <name>__TI_static_base__</name>
         <value>0x0</value>
      </symbol>
      <symbol id="sm-74c">
         <name>bumpState</name>
         <value>0x0</value>
      </symbol>
      <symbol id="sm-74d">
         <name>SHT$$INIT_ARRAY$$Limit</name>
         <value>0x0</value>
      </symbol>
      <symbol id="sm-74e">
         <name>SHT$$INIT_ARRAY$$Base</name>
         <value>0x0</value>
      </symbol>
      <symbol id="sm-74f">
         <name>NMI_Handler</name>
         <value>0x2b13</value>
      </symbol>
      <symbol id="sm-750">
         <name>HardFault_Handler</name>
         <value>0x2b13</value>
      </symbol>
      <symbol id="sm-751">
         <name>MemManage_Handler</name>
         <value>0x2b13</value>
      </symbol>
      <symbol id="sm-752">
         <name>BusFault_Handler</name>
         <value>0x2b13</value>
      </symbol>
      <symbol id="sm-753">
         <name>UsageFault_Handler</name>
         <value>0x2b13</value>
      </symbol>
      <symbol id="sm-754">
         <name>SVC_Handler</name>
         <value>0x2b13</value>
      </symbol>
      <symbol id="sm-755">
         <name>DebugMon_Handler</name>
         <value>0x2b13</value>
      </symbol>
      <symbol id="sm-756">
         <name>PendSV_Handler</name>
         <value>0x2b13</value>
      </symbol>
      <symbol id="sm-757">
         <name>SysTick_Handler</name>
         <value>0x2b13</value>
      </symbol>
      <symbol id="sm-758">
         <name>PSS_IRQHandler</name>
         <value>0x2b13</value>
      </symbol>
      <symbol id="sm-759">
         <name>CS_IRQHandler</name>
         <value>0x2b13</value>
      </symbol>
      <symbol id="sm-75a">
         <name>PCM_IRQHandler</name>
         <value>0x2b13</value>
      </symbol>
      <symbol id="sm-75b">
         <name>WDT_A_IRQHandler</name>
         <value>0x2b13</value>
      </symbol>
      <symbol id="sm-75c">
         <name>FPU_IRQHandler</name>
         <value>0x2b13</value>
      </symbol>
      <symbol id="sm-75d">
         <name>FLCTL_IRQHandler</name>
         <value>0x2b13</value>
      </symbol>
      <symbol id="sm-75e">
         <name>COMP_E0_IRQHandler</name>
         <value>0x2b13</value>
      </symbol>
      <symbol id="sm-75f">
         <name>COMP_E1_IRQHandler</name>
         <value>0x2b13</value>
      </symbol>
      <symbol id="sm-760">
         <name>TA0_0_IRQHandler</name>
         <value>0x2b13</value>
      </symbol>
      <symbol id="sm-761">
         <name>TA0_N_IRQHandler</name>
         <value>0x2b13</value>
      </symbol>
      <symbol id="sm-762">
         <name>TA1_0_IRQHandler</name>
         <value>0x2b13</value>
      </symbol>
      <symbol id="sm-763">
         <name>TA1_N_IRQHandler</name>
         <value>0x2b13</value>
      </symbol>
      <symbol id="sm-764">
         <name>TA2_0_IRQHandler</name>
         <value>0x2b13</value>
      </symbol>
      <symbol id="sm-765">
         <name>TA2_N_IRQHandler</name>
         <value>0x2b13</value>
      </symbol>
      <symbol id="sm-766">
         <name>TA3_0_IRQHandler</name>
         <value>0x1d43</value>
      </symbol>
      <symbol id="sm-767">
         <name>TA3_N_IRQHandler</name>
         <value>0x1d5d</value>
      </symbol>
      <symbol id="sm-768">
         <name>EUSCIA0_IRQHandler</name>
         <value>0x2b13</value>
      </symbol>
      <symbol id="sm-769">
         <name>EUSCIA1_IRQHandler</name>
         <value>0x2b13</value>
      </symbol>
      <symbol id="sm-76a">
         <name>EUSCIA2_IRQHandler</name>
         <value>0x2b13</value>
      </symbol>
      <symbol id="sm-76b">
         <name>EUSCIA3_IRQHandler</name>
         <value>0x2b13</value>
      </symbol>
      <symbol id="sm-76c">
         <name>EUSCIB0_IRQHandler</name>
         <value>0x2b13</value>
      </symbol>
      <symbol id="sm-76d">
         <name>EUSCIB1_IRQHandler</name>
         <value>0x2b13</value>
      </symbol>
      <symbol id="sm-76e">
         <name>EUSCIB2_IRQHandler</name>
         <value>0x2b13</value>
      </symbol>
      <symbol id="sm-76f">
         <name>EUSCIB3_IRQHandler</name>
         <value>0x2b13</value>
      </symbol>
      <symbol id="sm-770">
         <name>ADC14_IRQHandler</name>
         <value>0x2b13</value>
      </symbol>
      <symbol id="sm-771">
         <name>T32_INT1_IRQHandler</name>
         <value>0x97d</value>
      </symbol>
      <symbol id="sm-772">
         <name>T32_INT2_IRQHandler</name>
         <value>0x2b13</value>
      </symbol>
      <symbol id="sm-773">
         <name>T32_INTC_IRQHandler</name>
         <value>0x2b13</value>
      </symbol>
      <symbol id="sm-774">
         <name>AES256_IRQHandler</name>
         <value>0x2b13</value>
      </symbol>
      <symbol id="sm-775">
         <name>RTC_C_IRQHandler</name>
         <value>0x2b13</value>
      </symbol>
      <symbol id="sm-776">
         <name>DMA_ERR_IRQHandler</name>
         <value>0x2b13</value>
      </symbol>
      <symbol id="sm-777">
         <name>DMA_INT3_IRQHandler</name>
         <value>0x2b13</value>
      </symbol>
      <symbol id="sm-778">
         <name>DMA_INT2_IRQHandler</name>
         <value>0x2b13</value>
      </symbol>
      <symbol id="sm-779">
         <name>DMA_INT1_IRQHandler</name>
         <value>0x2b13</value>
      </symbol>
      <symbol id="sm-77a">
         <name>DMA_INT0_IRQHandler</name>
         <value>0x2b13</value>
      </symbol>
      <symbol id="sm-77b">
         <name>PORT1_IRQHandler</name>
         <value>0x2b13</value>
      </symbol>
      <symbol id="sm-77c">
         <name>PORT2_IRQHandler</name>
         <value>0x2b13</value>
      </symbol>
      <symbol id="sm-77d">
         <name>PORT3_IRQHandler</name>
         <value>0x2b13</value>
      </symbol>
      <symbol id="sm-77e">
         <name>PORT4_IRQHandler</name>
         <value>0x1b17</value>
      </symbol>
      <symbol id="sm-77f">
         <name>PORT5_IRQHandler</name>
         <value>0x2b13</value>
      </symbol>
      <symbol id="sm-780">
         <name>PORT6_IRQHandler</name>
         <value>0x2b13</value>
      </symbol>
      <symbol id="sm-781">
         <name>remove</name>
         <value>0x29fd</value>
      </symbol>
   </symbol_table>
   <title>Link errors: red sections failed placement</title>
</link_info>
