******************************************************************************
                  TI ARM Linker PC v16.9.6                     
******************************************************************************
>> Linked Fri Oct 20 13:55:20 2023

OUTPUT FILE NAME:   <Lab3_TimerCompare_Motor.out>
ENTRY POINT SYMBOL: "_c_int00"  address: 0000148d


MEMORY CONFIGURATION

         name            origin    length      used     unused   attr    fill
----------------------  --------  ---------  --------  --------  ----  --------
  MAIN                  00000000   00040000  0000163e  0003e9c2  R  X
  INFO                  00200000   00004000  00000000  00004000  R  X
  SRAM_CODE             01000000   00010000  0000024e  0000fdb2  RW X
  SRAM_DATA             20000000   00010000  0000024e  0000fdb2  RW  


SEGMENT ALLOCATION MAP

run origin  load origin   length   init length attrs members
----------  ----------- ---------- ----------- ----- -------
00000000    00000000    00001640   00001640    r-x
  00000000    00000000    000000e4   000000e4    r-- .intvecs
  000000e4    000000e4    0000151a   0000151a    r-x .text
  00001600    00001600    00000040   00000040    r-- .cinit
20000000    20000000    0000004e   00000000    rw-
  20000000    20000000    00000040   00000000    rw- .data
  20000040    20000040    0000000e   00000000    rw- .bss
2000fe00    2000fe00    00000200   00000000    rw-
  2000fe00    2000fe00    00000200   00000000    rw- .stack


SECTION ALLOCATION MAP

 output                                  attributes/
section   page    origin      length       input sections
--------  ----  ----------  ----------   ----------------
.intvecs   0    00000000    000000e4     
                  00000000    000000e4     startup_msp432p401r_ccs.obj (.intvecs:retain)

.binit     0    00000000    00000000     

.text      0    000000e4    0000151a     
                  000000e4    00000630     TExaS.obj (.text)
                  00000714    0000032c     system_msp432p401r.obj (.text)
                  00000a40    000001e0     Clock.obj (.text)
                  00000c20    000001b0     Motor.obj (.text)
                  00000dd0    0000015c     Bump.obj (.text)
                  00000f2c    000000f4     LaunchPad.obj (.text)
                  00001020    000000ec     PWM.obj (.text)
                  0000110c    000000e8     Lab3_Timersmain.obj (.text)
                  000011f4    000000a8     TimerA1.obj (.text)
                  0000129c    0000009c     rtsv7M4_T_le_v4SPD16_eabi.lib : memcpy_t2.obj (.text)
                  00001338    0000007a                                   : memset_t2.obj (.text)
                  000013b2    00000002                                   : mpu_init.obj (.text)
                  000013b4    00000070                                   : autoinit.obj (.text)
                  00001424    00000068                                   : copy_decompress_lzss.obj (.text:decompress:lzss)
                  0000148c    00000054                                   : boot.obj (.text)
                  000014e0    00000054                                   : exit.obj (.text)
                  00001534    0000004c                                   : cpy_tbl.obj (.text)
                  00001580    00000024     CortexM.obj (.text)
                  000015a4    00000018     rtsv7M4_T_le_v4SPD16_eabi.lib : args_main.obj (.text)
                  000015bc    00000014                                   : _lock.obj (.text)
                  000015d0    0000000e                                   : copy_decompress_none.obj (.text:decompress:none)
                  000015de    0000000e     startup_msp432p401r_ccs.obj (.text)
                  000015ec    0000000c     rtsv7M4_T_le_v4SPD16_eabi.lib : copy_zero_init.obj (.text:decompress:ZI)
                  000015f8    00000004                                   : pre_init.obj (.text)
                  000015fc    00000002                                   : startup.obj (.text)

.cinit     0    00001600    00000040     
                  00001600    00000017     (.cinit..data.load) [load image, compression = lzss]
                  00001617    00000001     --HOLE-- [fill = 0]
                  00001618    0000000c     (__TI_handler_table)
                  00001624    00000004     --HOLE-- [fill = 0]
                  00001628    00000008     (.cinit..bss.load) [load image, compression = zero_init]
                  00001630    00000010     (__TI_cinit_table)

.init_array 
*          0    00000000    00000000     UNINITIALIZED

.data      0    20000000    00000040     UNINITIALIZED
                  20000000    00000018     Clock.obj (.data)
                  20000018    0000000c     rtsv7M4_T_le_v4SPD16_eabi.lib : exit.obj (.data:$O1$$)
                  20000024    0000000c     TExaS.obj (.data)
                  20000030    00000008     rtsv7M4_T_le_v4SPD16_eabi.lib : _lock.obj (.data:$O1$$)
                  20000038    00000004                                   : stkdepth_vars.obj (.data)
                  2000003c    00000004     system_msp432p401r.obj (.data)

.bss       0    20000040    0000000e     UNINITIALIZED
                  20000040    00000004     (.common:PeriodicTask2)
                  20000044    00000004     (.common:Port4Task)
                  20000048    00000004     (.common:TimerA1Task)
                  2000004c    00000001     (.common:LogicData)
                  2000004d    00000001     (.common:bumpState)

.stack     0    2000fe00    00000200     UNINITIALIZED
                  2000fe00    00000200     --HOLE--

MODULE SUMMARY

       Module                        code   ro data   rw data
       ------                        ----   -------   -------
    .\
       TExaS.obj                     1584   0         34     
       system_msp432p401r.obj        812    0         8      
       Clock.obj                     480    0         48     
       Motor.obj                     432    0         0      
       Bump.obj                      348    0         8      
       LaunchPad.obj                 244    0         0      
       startup_msp432p401r_ccs.obj   14     228       0      
       PWM.obj                       236    0         0      
       Lab3_Timersmain.obj           232    0         2      
       TimerA1.obj                   168    0         8      
       CortexM.obj                   36     0         0      
    +--+-----------------------------+------+---------+---------+
       Total:                        4586   228       108    
                                                             
    C:\ti\ccsv7\tools\compiler\ti-cgt-arm_16.9.6.LTS\lib\rtsv7M4_T_le_v4SPD16_eabi.lib
       memcpy_t2.obj                 156    0         0      
       memset_t2.obj                 122    0         0      
       autoinit.obj                  112    0         0      
       exit.obj                      84     0         24     
       copy_decompress_lzss.obj      104    0         0      
       boot.obj                      84     0         0      
       cpy_tbl.obj                   76     0         0      
       _lock.obj                     20     0         16     
       args_main.obj                 24     0         0      
       copy_decompress_none.obj      14     0         0      
       copy_zero_init.obj            12     0         0      
       stkdepth_vars.obj             0      0         8      
       pre_init.obj                  4      0         0      
       mpu_init.obj                  2      0         0      
       startup.obj                   2      0         0      
    +--+-----------------------------+------+---------+---------+
       Total:                        816    0         48     
                                                             
       Stack:                        0      0         1024   
       Linker Generated:             0      59        0      
    +--+-----------------------------+------+---------+---------+
       Grand Total:                  5402   287       1180   


LINKER GENERATED COPY TABLES

__TI_cinit_table @ 00001630 records: 2, size/record: 8, table size: 16
	.data: load addr=00001600, load size=00000017 bytes, run addr=20000000, run size=00000040 bytes, compression=lzss
	.bss: load addr=00001628, load size=00000008 bytes, run addr=20000040, run size=0000000e bytes, compression=zero_init


LINKER GENERATED HANDLER TABLE

__TI_handler_table @ 00001618 records: 3, size/record: 4, table size: 12
	index: 0, handler: __TI_decompress_lzss
	index: 1, handler: __TI_decompress_none
	index: 2, handler: __TI_zero_init


GLOBAL SYMBOLS: SORTED ALPHABETICALLY BY Name 

address   name                           
-------   ----                           
000015eb  ADC14_IRQHandler               
00000475  ADC_Init                       
000015eb  AES256_IRQHandler              
00000dd1  Bump_Init                      
00000e47  Bump_Read                      
000015eb  BusFault_Handler               
000014e1  C$$EXIT                        
000015eb  COMP_E0_IRQHandler             
000015eb  COMP_E1_IRQHandler             
20000008  CPMwait                        
000015eb  CS_IRQHandler                  
20000000  ClockFrequency                 
00000b95  Clock_Delay1ms                 
00000b6b  Clock_Delay1us                 
00000b57  Clock_GetFreq                  
00000a41  Clock_Init48MHz                
20000014  Crystalstable                  
000015eb  DMA_ERR_IRQHandler             
000015eb  DMA_INT0_IRQHandler            
000015eb  DMA_INT1_IRQHandler            
000015eb  DMA_INT2_IRQHandler            
000015eb  DMA_INT3_IRQHandler            
000015eb  DebugMon_Handler               
000015eb  Default_Handler                
00001581  DisableInterrupts              
000015eb  EUSCIA0_IRQHandler             
000015eb  EUSCIA1_IRQHandler             
000015eb  EUSCIA2_IRQHandler             
000015eb  EUSCIA3_IRQHandler             
000015eb  EUSCIB0_IRQHandler             
000015eb  EUSCIB1_IRQHandler             
000015eb  EUSCIB2_IRQHandler             
000015eb  EUSCIB3_IRQHandler             
00001587  EnableInterrupts               
00001597  EndCritical                    
000015eb  FLCTL_IRQHandler               
000015eb  FPU_IRQHandler                 
000015eb  HardFault_Handler              
20000010  IFlags                         
00000f2d  LaunchPad_Init                 
00000f9d  LaunchPad_Input                
00000fb7  LaunchPad_LED                  
00000fd5  LaunchPad_Output               
000000e5  LogicAnalyzer                  
000000ef  LogicAnalyzer_P1               
000001c5  LogicAnalyzer_P10              
000000fd  LogicAnalyzer_P2               
0000010b  LogicAnalyzer_P2_7654          
0000011b  LogicAnalyzer_P3               
00000129  LogicAnalyzer_P4               
00000147  LogicAnalyzer_P4_765320        
00000137  LogicAnalyzer_P4_765432        
0000017f  LogicAnalyzer_P5               
0000018d  LogicAnalyzer_P6               
0000019b  LogicAnalyzer_P7               
000001a9  LogicAnalyzer_P8               
000001b7  LogicAnalyzer_P9               
2000004c  LogicData                      
000015eb  MemManage_Handler              
00000d71  Motor_Backward                 
00000ccd  Motor_Forward                  
00000c21  Motor_Init                     
00000d37  Motor_Left                     
00000cfd  Motor_Right                    
00000ca9  Motor_Stop                     
000015eb  NMI_Handler                    
000015eb  PCM_IRQHandler                 
000015eb  PORT1_IRQHandler               
000015eb  PORT2_IRQHandler               
000015eb  PORT3_IRQHandler               
00000ec7  PORT4_IRQHandler               
00000ec7  PORT4_IRQHandler               
000015eb  PORT5_IRQHandler               
000015eb  PORT6_IRQHandler               
000015eb  PSS_IRQHandler                 
000010a5  PWM_Duty3                      
000010c5  PWM_Duty4                      
00001021  PWM_Init34                     
000015eb  PendSV_Handler                 
20000040  PeriodicTask2                  
00000257  PeriodicTask2_Init             
000002d1  PeriodicTask2_Stop             
20000044  Port4Task                      
2000000c  Postwait                       
20000004  Prewait                        
000015eb  RTC_C_IRQHandler               
000015df  Reset_Handler                  
UNDEFED   SHT$$INIT_ARRAY$$Base          
UNDEFED   SHT$$INIT_ARRAY$$Limit         
000015eb  SVC_Handler                    
000001d3  Scope                          
0000158d  StartCritical                  
000015eb  SysTick_Handler                
2000003c  SystemCoreClock                
00000715  SystemCoreClockUpdate          
00000989  SystemInit                     
000002c1  T32_INT1_IRQHandler            
000002c1  T32_INT1_IRQHandler            
000015eb  T32_INT2_IRQHandler            
000015eb  T32_INTC_IRQHandler            
000015eb  TA0_0_IRQHandler               
000015eb  TA0_N_IRQHandler               
00001267  TA1_0_IRQHandler               
00001267  TA1_0_IRQHandler               
000015eb  TA1_N_IRQHandler               
000015eb  TA2_0_IRQHandler               
000015eb  TA2_N_IRQHandler               
000015eb  TA3_0_IRQHandler               
000015eb  TA3_N_IRQHandler               
00000413  TExaS_Clear0                   
0000041f  TExaS_Clear1                   
0000042b  TExaS_Clear2                   
00000437  TExaS_Clear3                   
00000443  TExaS_Clear4                   
00000445  TExaS_Clear5                   
00000451  TExaS_Clear6                   
00000551  TExaS_Init                     
20000028  TExaS_ScopeErrConflict         
20000024  TExaS_ScopeErrLostData         
2000002c  TExaS_ScopeWrnReconfig         
000003b1  TExaS_Set                      
000003c9  TExaS_Set0                     
000003d5  TExaS_Set1                     
000003e1  TExaS_Set2                     
000003ed  TExaS_Set3                     
000003f9  TExaS_Set4                     
000003fb  TExaS_Set5                     
00000407  TExaS_Set6                     
000006b1  TExaS_Stop                     
00000367  TExaS_Task0                    
00000373  TExaS_Task1                    
0000037f  TExaS_Task2                    
0000038b  TExaS_Task3                    
00000397  TExaS_Task4                    
00000399  TExaS_Task5                    
000003a5  TExaS_Task6                    
0000112d  Task                           
0000110d  TimedPause                     
20000048  TimerA1Task                    
000011f5  TimerA1_Init                   
00001253  TimerA1_Stop                   
0000033b  UART_InChar                    
000002e1  UART_Init                      
0000034b  UART_OutChar                   
000015eb  UsageFault_Handler             
4000480c  WDTCTL_SYM                     
000015eb  WDT_A_IRQHandler               
0000159f  WaitForInterrupt               
20010000  __STACK_END                    
00000200  __STACK_SIZE                   
00001630  __TI_CINIT_Base                
00001640  __TI_CINIT_Limit               
00001618  __TI_Handler_Table_Base        
00001624  __TI_Handler_Table_Limit       
000013b5  __TI_auto_init                 
20000018  __TI_cleanup_ptr               
00001425  __TI_decompress_lzss           
000015d1  __TI_decompress_none           
2000001c  __TI_dtors_ptr                 
20000020  __TI_enable_exit_profile_output
ffffffff  __TI_pprof_out_hndl            
ffffffff  __TI_prof_data_size            
ffffffff  __TI_prof_data_start           
00000000  __TI_static_base__             
000015ed  __TI_zero_init                 
00001339  __aeabi_memclr                 
00001339  __aeabi_memclr4                
00001339  __aeabi_memclr8                
0000129d  __aeabi_memcpy                 
0000129d  __aeabi_memcpy4                
0000129d  __aeabi_memcpy8                
0000133b  __aeabi_memset                 
0000133b  __aeabi_memset4                
0000133b  __aeabi_memset8                
ffffffff  __binit__                      
ffffffff  __c_args__                     
000013b3  __mpu_init                     
2000fe00  __stack                        
000015a5  _args_main                     
0000148d  _c_int00                       
20000030  _lock                          
000015cb  _nop                           
000015c3  _register_lock                 
000015bd  _register_unlock               
000015fd  _system_post_cinit             
000015f9  _system_pre_init               
20000034  _unlock                        
000014e5  abort                          
ffffffff  binit                          
2000004d  bumpState                      
00001535  copy_in                        
00000b5d  delay                          
000014ed  exit                           
00000000  interruptVectors               
00001165  main                           
20000038  main_func_sp                   
0000129d  memcpy                         
00001341  memset                         


GLOBAL SYMBOLS: SORTED BY Symbol Address 

address   name                           
-------   ----                           
00000000  __TI_static_base__             
00000000  interruptVectors               
000000e5  LogicAnalyzer                  
000000ef  LogicAnalyzer_P1               
000000fd  LogicAnalyzer_P2               
0000010b  LogicAnalyzer_P2_7654          
0000011b  LogicAnalyzer_P3               
00000129  LogicAnalyzer_P4               
00000137  LogicAnalyzer_P4_765432        
00000147  LogicAnalyzer_P4_765320        
0000017f  LogicAnalyzer_P5               
0000018d  LogicAnalyzer_P6               
0000019b  LogicAnalyzer_P7               
000001a9  LogicAnalyzer_P8               
000001b7  LogicAnalyzer_P9               
000001c5  LogicAnalyzer_P10              
000001d3  Scope                          
00000200  __STACK_SIZE                   
00000257  PeriodicTask2_Init             
000002c1  T32_INT1_IRQHandler            
000002c1  T32_INT1_IRQHandler            
000002d1  PeriodicTask2_Stop             
000002e1  UART_Init                      
0000033b  UART_InChar                    
0000034b  UART_OutChar                   
00000367  TExaS_Task0                    
00000373  TExaS_Task1                    
0000037f  TExaS_Task2                    
0000038b  TExaS_Task3                    
00000397  TExaS_Task4                    
00000399  TExaS_Task5                    
000003a5  TExaS_Task6                    
000003b1  TExaS_Set                      
000003c9  TExaS_Set0                     
000003d5  TExaS_Set1                     
000003e1  TExaS_Set2                     
000003ed  TExaS_Set3                     
000003f9  TExaS_Set4                     
000003fb  TExaS_Set5                     
00000407  TExaS_Set6                     
00000413  TExaS_Clear0                   
0000041f  TExaS_Clear1                   
0000042b  TExaS_Clear2                   
00000437  TExaS_Clear3                   
00000443  TExaS_Clear4                   
00000445  TExaS_Clear5                   
00000451  TExaS_Clear6                   
00000475  ADC_Init                       
00000551  TExaS_Init                     
000006b1  TExaS_Stop                     
00000715  SystemCoreClockUpdate          
00000989  SystemInit                     
00000a41  Clock_Init48MHz                
00000b57  Clock_GetFreq                  
00000b5d  delay                          
00000b6b  Clock_Delay1us                 
00000b95  Clock_Delay1ms                 
00000c21  Motor_Init                     
00000ca9  Motor_Stop                     
00000ccd  Motor_Forward                  
00000cfd  Motor_Right                    
00000d37  Motor_Left                     
00000d71  Motor_Backward                 
00000dd1  Bump_Init                      
00000e47  Bump_Read                      
00000ec7  PORT4_IRQHandler               
00000ec7  PORT4_IRQHandler               
00000f2d  LaunchPad_Init                 
00000f9d  LaunchPad_Input                
00000fb7  LaunchPad_LED                  
00000fd5  LaunchPad_Output               
00001021  PWM_Init34                     
000010a5  PWM_Duty3                      
000010c5  PWM_Duty4                      
0000110d  TimedPause                     
0000112d  Task                           
00001165  main                           
000011f5  TimerA1_Init                   
00001253  TimerA1_Stop                   
00001267  TA1_0_IRQHandler               
00001267  TA1_0_IRQHandler               
0000129d  __aeabi_memcpy                 
0000129d  __aeabi_memcpy4                
0000129d  __aeabi_memcpy8                
0000129d  memcpy                         
00001339  __aeabi_memclr                 
00001339  __aeabi_memclr4                
00001339  __aeabi_memclr8                
0000133b  __aeabi_memset                 
0000133b  __aeabi_memset4                
0000133b  __aeabi_memset8                
00001341  memset                         
000013b3  __mpu_init                     
000013b5  __TI_auto_init                 
00001425  __TI_decompress_lzss           
0000148d  _c_int00                       
000014e1  C$$EXIT                        
000014e5  abort                          
000014ed  exit                           
00001535  copy_in                        
00001581  DisableInterrupts              
00001587  EnableInterrupts               
0000158d  StartCritical                  
00001597  EndCritical                    
0000159f  WaitForInterrupt               
000015a5  _args_main                     
000015bd  _register_unlock               
000015c3  _register_lock                 
000015cb  _nop                           
000015d1  __TI_decompress_none           
000015df  Reset_Handler                  
000015eb  ADC14_IRQHandler               
000015eb  AES256_IRQHandler              
000015eb  BusFault_Handler               
000015eb  COMP_E0_IRQHandler             
000015eb  COMP_E1_IRQHandler             
000015eb  CS_IRQHandler                  
000015eb  DMA_ERR_IRQHandler             
000015eb  DMA_INT0_IRQHandler            
000015eb  DMA_INT1_IRQHandler            
000015eb  DMA_INT2_IRQHandler            
000015eb  DMA_INT3_IRQHandler            
000015eb  DebugMon_Handler               
000015eb  Default_Handler                
000015eb  EUSCIA0_IRQHandler             
000015eb  EUSCIA1_IRQHandler             
000015eb  EUSCIA2_IRQHandler             
000015eb  EUSCIA3_IRQHandler             
000015eb  EUSCIB0_IRQHandler             
000015eb  EUSCIB1_IRQHandler             
000015eb  EUSCIB2_IRQHandler             
000015eb  EUSCIB3_IRQHandler             
000015eb  FLCTL_IRQHandler               
000015eb  FPU_IRQHandler                 
000015eb  HardFault_Handler              
000015eb  MemManage_Handler              
000015eb  NMI_Handler                    
000015eb  PCM_IRQHandler                 
000015eb  PORT1_IRQHandler               
000015eb  PORT2_IRQHandler               
000015eb  PORT3_IRQHandler               
000015eb  PORT5_IRQHandler               
000015eb  PORT6_IRQHandler               
000015eb  PSS_IRQHandler                 
000015eb  PendSV_Handler                 
000015eb  RTC_C_IRQHandler               
000015eb  SVC_Handler                    
000015eb  SysTick_Handler                
000015eb  T32_INT2_IRQHandler            
000015eb  T32_INTC_IRQHandler            
000015eb  TA0_0_IRQHandler               
000015eb  TA0_N_IRQHandler               
000015eb  TA1_N_IRQHandler               
000015eb  TA2_0_IRQHandler               
000015eb  TA2_N_IRQHandler               
000015eb  TA3_0_IRQHandler               
000015eb  TA3_N_IRQHandler               
000015eb  UsageFault_Handler             
000015eb  WDT_A_IRQHandler               
000015ed  __TI_zero_init                 
000015f9  _system_pre_init               
000015fd  _system_post_cinit             
00001618  __TI_Handler_Table_Base        
00001624  __TI_Handler_Table_Limit       
00001630  __TI_CINIT_Base                
00001640  __TI_CINIT_Limit               
20000000  ClockFrequency                 
20000004  Prewait                        
20000008  CPMwait                        
2000000c  Postwait                       
20000010  IFlags                         
20000014  Crystalstable                  
20000018  __TI_cleanup_ptr               
2000001c  __TI_dtors_ptr                 
20000020  __TI_enable_exit_profile_output
20000024  TExaS_ScopeErrLostData         
20000028  TExaS_ScopeErrConflict         
2000002c  TExaS_ScopeWrnReconfig         
20000030  _lock                          
20000034  _unlock                        
20000038  main_func_sp                   
2000003c  SystemCoreClock                
20000040  PeriodicTask2                  
20000044  Port4Task                      
20000048  TimerA1Task                    
2000004c  LogicData                      
2000004d  bumpState                      
2000fe00  __stack                        
20010000  __STACK_END                    
4000480c  WDTCTL_SYM                     
ffffffff  __TI_pprof_out_hndl            
ffffffff  __TI_prof_data_size            
ffffffff  __TI_prof_data_start           
ffffffff  __binit__                      
ffffffff  __c_args__                     
ffffffff  binit                          
UNDEFED   SHT$$INIT_ARRAY$$Base          
UNDEFED   SHT$$INIT_ARRAY$$Limit         

[198 symbols]
